<html>
<body>
<pre>
<h1>µVision Build Log</h1>
<h2>Tool Versions:</h2>
IDE-Version: ¦ÌVision V5.28.0.0
Copyright (C) 2019 ARM Ltd and ARM Germany GmbH. All rights reserved.
License Information: xiang xu, microsoft, LIC=HN0AE-573VH-74ES0-B0S62-0IQFH-2B58K
 
Tool Versions:
Toolchain:       MDK-ARM Plus  Version: 5.28.0.0
Toolchain Path:  C:\Keil_v5\ARM\ARMCC\Bin
C Compiler:      Armcc.exe V5.06 update 6 (build 750)
Assembler:       Armasm.exe V5.06 update 6 (build 750)
Linker/Locator:  ArmLink.exe V5.06 update 6 (build 750)
Library Manager: ArmAr.exe V5.06 update 6 (build 750)
Hex Converter:   FromElf.exe V5.06 update 6 (build 750)
CPU DLL:         SARMCM3.DLL V5.28.0.0
Dialog DLL:      DCM.DLL V1.17.3.0
Target DLL:      CMSIS_AGDI.dll V1.31.18.0
Dialog DLL:      TCM.DLL V1.36.2.0
 
<h2>Project:</h2>
D:\Jobs\keil5\SRAM-PUF-implementing\Template.uvprojx
Project File Date:  06/17/2024

<h2>Output:</h2>
*** Using Compiler 'V5.06 update 6 (build 750)', folder: 'C:\Keil_v5\ARM\ARMCC\Bin'
Build target 'Target 1'
compiling sram.c...
linking...
Program Size: Code=11704 RO-data=2584 RW-data=44 ZI-data=1540  
FromELF: creating hex file...
".\Obj\Template.axf" - 0 Error(s), 0 Warning(s).

<h2>Software Packages used:</h2>

Package Vendor: Keil
                https://www.keil.com/pack/Keil.STM32F4xx_DFP.2.17.1.pack
                Keil.STM32F4xx_DFP.2.17.1
                STMicroelectronics STM32F4 Series Device Support, Drivers and Examples

<h2>Collection of Component include folders:</h2>
  .\RTE\_Target_1
  C:\Users\54012\AppData\Local\Arm\Packs\Keil\STM32F4xx_DFP\2.17.1\Drivers\CMSIS\Device\ST\STM32F4xx\Include

<h2>Collection of Component Files used:</h2>
Build Time Elapsed:  00:00:01
</pre>
</body>
</html>
