Component: ARM Compiler 5.06 update 6 (build 750) Tool: armlink [4d35ed]

==============================================================================

Section Cross References

    main.o(i.ExSRAM_Cap_Test) refers to oled.o(i.OLED_ShowString) for OLED_ShowString
    main.o(i.ExSRAM_Cap_Test) refers to sram.o(i.FSMC_SRAM_ReadBuffer) for FSMC_SRAM_ReadBuffer
    main.o(i.ExSRAM_Cap_Test) refers to printf8.o(i.__0sprintf$8) for __2sprintf
    main.o(i.System_Init) refers to systick.o(i.SysTick_Init) for SysTick_Init
    main.o(i.System_Init) refers to misc.o(i.NVIC_PriorityGroupConfig) for NVIC_PriorityGroupConfig
    main.o(i.System_Init) refers to led.o(i.LED_Init) for LED_Init
    main.o(i.System_Init) refers to usart.o(i.USART1_Init) for USART1_Init
    main.o(i.System_Init) refers to key.o(i.KEY_Init) for KEY_Init
    main.o(i.System_Init) refers to oled.o(i.OLED_Init) for OLED_Init
    main.o(i.System_Init) refers to exti.o(i.My_EXTI_Init) for My_EXTI_Init
    main.o(i.System_Init) refers to rng.o(i.RNG_Init) for RNG_Init
    main.o(i.System_Init) refers to oled.o(i.OLED_ShowString) for OLED_ShowString
    main.o(i.System_Init) refers to sram.o(i.FSMC_SRAM_Init) for FSMC_SRAM_Init
    main.o(i.System_Init) refers to main.o(i.ExSRAM_Cap_Test) for ExSRAM_Cap_Test
    main.o(i.main) refers to main.o(i.System_Init) for System_Init
    main.o(i.main) refers to main.o(i.calculate_length) for calculate_length
    main.o(i.main) refers to hash.o(i.HASH_SHA256) for HASH_SHA256
    main.o(i.main) refers to printf8.o(i.__0printf$8) for __2printf
    main.o(i.main) refers to systick.o(i.delay_ms) for delay_ms
    startup_stm32f40_41xxx.o(RESET) refers to startup_stm32f40_41xxx.o(STACK) for __initial_sp
    startup_stm32f40_41xxx.o(RESET) refers to startup_stm32f40_41xxx.o(.text) for Reset_Handler
    startup_stm32f40_41xxx.o(RESET) refers to stm32f4xx_it.o(i.NMI_Handler) for NMI_Handler
    startup_stm32f40_41xxx.o(RESET) refers to stm32f4xx_it.o(i.HardFault_Handler) for HardFault_Handler
    startup_stm32f40_41xxx.o(RESET) refers to stm32f4xx_it.o(i.MemManage_Handler) for MemManage_Handler
    startup_stm32f40_41xxx.o(RESET) refers to stm32f4xx_it.o(i.BusFault_Handler) for BusFault_Handler
    startup_stm32f40_41xxx.o(RESET) refers to stm32f4xx_it.o(i.UsageFault_Handler) for UsageFault_Handler
    startup_stm32f40_41xxx.o(RESET) refers to stm32f4xx_it.o(i.SVC_Handler) for SVC_Handler
    startup_stm32f40_41xxx.o(RESET) refers to stm32f4xx_it.o(i.DebugMon_Handler) for DebugMon_Handler
    startup_stm32f40_41xxx.o(RESET) refers to stm32f4xx_it.o(i.PendSV_Handler) for PendSV_Handler
    startup_stm32f40_41xxx.o(RESET) refers to stm32f4xx_it.o(i.SysTick_Handler) for SysTick_Handler
    startup_stm32f40_41xxx.o(RESET) refers to exti.o(i.EXTI0_IRQHandler) for EXTI0_IRQHandler
    startup_stm32f40_41xxx.o(RESET) refers to exti.o(i.EXTI3_IRQHandler) for EXTI3_IRQHandler
    startup_stm32f40_41xxx.o(RESET) refers to usart.o(i.USART1_IRQHandler) for USART1_IRQHandler
    startup_stm32f40_41xxx.o(.text) refers to system_stm32f4xx.o(i.SystemInit) for SystemInit
    startup_stm32f40_41xxx.o(.text) refers to entry.o(.ARM.Collect$$$$00000000) for __main
    stm32f4xx_gpio.o(i.GPIO_DeInit) refers to stm32f4xx_rcc.o(i.RCC_AHB1PeriphResetCmd) for RCC_AHB1PeriphResetCmd
    stm32f4xx_rcc.o(i.RCC_GetClocksFreq) refers to stm32f4xx_rcc.o(.data) for APBAHBPrescTable
    stm32f4xx_rcc.o(i.RCC_WaitForHSEStartUp) refers to stm32f4xx_rcc.o(i.RCC_GetFlagStatus) for RCC_GetFlagStatus
    stm32f4xx_syscfg.o(i.SYSCFG_DeInit) refers to stm32f4xx_rcc.o(i.RCC_APB2PeriphResetCmd) for RCC_APB2PeriphResetCmd
    stm32f4xx_tim.o(i.TIM_DeInit) refers to stm32f4xx_rcc.o(i.RCC_APB2PeriphResetCmd) for RCC_APB2PeriphResetCmd
    stm32f4xx_tim.o(i.TIM_DeInit) refers to stm32f4xx_rcc.o(i.RCC_APB1PeriphResetCmd) for RCC_APB1PeriphResetCmd
    stm32f4xx_tim.o(i.TIM_ETRClockMode1Config) refers to stm32f4xx_tim.o(i.TIM_ETRConfig) for TIM_ETRConfig
    stm32f4xx_tim.o(i.TIM_ETRClockMode2Config) refers to stm32f4xx_tim.o(i.TIM_ETRConfig) for TIM_ETRConfig
    stm32f4xx_tim.o(i.TIM_ICInit) refers to stm32f4xx_tim.o(i.TI1_Config) for TI1_Config
    stm32f4xx_tim.o(i.TIM_ICInit) refers to stm32f4xx_tim.o(i.TIM_SetIC1Prescaler) for TIM_SetIC1Prescaler
    stm32f4xx_tim.o(i.TIM_ICInit) refers to stm32f4xx_tim.o(i.TI2_Config) for TI2_Config
    stm32f4xx_tim.o(i.TIM_ICInit) refers to stm32f4xx_tim.o(i.TIM_SetIC2Prescaler) for TIM_SetIC2Prescaler
    stm32f4xx_tim.o(i.TIM_ICInit) refers to stm32f4xx_tim.o(i.TI3_Config) for TI3_Config
    stm32f4xx_tim.o(i.TIM_ICInit) refers to stm32f4xx_tim.o(i.TIM_SetIC3Prescaler) for TIM_SetIC3Prescaler
    stm32f4xx_tim.o(i.TIM_ICInit) refers to stm32f4xx_tim.o(i.TI4_Config) for TI4_Config
    stm32f4xx_tim.o(i.TIM_ICInit) refers to stm32f4xx_tim.o(i.TIM_SetIC4Prescaler) for TIM_SetIC4Prescaler
    stm32f4xx_tim.o(i.TIM_ITRxExternalClockConfig) refers to stm32f4xx_tim.o(i.TIM_SelectInputTrigger) for TIM_SelectInputTrigger
[...]
    Removing stm32f4xx_rtc.o(i.RTC_DayLightSavingConfig), (56 bytes).
    Removing stm32f4xx_rtc.o(i.RTC_DeInit), (212 bytes).
    Removing stm32f4xx_rtc.o(i.RTC_EnterInitMode), (80 bytes).
    Removing stm32f4xx_rtc.o(i.RTC_ExitInitMode), (20 bytes).
    Removing stm32f4xx_rtc.o(i.RTC_GetAlarm), (116 bytes).
    Removing stm32f4xx_rtc.o(i.RTC_GetAlarmSubSecond), (36 bytes).
    Removing stm32f4xx_rtc.o(i.RTC_GetDate), (76 bytes).
    Removing stm32f4xx_rtc.o(i.RTC_GetFlagStatus), (40 bytes).
    Removing stm32f4xx_rtc.o(i.RTC_GetITStatus), (64 bytes).
    Removing stm32f4xx_rtc.o(i.RTC_GetStoreOperation), (16 bytes).
    Removing stm32f4xx_rtc.o(i.RTC_GetSubSecond), (20 bytes).
    Removing stm32f4xx_rtc.o(i.RTC_GetTime), (80 bytes).
    Removing stm32f4xx_rtc.o(i.RTC_GetTimeStamp), (156 bytes).
    Removing stm32f4xx_rtc.o(i.RTC_GetTimeStampSubSecond), (12 bytes).
    Removing stm32f4xx_rtc.o(i.RTC_GetWakeUpCounter), (12 bytes).
    Removing stm32f4xx_rtc.o(i.RTC_ITConfig), (100 bytes).
    Removing stm32f4xx_rtc.o(i.RTC_Init), (100 bytes).
    Removing stm32f4xx_rtc.o(i.RTC_OutputConfig), (56 bytes).
    Removing stm32f4xx_rtc.o(i.RTC_OutputTypeConfig), (28 bytes).
    Removing stm32f4xx_rtc.o(i.RTC_ReadBackupRegister), (32 bytes).
    Removing stm32f4xx_rtc.o(i.RTC_RefClockCmd), (80 bytes).
    Removing stm32f4xx_rtc.o(i.RTC_SetAlarm), (236 bytes).
    Removing stm32f4xx_rtc.o(i.RTC_SetDate), (200 bytes).
    Removing stm32f4xx_rtc.o(i.RTC_SetTime), (208 bytes).
    Removing stm32f4xx_rtc.o(i.RTC_SetWakeUpCounter), (28 bytes).
    Removing stm32f4xx_rtc.o(i.RTC_SmoothCalibConfig), (96 bytes).
    Removing stm32f4xx_rtc.o(i.RTC_StructInit), (14 bytes).
    Removing stm32f4xx_rtc.o(i.RTC_SynchroShiftConfig), (124 bytes).
    Removing stm32f4xx_rtc.o(i.RTC_TamperCmd), (32 bytes).
    Removing stm32f4xx_rtc.o(i.RTC_TamperFilterConfig), (28 bytes).
    Removing stm32f4xx_rtc.o(i.RTC_TamperPinSelection), (28 bytes).
    Removing stm32f4xx_rtc.o(i.RTC_TamperPinsPrechargeDuration), (28 bytes).
    Removing stm32f4xx_rtc.o(i.RTC_TamperPullUpCmd), (36 bytes).
    Removing stm32f4xx_rtc.o(i.RTC_TamperSamplingFreqConfig), (28 bytes).
    Removing stm32f4xx_rtc.o(i.RTC_TamperTriggerConfig), (36 bytes).
    Removing stm32f4xx_rtc.o(i.RTC_TimeStampCmd), (56 bytes).
    Removing stm32f4xx_rtc.o(i.RTC_TimeStampOnTamperDetectionCmd), (36 bytes).
    Removing stm32f4xx_rtc.o(i.RTC_TimeStampPinSelection), (28 bytes).
    Removing stm32f4xx_rtc.o(i.RTC_TimeStructInit), (12 bytes).
    Removing stm32f4xx_rtc.o(i.RTC_WaitForSynchro), (96 bytes).
    Removing stm32f4xx_rtc.o(i.RTC_WakeUpClockConfig), (48 bytes).
    Removing stm32f4xx_rtc.o(i.RTC_WakeUpCmd), (120 bytes).
    Removing stm32f4xx_rtc.o(i.RTC_WriteBackupRegister), (28 bytes).
    Removing stm32f4xx_rtc.o(i.RTC_WriteProtectionCmd), (28 bytes).
    Removing stm32f4xx_can.o(.rev16_text), (4 bytes).
    Removing stm32f4xx_can.o(.revsh_text), (4 bytes).
    Removing stm32f4xx_can.o(.rrx_text), (6 bytes).
    Removing stm32f4xx_can.o(i.CAN_CancelTransmit), (48 bytes).
    Removing stm32f4xx_can.o(i.CAN_ClearFlag), (56 bytes).
    Removing stm32f4xx_can.o(i.CAN_ClearITPendingBit), (168 bytes).
    Removing stm32f4xx_can.o(i.CAN_DBGFreeze), (22 bytes).
    Removing stm32f4xx_can.o(i.CAN_DeInit), (56 bytes).
    Removing stm32f4xx_can.o(i.CAN_FIFORelease), (22 bytes).
    Removing stm32f4xx_can.o(i.CAN_FilterInit), (264 bytes).
    Removing stm32f4xx_can.o(i.CAN_GetFlagStatus), (120 bytes).
    Removing stm32f4xx_can.o(i.CAN_GetITStatus), (288 bytes).
    Removing stm32f4xx_can.o(i.CAN_GetLSBTransmitErrorCounter), (12 bytes).
    Removing stm32f4xx_can.o(i.CAN_GetLastErrorCode), (12 bytes).
    Removing stm32f4xx_can.o(i.CAN_GetReceiveErrorCounter), (10 bytes).
    Removing stm32f4xx_can.o(i.CAN_ITConfig), (18 bytes).
    Removing stm32f4xx_can.o(i.CAN_Init), (276 bytes).
    Removing stm32f4xx_can.o(i.CAN_MessagePending), (30 bytes).
    Removing stm32f4xx_can.o(i.CAN_OperatingModeRequest), (162 bytes).
    Removing stm32f4xx_can.o(i.CAN_Receive), (240 bytes).
    Removing stm32f4xx_can.o(i.CAN_SlaveStartBank), (52 bytes).
    Removing stm32f4xx_can.o(i.CAN_Sleep), (30 bytes).
    Removing stm32f4xx_can.o(i.CAN_StructInit), (32 bytes).
    Removing stm32f4xx_can.o(i.CAN_TTComModeCmd), (118 bytes).
    Removing stm32f4xx_can.o(i.CAN_Transmit), (294 bytes).
    Removing stm32f4xx_can.o(i.CAN_TransmitStatus), (160 bytes).
    Removing stm32f4xx_can.o(i.CAN_WakeUp), (48 bytes).
    Removing stm32f4xx_can.o(i.CheckITStatus), (18 bytes).
    Removing stm32f4xx_fsmc.o(.rev16_text), (4 bytes).
    Removing stm32f4xx_fsmc.o(.revsh_text), (4 bytes).
    Removing stm32f4xx_fsmc.o(.rrx_text), (6 bytes).
    Removing stm32f4xx_fsmc.o(i.FSMC_ClearFlag), (64 bytes).
    Removing stm32f4xx_fsmc.o(i.FSMC_ClearITPendingBit), (72 bytes).
    Removing stm32f4xx_fsmc.o(i.FSMC_GetECC), (28 bytes).
    Removing stm32f4xx_fsmc.o(i.FSMC_GetFlagStatus), (56 bytes).
    Removing stm32f4xx_fsmc.o(i.FSMC_GetITStatus), (68 bytes).
    Removing stm32f4xx_fsmc.o(i.FSMC_ITConfig), (128 bytes).
    Removing stm32f4xx_fsmc.o(i.FSMC_NANDCmd), (92 bytes).
    Removing stm32f4xx_fsmc.o(i.FSMC_NANDDeInit), (68 bytes).
    Removing stm32f4xx_fsmc.o(i.FSMC_NANDECCCmd), (92 bytes).
    Removing stm32f4xx_fsmc.o(i.FSMC_NANDInit), (212 bytes).
    Removing stm32f4xx_fsmc.o(i.FSMC_NANDStructInit), (54 bytes).
    Removing stm32f4xx_fsmc.o(i.FSMC_NORSRAMDeInit), (54 bytes).
    Removing stm32f4xx_fsmc.o(i.FSMC_NORSRAMStructInit), (52 bytes).
    Removing stm32f4xx_fsmc.o(i.FSMC_PCCARDCmd), (48 bytes).
    Removing stm32f4xx_fsmc.o(i.FSMC_PCCARDDeInit), (40 bytes).
    Removing stm32f4xx_fsmc.o(i.FSMC_PCCARDInit), (196 bytes).
    Removing stm32f4xx_fsmc.o(i.FSMC_PCCARDStructInit), (60 bytes).
    Removing stm32f4xx_fsmc.o(.constdata), (28 bytes).
    Removing stm32f4xx_spi.o(.rev16_text), (4 bytes).
    Removing stm32f4xx_spi.o(.revsh_text), (4 bytes).
    Removing stm32f4xx_spi.o(.rrx_text), (6 bytes).
    Removing stm32f4xx_spi.o(i.I2S_Cmd), (24 bytes).
    Removing stm32f4xx_spi.o(i.I2S_FullDuplexConfig), (80 bytes).
    Removing stm32f4xx_spi.o(i.I2S_Init), (408 bytes).
    Removing stm32f4xx_spi.o(i.I2S_StructInit), (20 bytes).
    Removing stm32f4xx_spi.o(i.SPI_BiDirectionalLineConfig), (28 bytes).
    Removing stm32f4xx_spi.o(i.SPI_CalculateCRC), (24 bytes).
    Removing stm32f4xx_spi.o(i.SPI_Cmd), (24 bytes).
    Removing stm32f4xx_spi.o(i.SPI_DataSizeConfig), (18 bytes).
    Removing stm32f4xx_spi.o(i.SPI_GetCRC), (16 bytes).
    Removing stm32f4xx_spi.o(i.SPI_GetCRCPolynomial), (6 bytes).
    Removing stm32f4xx_spi.o(i.SPI_I2S_ClearFlag), (6 bytes).
    Removing stm32f4xx_spi.o(i.SPI_I2S_ClearITPendingBit), (20 bytes).
    Removing stm32f4xx_spi.o(i.SPI_I2S_DMACmd), (18 bytes).
    Removing stm32f4xx_spi.o(i.SPI_I2S_DeInit), (176 bytes).
    Removing stm32f4xx_spi.o(i.SPI_I2S_GetFlagStatus), (18 bytes).
    Removing stm32f4xx_spi.o(i.SPI_I2S_GetITStatus), (52 bytes).
    Removing stm32f4xx_spi.o(i.SPI_I2S_ITConfig), (32 bytes).
    Removing stm32f4xx_spi.o(i.SPI_I2S_ReceiveData), (6 bytes).
    Removing stm32f4xx_spi.o(i.SPI_I2S_SendData), (4 bytes).
    Removing stm32f4xx_spi.o(i.SPI_Init), (60 bytes).
    Removing stm32f4xx_spi.o(i.SPI_NSSInternalSoftwareConfig), (30 bytes).
    Removing stm32f4xx_spi.o(i.SPI_SSOutputCmd), (24 bytes).
    Removing stm32f4xx_spi.o(i.SPI_StructInit), (24 bytes).
    Removing stm32f4xx_spi.o(i.SPI_TIModeCmd), (24 bytes).
    Removing stm32f4xx_spi.o(i.SPI_TransmitCRC), (10 bytes).
    Removing stm32f4xx_flash.o(.rev16_text), (4 bytes).
    Removing stm32f4xx_flash.o(.revsh_text), (4 bytes).
    Removing stm32f4xx_flash.o(.rrx_text), (6 bytes).
    Removing stm32f4xx_flash.o(i.FLASH_ClearFlag), (12 bytes).
    Removing stm32f4xx_flash.o(i.FLASH_DataCacheReset), (20 bytes).
    Removing stm32f4xx_flash.o(i.FLASH_EraseAllBank1Sectors), (108 bytes).
    Removing stm32f4xx_flash.o(i.FLASH_EraseAllBank2Sectors), (108 bytes).
    Removing stm32f4xx_flash.o(i.FLASH_EraseAllSectors), (108 bytes).
    Removing stm32f4xx_flash.o(i.FLASH_GetFlagStatus), (24 bytes).
    Removing stm32f4xx_flash.o(i.FLASH_ITConfig), (32 bytes).
    Removing stm32f4xx_flash.o(i.FLASH_InstructionCacheCmd), (36 bytes).
    Removing stm32f4xx_flash.o(i.FLASH_InstructionCacheReset), (20 bytes).
    Removing stm32f4xx_flash.o(i.FLASH_OB_BORConfig), (28 bytes).
    Removing stm32f4xx_flash.o(i.FLASH_OB_BootConfig), (28 bytes).
    Removing stm32f4xx_flash.o(i.FLASH_OB_GetBOR), (16 bytes).
    Removing stm32f4xx_flash.o(i.FLASH_OB_GetPCROP), (12 bytes).
    Removing stm32f4xx_flash.o(i.FLASH_OB_GetPCROP1), (12 bytes).
    Removing stm32f4xx_flash.o(i.FLASH_OB_GetRDP), (24 bytes).
    Removing stm32f4xx_flash.o(i.FLASH_OB_GetUser), (16 bytes).
    Removing stm32f4xx_flash.o(i.FLASH_OB_GetWRP), (12 bytes).
    Removing stm32f4xx_flash.o(i.FLASH_OB_GetWRP1), (12 bytes).
    Removing stm32f4xx_flash.o(i.FLASH_OB_Launch), (32 bytes).
    Removing stm32f4xx_flash.o(i.FLASH_OB_Lock), (20 bytes).
    Removing stm32f4xx_flash.o(i.FLASH_OB_PCROP1Config), (52 bytes).
    Removing stm32f4xx_flash.o(i.FLASH_OB_PCROPConfig), (52 bytes).
    Removing stm32f4xx_flash.o(i.FLASH_OB_PCROPSelectionConfig), (24 bytes).
    Removing stm32f4xx_flash.o(i.FLASH_OB_RDPConfig), (28 bytes).
    Removing stm32f4xx_flash.o(i.FLASH_OB_Unlock), (36 bytes).
    Removing stm32f4xx_flash.o(i.FLASH_OB_UserConfig), (48 bytes).
    Removing stm32f4xx_flash.o(i.FLASH_OB_WRP1Config), (52 bytes).
    Removing stm32f4xx_flash.o(i.FLASH_OB_WRPConfig), (52 bytes).
    Removing stm32f4xx_flash.o(i.FLASH_PrefetchBufferCmd), (36 bytes).
    Removing stm32f4xx_flash.o(i.FLASH_ProgramByte), (76 bytes).
    Removing stm32f4xx_flash.o(i.FLASH_ProgramDoubleWord), (84 bytes).
    Removing stm32f4xx_flash.o(i.FLASH_ProgramHalfWord), (80 bytes).
    Removing stm32f4xx_flash.o(i.FLASH_SetLatency), (12 bytes).
    Removing stm32f4xx_hash.o(.rev16_text), (4 bytes).
    Removing stm32f4xx_hash.o(.revsh_text), (4 bytes).
    Removing stm32f4xx_hash.o(.rrx_text), (6 bytes).
    Removing stm32f4xx_hash.o(i.HASH_AutoStartDigest), (36 bytes).
    Removing stm32f4xx_hash.o(i.HASH_ClearFlag), (12 bytes).
    Removing stm32f4xx_hash.o(i.HASH_ClearITPendingBit), (12 bytes).
    Removing stm32f4xx_hash.o(i.HASH_DMACmd), (36 bytes).
    Removing stm32f4xx_hash.o(i.HASH_GetITStatus), (32 bytes).
    Removing stm32f4xx_hash.o(i.HASH_GetInFIFOWordsNbr), (16 bytes).
    Removing stm32f4xx_hash.o(i.HASH_ITConfig), (32 bytes).
    Removing stm32f4xx_hash.o(i.HASH_RestoreContext), (68 bytes).
    Removing stm32f4xx_hash.o(i.HASH_SaveContext), (60 bytes).
    Removing stm32f4xx_hash.o(i.HASH_SetLastWordValidBitsNbr), (28 bytes).
    Removing stm32f4xx_hash.o(i.HASH_StructInit), (12 bytes).
    Removing stm32f4xx_hash_md5.o(.rev16_text), (4 bytes).
    Removing stm32f4xx_hash_md5.o(.revsh_text), (4 bytes).
    Removing stm32f4xx_hash_md5.o(.rrx_text), (6 bytes).
    Removing stm32f4xx_hash_md5.o(i.HASH_MD5), (180 bytes).
    Removing stm32f4xx_hash_md5.o(i.HMAC_MD5), (354 bytes).
    Removing stm32f4xx_hash_sha1.o(.rev16_text), (4 bytes).
    Removing stm32f4xx_hash_sha1.o(.revsh_text), (4 bytes).
    Removing stm32f4xx_hash_sha1.o(.rrx_text), (6 bytes).
    Removing stm32f4xx_hash_sha1.o(i.HASH_SHA1), (186 bytes).
    Removing stm32f4xx_hash_sha1.o(i.HMAC_SHA1), (362 bytes).
    Removing system_stm32f4xx.o(.rev16_text), (4 bytes).
    Removing system_stm32f4xx.o(.revsh_text), (4 bytes).
    Removing system_stm32f4xx.o(.rrx_text), (6 bytes).
    Removing system_stm32f4xx.o(i.SystemCoreClockUpdate), (192 bytes).
    Removing system_stm32f4xx.o(.data), (20 bytes).
    Removing system.o(.rev16_text), (4 bytes).
    Removing system.o(.revsh_text), (4 bytes).
    Removing system.o(.rrx_text), (6 bytes).
    Removing systick.o(.rev16_text), (4 bytes).
    Removing systick.o(.revsh_text), (4 bytes).
    Removing systick.o(.rrx_text), (6 bytes).
    Removing usart.o(.rev16_text), (4 bytes).
    Removing usart.o(.revsh_text), (4 bytes).
    Removing usart.o(.rrx_text), (6 bytes).
    Removing led.o(.rev16_text), (4 bytes).
    Removing led.o(.revsh_text), (4 bytes).
    Removing led.o(.rrx_text), (6 bytes).
    Removing tftlcd.o(.rev16_text), (4 bytes).
    Removing tftlcd.o(.revsh_text), (4 bytes).
    Removing tftlcd.o(.rrx_text), (6 bytes).
    Removing tftlcd.o(i.LCD_Clear), (72 bytes).
    Removing tftlcd.o(i.LCD_Display_Dir), (76 bytes).
    Removing tftlcd.o(i.LCD_DrawFRONT_COLOR), (28 bytes).
    Removing tftlcd.o(i.LCD_DrawLine), (176 bytes).
    Removing tftlcd.o(i.LCD_DrawLine_Color), (172 bytes).
    Removing tftlcd.o(i.LCD_DrawPoint), (32 bytes).
    Removing tftlcd.o(i.LCD_DrawRectangle), (60 bytes).
    Removing tftlcd.o(i.LCD_Draw_Circle), (152 bytes).
    Removing tftlcd.o(i.LCD_DrowSign), (132 bytes).
    Removing tftlcd.o(i.LCD_Fill), (92 bytes).
    Removing tftlcd.o(i.LCD_Pow), (22 bytes).
    Removing tftlcd.o(i.LCD_ReadData), (12 bytes).
    Removing tftlcd.o(i.LCD_ReadPoint), (100 bytes).
    Removing tftlcd.o(i.LCD_Set_Window), (166 bytes).
    Removing tftlcd.o(i.LCD_ShowChar), (296 bytes).
    Removing tftlcd.o(i.LCD_ShowFontHZ), (232 bytes).
    Removing tftlcd.o(i.LCD_ShowNum), (148 bytes).
    Removing tftlcd.o(i.LCD_ShowPicture), (92 bytes).
    Removing tftlcd.o(i.LCD_ShowString), (102 bytes).
    Removing tftlcd.o(i.LCD_ShowxNum), (190 bytes).
    Removing tftlcd.o(i.LCD_WriteCmd), (12 bytes).
    Removing tftlcd.o(i.LCD_WriteCmdData), (20 bytes).
    Removing tftlcd.o(i.LCD_WriteData), (12 bytes).
    Removing tftlcd.o(i.LCD_WriteData_Color), (12 bytes).
    Removing tftlcd.o(i.TFTLCD_FSMC_Init), (106 bytes).
    Removing tftlcd.o(i.TFTLCD_GPIO_Init), (380 bytes).
    Removing tftlcd.o(i.TFTLCD_Init), (704 bytes).
    Removing tftlcd.o(.constdata), (7142 bytes).
    Removing tftlcd.o(.data), (12 bytes).
    Removing key.o(.rev16_text), (4 bytes).
    Removing key.o(.revsh_text), (4 bytes).
    Removing key.o(.rrx_text), (6 bytes).
    Removing key.o(i.KEY_Scan), (156 bytes).
    Removing key.o(.data), (1 bytes).
    Removing sram.o(.rev16_text), (4 bytes).
    Removing sram.o(.revsh_text), (4 bytes).
    Removing sram.o(.rrx_text), (6 bytes).
    Removing sram.o(i.FSMC_SRAM_ReadBuffer_u32), (20 bytes).
    Removing sram.o(i.FSMC_SRAM_WriteBuffer), (24 bytes).
    Removing oled.o(.rev16_text), (4 bytes).
    Removing oled.o(.revsh_text), (4 bytes).
    Removing oled.o(.rrx_text), (6 bytes).
    Removing oled.o(i.OLED_Pow), (20 bytes).
    Removing oled.o(i.OLED_ShowBinNum), (62 bytes).
    Removing oled.o(i.OLED_ShowHexNum), (84 bytes).
    Removing oled.o(i.OLED_ShowNum), (68 bytes).
    Removing oled.o(i.OLED_ShowSignedNum), (102 bytes).
    Removing oled.o(i.process_text), (84 bytes).
    Removing exti.o(.rev16_text), (4 bytes).
    Removing exti.o(.revsh_text), (4 bytes).
    Removing exti.o(.rrx_text), (6 bytes).
    Removing rng.o(.rev16_text), (4 bytes).
    Removing rng.o(.revsh_text), (4 bytes).
    Removing rng.o(.rrx_text), (6 bytes).
    Removing rng.o(i.RNG_Get_RandomRange), (26 bytes).
    Removing stmflash.o(.rev16_text), (4 bytes).
    Removing stmflash.o(.revsh_text), (4 bytes).
    Removing stmflash.o(.rrx_text), (6 bytes).
    Removing hash.o(.rev16_text), (4 bytes).
    Removing hash.o(.revsh_text), (4 bytes).
    Removing hash.o(.rrx_text), (6 bytes).
    Removing crc.o(.rev16_text), (4 bytes).
    Removing crc.o(.revsh_text), (4 bytes).
    Removing crc.o(.rrx_text), (6 bytes).
    Removing crc.o(i.CRC_Calculate), (78 bytes).
    Removing crc.o(i.CRC_Final), (6 bytes).
    Removing crc.o(i.CRC_Init), (6 bytes).
    Removing crc.o(i.CRC_Process8), (22 bytes).
    Removing crc.o(i.CRC_Reset), (4 bytes).
    Removing crc.o(i.CRC_Update), (38 bytes).
    Removing crc.o(i.CRC_Verify), (72 bytes).
    Removing bitman.o(.rev16_text), (4 bytes).
    Removing bitman.o(.revsh_text), (4 bytes).
    Removing bitman.o(.rrx_text), (6 bytes).
    Removing bitman.o(i.get_be_bit), (42 bytes).
    Removing bitman.o(i.get_le_bit), (38 bytes).
    Removing bitman.o(i.set_be_bit), (106 bytes).
    Removing bitman.o(i.set_le_bit), (98 bytes).
    Removing bitman.o(i.xor_be_bit), (54 bytes).
    Removing bitman.o(i.xor_le_bit), (50 bytes).
    Removing encoder.o(.rev16_text), (4 bytes).
    Removing encoder.o(.revsh_text), (4 bytes).
    Removing encoder.o(.rrx_text), (6 bytes).
    Removing encoder.o(i.BCH_Encoder_Encode), (240 bytes).
    Removing encoder.o(i.BCH_Encoder_Init), (254 bytes).
    Removing encoder.o(i.slb1), (18 bytes).
    Removing gf.o(.rev16_text), (4 bytes).
    Removing gf.o(.revsh_text), (4 bytes).
    Removing gf.o(.rrx_text), (6 bytes).
    Removing gf.o(i.exhaustive_test), (260 bytes).
    Removing gf.o(i.exp_value), (12 bytes).
    Removing gf.o(i.fma_index_value), (46 bytes).
    Removing gf.o(i.fma_value_index), (68 bytes).
    Removing gf.o(i.fma_value_value), (84 bytes).
    Removing gf.o(i.index_divide), (32 bytes).
    Removing gf.o(i.index_multiply), (34 bytes).
    Removing gf.o(i.index_value), (26 bytes).
    Removing gf.o(i.initialize_tables), (52 bytes).
    Removing gf.o(i.log_value), (8 bytes).
    Removing gf.o(i.next_value), (18 bytes).
    Removing gf.o(i.rcp_index), (22 bytes).
    Removing gf.o(i.rcp_value), (48 bytes).
    Removing gf.o(i.value_add), (18 bytes).
    Removing gf.o(i.value_divide), (70 bytes).
    Removing gf.o(i.value_equal), (18 bytes).
    Removing gf.o(i.value_index), (26 bytes).
    Removing gf.o(i.value_multiply), (74 bytes).
    Removing gf.o(i.value_negate), (6 bytes).
    Removing gf.o(i.value_not_equal), (18 bytes).
    Removing gf.o(i.value_subtract), (18 bytes).
    Removing bch.o(.rev16_text), (4 bytes).
    Removing bch.o(.revsh_text), (4 bytes).
    Removing bch.o(.rrx_text), (6 bytes).
    Removing dadd.o(.text), (334 bytes).
    Removing dmul.o(.text), (228 bytes).
    Removing ddiv.o(.text), (222 bytes).
    Removing dfixul.o(.text), (48 bytes).
    Removing cdrcmple.o(.text), (48 bytes).
    Removing depilogue.o(.text), (186 bytes).

677 unused section(s) (total 36733 bytes) removed from the image.

==============================================================================

Image Symbol Table

    Local Symbols

    Symbol Name                              Value     Ov Type        Size  Object(Section)

    ../clib/microlib/division.c              0x00000000   Number         0  uldiv.o ABSOLUTE
    ../clib/microlib/division.c              0x00000000   Number         0  uidiv.o ABSOLUTE
    ../clib/microlib/init/entry.s            0x00000000   Number         0  entry2.o ABSOLUTE
    ../clib/microlib/init/entry.s            0x00000000   Number         0  entry5.o ABSOLUTE
    ../clib/microlib/init/entry.s            0x00000000   Number         0  entry8b.o ABSOLUTE
    ../clib/microlib/init/entry.s            0x00000000   Number         0  entry7a.o ABSOLUTE
    ../clib/microlib/init/entry.s            0x00000000   Number         0  entry7b.o ABSOLUTE
    ../clib/microlib/init/entry.s            0x00000000   Number         0  entry8a.o ABSOLUTE
    ../clib/microlib/init/entry.s            0x00000000   Number         0  entry10b.o ABSOLUTE
    ../clib/microlib/init/entry.s            0x00000000   Number         0  entry9a.o ABSOLUTE
    ../clib/microlib/init/entry.s            0x00000000   Number         0  entry11a.o ABSOLUTE
    ../clib/microlib/init/entry.s            0x00000000   Number         0  entry11b.o ABSOLUTE
    ../clib/microlib/init/entry.s            0x00000000   Number         0  entry.o ABSOLUTE
    ../clib/microlib/init/entry.s            0x00000000   Number         0  entry9b.o ABSOLUTE
    ../clib/microlib/init/entry.s            0x00000000   Number         0  entry10a.o ABSOLUTE
    ../clib/microlib/longlong.c              0x00000000   Number         0  llushr.o ABSOLUTE
    ../clib/microlib/longlong.c              0x00000000   Number         0  llshl.o ABSOLUTE
    ../clib/microlib/longlong.c              0x00000000   Number         0  llsshr.o ABSOLUTE
    ../clib/microlib/printf/printf.c         0x00000000   Number         0  printf1.o ABSOLUTE
    ../clib/microlib/printf/printf.c         0x00000000   Number         0  printfa.o ABSOLUTE
    ../clib/microlib/printf/printf.c         0x00000000   Number         0  printf2.o ABSOLUTE
    ../clib/microlib/printf/printf.c         0x00000000   Number         0  printf4.o ABSOLUTE
    ../clib/microlib/printf/printf.c         0x00000000   Number         0  printf5.o ABSOLUTE
    ../clib/microlib/printf/printf.c         0x00000000   Number         0  printf8.o ABSOLUTE
    ../clib/microlib/printf/printf.c         0x00000000   Number         0  printf7.o ABSOLUTE
    ../clib/microlib/printf/printf.c         0x00000000   Number         0  printf3.o ABSOLUTE
    ../clib/microlib/printf/printf.c         0x00000000   Number         0  printf6.o ABSOLUTE
    ../clib/microlib/printf/printf.c         0x00000000   Number         0  printfb.o ABSOLUTE
    ../clib/microlib/printf/printf.c         0x00000000   Number         0  printf0.o ABSOLUTE
    ../clib/microlib/printf/stubs.s          0x00000000   Number         0  stubs.o ABSOLUTE
    ../clib/microlib/stdio/streams.c         0x00000000   Number         0  stdout.o ABSOLUTE
    ../clib/microlib/stubs.s                 0x00000000   Number         0  iusefp.o ABSOLUTE
    ../fplib/microlib/fpadd.c                0x00000000   Number         0  dadd.o ABSOLUTE
    ../fplib/microlib/fpdiv.c                0x00000000   Number         0  ddiv.o ABSOLUTE
    ../fplib/microlib/fpepilogue.c           0x00000000   Number         0  depilogue.o ABSOLUTE
    ../fplib/microlib/fpfix.c                0x00000000   Number         0  dfixul.o ABSOLUTE
    ../fplib/microlib/fpmul.c                0x00000000   Number         0  dmul.o ABSOLUTE
    APP\HASH\hash.c                          0x00000000   Number         0  hash.o ABSOLUTE
    APP\OLED\OLED.c                          0x00000000   Number         0  oled.o ABSOLUTE
    APP\\HASH\\hash.c                        0x00000000   Number         0  hash.o ABSOLUTE
    APP\\OLED\\OLED.c                        0x00000000   Number         0  oled.o ABSOLUTE
    APP\\exti\\exti.c                        0x00000000   Number         0  exti.o ABSOLUTE
    APP\\key\\key.c                          0x00000000   Number         0  key.o ABSOLUTE
    APP\\led\\led.c                          0x00000000   Number         0  led.o ABSOLUTE
    APP\\rng\\rng.c                          0x00000000   Number         0  rng.o ABSOLUTE
    APP\\sram\\sram.c                        0x00000000   Number         0  sram.o ABSOLUTE
    APP\\stm32_flash\\stmflash.c             0x00000000   Number         0  stmflash.o ABSOLUTE
    APP\\tftlcd\\tftlcd.c                    0x00000000   Number         0  tftlcd.o ABSOLUTE
    APP\exti\exti.c                          0x00000000   Number         0  exti.o ABSOLUTE
    APP\key\key.c                            0x00000000   Number         0  key.o ABSOLUTE
    APP\led\led.c                            0x00000000   Number         0  led.o ABSOLUTE
    APP\rng\rng.c                            0x00000000   Number         0  rng.o ABSOLUTE
    APP\sram\sram.c                          0x00000000   Number         0  sram.o ABSOLUTE
    APP\stm32_flash\stmflash.c               0x00000000   Number         0  stmflash.o ABSOLUTE
    APP\tftlcd\tftlcd.c                      0x00000000   Number         0  tftlcd.o ABSOLUTE
    Coder\BCH-3121\bch.c                     0x00000000   Number         0  bch.o ABSOLUTE
    Coder\BCH\decoder.c                      0x00000000   Number         0  decoder.o ABSOLUTE
    Coder\BCH\encoder.c                      0x00000000   Number         0  encoder.o ABSOLUTE
    Coder\Bit\bitman.c                       0x00000000   Number         0  bitman.o ABSOLUTE
    Coder\CRC\crc.c                          0x00000000   Number         0  crc.o ABSOLUTE
    Coder\GaloisField\GF.c                   0x00000000   Number         0  gf.o ABSOLUTE
    Coder\\BCH-3121\\bch.c                   0x00000000   Number         0  bch.o ABSOLUTE
    Coder\\BCH\\encoder.c                    0x00000000   Number         0  encoder.o ABSOLUTE
    Coder\\Bit\\bitman.c                     0x00000000   Number         0  bitman.o ABSOLUTE
    Coder\\CRC\\crc.c                        0x00000000   Number         0  crc.o ABSOLUTE
    Coder\\GaloisField\\GF.c                 0x00000000   Number         0  gf.o ABSOLUTE
    Libraries\CMSIS\startup_stm32f40_41xxx.s 0x00000000   Number         0  startup_stm32f40_41xxx.o ABSOLUTE
    Libraries\CMSIS\system_stm32f4xx.c       0x00000000   Number         0  system_stm32f4xx.o ABSOLUTE
    Libraries\STM32F4xx_StdPeriph_Driver\src\misc.c 0x00000000   Number         0  misc.o ABSOLUTE
    Libraries\STM32F4xx_StdPeriph_Driver\src\stm32f4xx_adc.c 0x00000000   Number         0  stm32f4xx_adc.o ABSOLUTE
    Libraries\STM32F4xx_StdPeriph_Driver\src\stm32f4xx_can.c 0x00000000   Number         0  stm32f4xx_can.o ABSOLUTE
    Libraries\STM32F4xx_StdPeriph_Driver\src\stm32f4xx_dac.c 0x00000000   Number         0  stm32f4xx_dac.o ABSOLUTE
    Libraries\STM32F4xx_StdPeriph_Driver\src\stm32f4xx_dma.c 0x00000000   Number         0  stm32f4xx_dma.o ABSOLUTE
    Libraries\STM32F4xx_StdPeriph_Driver\src\stm32f4xx_exti.c 0x00000000   Number         0  stm32f4xx_exti.o ABSOLUTE
    Libraries\STM32F4xx_StdPeriph_Driver\src\stm32f4xx_flash.c 0x00000000   Number         0  stm32f4xx_flash.o ABSOLUTE
    Libraries\STM32F4xx_StdPeriph_Driver\src\stm32f4xx_fsmc.c 0x00000000   Number         0  stm32f4xx_fsmc.o ABSOLUTE
    Libraries\STM32F4xx_StdPeriph_Driver\src\stm32f4xx_gpio.c 0x00000000   Number         0  stm32f4xx_gpio.o ABSOLUTE
    Libraries\STM32F4xx_StdPeriph_Driver\src\stm32f4xx_hash.c 0x00000000   Number         0  stm32f4xx_hash.o ABSOLUTE
    Libraries\STM32F4xx_StdPeriph_Driver\src\stm32f4xx_hash_md5.c 0x00000000   Number         0  stm32f4xx_hash_md5.o ABSOLUTE
    Libraries\STM32F4xx_StdPeriph_Driver\src\stm32f4xx_hash_sha1.c 0x00000000   Number         0  stm32f4xx_hash_sha1.o ABSOLUTE
    Libraries\STM32F4xx_StdPeriph_Driver\src\stm32f4xx_iwdg.c 0x00000000   Number         0  stm32f4xx_iwdg.o ABSOLUTE
    Libraries\STM32F4xx_StdPeriph_Driver\src\stm32f4xx_pwr.c 0x00000000   Number         0  stm32f4xx_pwr.o ABSOLUTE
    Libraries\STM32F4xx_StdPeriph_Driver\src\stm32f4xx_rcc.c 0x00000000   Number         0  stm32f4xx_rcc.o ABSOLUTE
    Libraries\STM32F4xx_StdPeriph_Driver\src\stm32f4xx_rng.c 0x00000000   Number         0  stm32f4xx_rng.o ABSOLUTE
    Libraries\STM32F4xx_StdPeriph_Driver\src\stm32f4xx_rtc.c 0x00000000   Number         0  stm32f4xx_rtc.o ABSOLUTE
    Libraries\STM32F4xx_StdPeriph_Driver\src\stm32f4xx_spi.c 0x00000000   Number         0  stm32f4xx_spi.o ABSOLUTE
    Libraries\STM32F4xx_StdPeriph_Driver\src\stm32f4xx_syscfg.c 0x00000000   Number         0  stm32f4xx_syscfg.o ABSOLUTE
    Libraries\STM32F4xx_StdPeriph_Driver\src\stm32f4xx_tim.c 0x00000000   Number         0  stm32f4xx_tim.o ABSOLUTE
    Libraries\STM32F4xx_StdPeriph_Driver\src\stm32f4xx_usart.c 0x00000000   Number         0  stm32f4xx_usart.o ABSOLUTE
    Libraries\STM32F4xx_StdPeriph_Driver\src\stm32f4xx_wwdg.c 0x00000000   Number         0  stm32f4xx_wwdg.o ABSOLUTE
    Libraries\\CMSIS\\system_stm32f4xx.c     0x00000000   Number         0  system_stm32f4xx.o ABSOLUTE
    Libraries\\STM32F4xx_StdPeriph_Driver\\src\\misc.c 0x00000000   Number         0  misc.o ABSOLUTE
    Libraries\\STM32F4xx_StdPeriph_Driver\\src\\stm32f4xx_adc.c 0x00000000   Number         0  stm32f4xx_adc.o ABSOLUTE
    Libraries\\STM32F4xx_StdPeriph_Driver\\src\\stm32f4xx_can.c 0x00000000   Number         0  stm32f4xx_can.o ABSOLUTE
    Libraries\\STM32F4xx_StdPeriph_Driver\\src\\stm32f4xx_dac.c 0x00000000   Number         0  stm32f4xx_dac.o ABSOLUTE
    Libraries\\STM32F4xx_StdPeriph_Driver\\src\\stm32f4xx_dma.c 0x00000000   Number         0  stm32f4xx_dma.o ABSOLUTE
    Libraries\\STM32F4xx_StdPeriph_Driver\\src\\stm32f4xx_exti.c 0x00000000   Number         0  stm32f4xx_exti.o ABSOLUTE
    Libraries\\STM32F4xx_StdPeriph_Driver\\src\\stm32f4xx_flash.c 0x00000000   Number         0  stm32f4xx_flash.o ABSOLUTE
    Libraries\\STM32F4xx_StdPeriph_Driver\\src\\stm32f4xx_fsmc.c 0x00000000   Number         0  stm32f4xx_fsmc.o ABSOLUTE
    Libraries\\STM32F4xx_StdPeriph_Driver\\src\\stm32f4xx_gpio.c 0x00000000   Number         0  stm32f4xx_gpio.o ABSOLUTE
    Libraries\\STM32F4xx_StdPeriph_Driver\\src\\stm32f4xx_hash.c 0x00000000   Number         0  stm32f4xx_hash.o ABSOLUTE
    Libraries\\STM32F4xx_StdPeriph_Driver\\src\\stm32f4xx_hash_md5.c 0x00000000   Number         0  stm32f4xx_hash_md5.o ABSOLUTE
    Libraries\\STM32F4xx_StdPeriph_Driver\\src\\stm32f4xx_hash_sha1.c 0x00000000   Number         0  stm32f4xx_hash_sha1.o ABSOLUTE
    Libraries\\STM32F4xx_StdPeriph_Driver\\src\\stm32f4xx_iwdg.c 0x00000000   Number         0  stm32f4xx_iwdg.o ABSOLUTE
    Libraries\\STM32F4xx_StdPeriph_Driver\\src\\stm32f4xx_pwr.c 0x00000000   Number         0  stm32f4xx_pwr.o ABSOLUTE
    Libraries\\STM32F4xx_StdPeriph_Driver\\src\\stm32f4xx_rcc.c 0x00000000   Number         0  stm32f4xx_rcc.o ABSOLUTE
    Libraries\\STM32F4xx_StdPeriph_Driver\\src\\stm32f4xx_rng.c 0x00000000   Number         0  stm32f4xx_rng.o ABSOLUTE
    Libraries\\STM32F4xx_StdPeriph_Driver\\src\\stm32f4xx_rtc.c 0x00000000   Number         0  stm32f4xx_rtc.o ABSOLUTE
    Libraries\\STM32F4xx_StdPeriph_Driver\\src\\stm32f4xx_spi.c 0x00000000   Number         0  stm32f4xx_spi.o ABSOLUTE
    Libraries\\STM32F4xx_StdPeriph_Driver\\src\\stm32f4xx_syscfg.c 0x00000000   Number         0  stm32f4xx_syscfg.o ABSOLUTE
    Libraries\\STM32F4xx_StdPeriph_Driver\\src\\stm32f4xx_tim.c 0x00000000   Number         0  stm32f4xx_tim.o ABSOLUTE
    Libraries\\STM32F4xx_StdPeriph_Driver\\src\\stm32f4xx_usart.c 0x00000000   Number         0  stm32f4xx_usart.o ABSOLUTE
    Libraries\\STM32F4xx_StdPeriph_Driver\\src\\stm32f4xx_wwdg.c 0x00000000   Number         0  stm32f4xx_wwdg.o ABSOLUTE
    Public\SysTick.c                         0x00000000   Number         0  systick.o ABSOLUTE
    Public\\SysTick.c                        0x00000000   Number         0  systick.o ABSOLUTE
    Public\\system.c                         0x00000000   Number         0  system.o ABSOLUTE
    Public\\usart.c                          0x00000000   Number         0  usart.o ABSOLUTE
    Public\system.c                          0x00000000   Number         0  system.o ABSOLUTE
    Public\usart.c                           0x00000000   Number         0  usart.o ABSOLUTE
    User\\main.c                             0x00000000   Number         0  main.o ABSOLUTE
    User\\stm32f4xx_it.c                     0x00000000   Number         0  stm32f4xx_it.o ABSOLUTE
    User\main.c                              0x00000000   Number         0  main.o ABSOLUTE
    User\stm32f4xx_it.c                      0x00000000   Number         0  stm32f4xx_it.o ABSOLUTE
    cdrcmple.s                               0x00000000   Number         0  cdrcmple.o ABSOLUTE
    dc.s                                     0x00000000   Number         0  dc.o ABSOLUTE
    handlers.s                               0x00000000   Number         0  handlers.o ABSOLUTE
    init.s                                   0x00000000   Number         0  init.o ABSOLUTE
    RESET                                    0x08000000   Section      392  startup_stm32f40_41xxx.o(RESET)
    .ARM.Collect$$$$00000000                 0x08000188   Section        0  entry.o(.ARM.Collect$$$$00000000)
    .ARM.Collect$$$$00000001                 0x08000188   Section        4  entry2.o(.ARM.Collect$$$$00000001)
    .ARM.Collect$$$$00000004                 0x0800018c   Section        4  entry5.o(.ARM.Collect$$$$00000004)
    .ARM.Collect$$$$00000008                 0x08000190   Section        0  entry7b.o(.ARM.Collect$$$$00000008)
    .ARM.Collect$$$$0000000A                 0x08000190   Section        0  entry8b.o(.ARM.Collect$$$$0000000A)
    .ARM.Collect$$$$0000000B                 0x08000190   Section        8  entry9a.o(.ARM.Collect$$$$0000000B)
    .ARM.Collect$$$$0000000D                 0x08000198   Section        0  entry10a.o(.ARM.Collect$$$$0000000D)
    .ARM.Collect$$$$0000000F                 0x08000198   Section        0  entry11a.o(.ARM.Collect$$$$0000000F)
    .ARM.Collect$$$$00002712                 0x08000198   Section        4  entry2.o(.ARM.Collect$$$$00002712)
    __lit__00000000                          0x08000198   Data           4  entry2.o(.ARM.Collect$$$$00002712)
    .text                                    0x0800019c   Section       36  startup_stm32f40_41xxx.o(.text)
    $v0                                      0x0800019c   Number         0  startup_stm32f40_41xxx.o(.text)
    .text                                    0x080001c0   Section        0  uldiv.o(.text)
    .text                                    0x08000224   Section       36  init.o(.text)
    .text                                    0x08000248   Section        0  llshl.o(.text)
    .text                                    0x08000266   Section        0  llushr.o(.text)
    i.BusFault_Handler                       0x08000286   Section        0  stm32f4xx_it.o(i.BusFault_Handler)
    i.DebugMon_Handler                       0x0800028a   Section        0  stm32f4xx_it.o(i.DebugMon_Handler)
    i.EXTI0_IRQHandler                       0x0800028c   Section        0  exti.o(i.EXTI0_IRQHandler)
    i.EXTI3_IRQHandler                       0x080002fc   Section        0  exti.o(i.EXTI3_IRQHandler)
    i.EXTI_ClearITPendingBit                 0x0800036c   Section        0  stm32f4xx_exti.o(i.EXTI_ClearITPendingBit)
    i.EXTI_GetITStatus                       0x08000378   Section        0  stm32f4xx_exti.o(i.EXTI_GetITStatus)
    i.EXTI_Init                              0x08000390   Section        0  stm32f4xx_exti.o(i.EXTI_Init)
    i.ExSRAM_Cap_Test                        0x08000424   Section        0  main.o(i.ExSRAM_Cap_Test)
    i.FLASH_DataCacheCmd                     0x080004c4   Section        0  stm32f4xx_flash.o(i.FLASH_DataCacheCmd)
    i.FLASH_EraseSector                      0x080004e8   Section        0  stm32f4xx_flash.o(i.FLASH_EraseSector)
    i.FLASH_GetStatus                        0x08000570   Section        0  stm32f4xx_flash.o(i.FLASH_GetStatus)
    i.FLASH_Lock                             0x080005c4   Section        0  stm32f4xx_flash.o(i.FLASH_Lock)
    i.FLASH_ProgramWord                      0x080005d8   Section        0  stm32f4xx_flash.o(i.FLASH_ProgramWord)
    i.FLASH_Unlock                           0x08000628   Section        0  stm32f4xx_flash.o(i.FLASH_Unlock)
    i.FLASH_WaitForLastOperation             0x0800064c   Section        0  stm32f4xx_flash.o(i.FLASH_WaitForLastOperation)
    i.FSMC_NORSRAMCmd                        0x08000670   Section        0  stm32f4xx_fsmc.o(i.FSMC_NORSRAMCmd)
    i.FSMC_NORSRAMInit                       0x080006a4   Section        0  stm32f4xx_fsmc.o(i.FSMC_NORSRAMInit)
    i.FSMC_SRAM_Init                         0x080007cc   Section        0  sram.o(i.FSMC_SRAM_Init)
    i.FSMC_SRAM_PUF_Init                     0x08000a98   Section        0  sram.o(i.FSMC_SRAM_PUF_Init)
    i.FSMC_SRAM_PUF_Output                   0x08000b94   Section        0  sram.o(i.FSMC_SRAM_PUF_Output)
    i.FSMC_SRAM_PUF_Read_With_Size           0x08000c18   Section        0  sram.o(i.FSMC_SRAM_PUF_Read_With_Size)
    i.FSMC_SRAM_ReadBuffer                   0x08000c66   Section        0  sram.o(i.FSMC_SRAM_ReadBuffer)
    i.GPIO_Init                              0x08000c7c   Section        0  stm32f4xx_gpio.o(i.GPIO_Init)
    i.GPIO_PinAFConfig                       0x08000d0c   Section        0  stm32f4xx_gpio.o(i.GPIO_PinAFConfig)
    i.GPIO_SetBits                           0x08000d52   Section        0  stm32f4xx_gpio.o(i.GPIO_SetBits)
    i.GPIO_WriteBit                          0x08000d56   Section        0  stm32f4xx_gpio.o(i.GPIO_WriteBit)
    i.HASH_Config                            0x08000d60   Section        0  hash.o(i.HASH_Config)
    i.HASH_DataIn                            0x08000d70   Section        0  stm32f4xx_hash.o(i.HASH_DataIn)
    i.HASH_DeInit                            0x08000d7c   Section        0  stm32f4xx_hash.o(i.HASH_DeInit)
    i.HASH_GetDigest                         0x08000d90   Section        0  stm32f4xx_hash.o(i.HASH_GetDigest)
    i.HASH_GetFlagStatus                     0x08000dd8   Section        0  stm32f4xx_hash.o(i.HASH_GetFlagStatus)
    i.HASH_Init                              0x08000e04   Section        0  stm32f4xx_hash.o(i.HASH_Init)
    i.HASH_Reset                             0x08000e58   Section        0  stm32f4xx_hash.o(i.HASH_Reset)
    i.HASH_SHA256                            0x08000e6c   Section        0  hash.o(i.HASH_SHA256)
    i.HASH_StartDigest                       0x08000ed4   Section        0  stm32f4xx_hash.o(i.HASH_StartDigest)
    i.HardFault_Handler                      0x08000ee8   Section        0  stm32f4xx_it.o(i.HardFault_Handler)
    i.KEY_Init                               0x08000eec   Section        0  key.o(i.KEY_Init)
    i.LED_Init                               0x08000f30   Section        0  led.o(i.LED_Init)
    i.MemManage_Handler                      0x08000f70   Section        0  stm32f4xx_it.o(i.MemManage_Handler)
    i.My_EXTI_Init                           0x08000f74   Section        0  exti.o(i.My_EXTI_Init)
    i.NMI_Handler                            0x0800104c   Section        0  stm32f4xx_it.o(i.NMI_Handler)
    i.NVIC_Init                              0x08001050   Section        0  misc.o(i.NVIC_Init)
    i.NVIC_PriorityGroupConfig               0x080010c8   Section        0  misc.o(i.NVIC_PriorityGroupConfig)
    i.OLED_Clear                             0x080010dc   Section        0  oled.o(i.OLED_Clear)
    i.OLED_GPIO_Init                         0x08001108   Section        0  oled.o(i.OLED_GPIO_Init)
    i.OLED_I2C_SendByte                      0x08001170   Section        0  oled.o(i.OLED_I2C_SendByte)
    i.OLED_I2C_Start                         0x080011e4   Section        0  oled.o(i.OLED_I2C_Start)
    i.OLED_I2C_Stop                          0x08001230   Section        0  oled.o(i.OLED_I2C_Stop)
    i.OLED_Init                              0x0800126c   Section        0  oled.o(i.OLED_Init)
    i.OLED_SetCursor                         0x0800131a   Section        0  oled.o(i.OLED_SetCursor)
    i.OLED_ShowChar                          0x0800133c   Section        0  oled.o(i.OLED_ShowChar)
    i.OLED_ShowString                        0x080013b0   Section        0  oled.o(i.OLED_ShowString)
    i.OLED_ShowText                          0x080013d8   Section        0  oled.o(i.OLED_ShowText)
    i.OLED_WriteCommand                      0x08001418   Section        0  oled.o(i.OLED_WriteCommand)
    i.OLED_WriteData                         0x08001438   Section        0  oled.o(i.OLED_WriteData)
    i.PendSV_Handler                         0x08001458   Section        0  stm32f4xx_it.o(i.PendSV_Handler)
    i.RCC_AHB1PeriphClockCmd                 0x0800145c   Section        0  stm32f4xx_rcc.o(i.RCC_AHB1PeriphClockCmd)
    i.RCC_AHB2PeriphClockCmd                 0x0800147c   Section        0  stm32f4xx_rcc.o(i.RCC_AHB2PeriphClockCmd)
    i.RCC_AHB2PeriphResetCmd                 0x0800149c   Section        0  stm32f4xx_rcc.o(i.RCC_AHB2PeriphResetCmd)
    i.RCC_AHB3PeriphClockCmd                 0x080014bc   Section        0  stm32f4xx_rcc.o(i.RCC_AHB3PeriphClockCmd)
    i.RCC_APB2PeriphClockCmd                 0x080014dc   Section        0  stm32f4xx_rcc.o(i.RCC_APB2PeriphClockCmd)
    i.RCC_GetClocksFreq                      0x080014fc   Section        0  stm32f4xx_rcc.o(i.RCC_GetClocksFreq)
    i.RNG_Cmd                                0x080015e4   Section        0  stm32f4xx_rng.o(i.RNG_Cmd)
    i.RNG_GetFlagStatus                      0x08001608   Section        0  stm32f4xx_rng.o(i.RNG_GetFlagStatus)
    i.RNG_GetRandomNumber                    0x08001620   Section        0  stm32f4xx_rng.o(i.RNG_GetRandomNumber)
    i.RNG_Get_RandomNum                      0x0800162c   Section        0  rng.o(i.RNG_Get_RandomNum)
    i.RNG_Init                               0x08001640   Section        0  rng.o(i.RNG_Init)
    i.STMFLASH_GetFlashSector                0x08001678   Section        0  stmflash.o(i.STMFLASH_GetFlashSector)
    i.STMFLASH_Read                          0x08001718   Section        0  stmflash.o(i.STMFLASH_Read)
    i.STMFLASH_ReadWord                      0x08001738   Section        0  stmflash.o(i.STMFLASH_ReadWord)
    i.STMFLASH_Write                         0x08001740   Section        0  stmflash.o(i.STMFLASH_Write)
    i.SVC_Handler                            0x080017d8   Section        0  stm32f4xx_it.o(i.SVC_Handler)
    i.SYSCFG_EXTILineConfig                  0x080017dc   Section        0  stm32f4xx_syscfg.o(i.SYSCFG_EXTILineConfig)
    i.SetSysClock                            0x0800181c   Section        0  system_stm32f4xx.o(i.SetSysClock)
    SetSysClock                              0x0800181d   Thumb Code   220  system_stm32f4xx.o(i.SetSysClock)
    i.SysTick_CLKSourceConfig                0x08001908   Section        0  misc.o(i.SysTick_CLKSourceConfig)
    i.SysTick_Handler                        0x08001930   Section        0  stm32f4xx_it.o(i.SysTick_Handler)
    i.SysTick_Init                           0x08001934   Section        0  systick.o(i.SysTick_Init)
    i.SystemInit                             0x08001970   Section        0  system_stm32f4xx.o(i.SystemInit)
    i.System_Init                            0x080019d8   Section        0  main.o(i.System_Init)
    i.USART1_IRQHandler                      0x08001a24   Section        0  usart.o(i.USART1_IRQHandler)
    i.USART1_Init                            0x08001bcc   Section        0  usart.o(i.USART1_Init)
    i.USART_ClearFlag                        0x08001c80   Section        0  stm32f4xx_usart.o(i.USART_ClearFlag)
    i.USART_Cmd                              0x08001c92   Section        0  stm32f4xx_usart.o(i.USART_Cmd)
    i.USART_GetFlagStatus                    0x08001caa   Section        0  stm32f4xx_usart.o(i.USART_GetFlagStatus)
    i.USART_GetITStatus                      0x08001cc4   Section        0  stm32f4xx_usart.o(i.USART_GetITStatus)
    i.USART_ITConfig                         0x08001d18   Section        0  stm32f4xx_usart.o(i.USART_ITConfig)
    i.USART_Init                             0x08001d64   Section        0  stm32f4xx_usart.o(i.USART_Init)
    i.USART_ReceiveData                      0x08001e38   Section        0  stm32f4xx_usart.o(i.USART_ReceiveData)
    i.USART_SendData                         0x08001e42   Section        0  stm32f4xx_usart.o(i.USART_SendData)
    i.UsageFault_Handler                     0x08001e4a   Section        0  stm32f4xx_it.o(i.UsageFault_Handler)
    i.__0printf$8                            0x08001e50   Section        0  printf8.o(i.__0printf$8)
    i.__0sprintf$8                           0x08001e70   Section        0  printf8.o(i.__0sprintf$8)
    i.__scatterload_copy                     0x08001e98   Section       14  handlers.o(i.__scatterload_copy)
    i.__scatterload_null                     0x08001ea6   Section        2  handlers.o(i.__scatterload_null)
    i.__scatterload_zeroinit                 0x08001ea8   Section       14  handlers.o(i.__scatterload_zeroinit)
    i._printf_core                           0x08001eb8   Section        0  printf8.o(i._printf_core)
    _printf_core                             0x08001eb9   Thumb Code   996  printf8.o(i._printf_core)
    i._printf_post_padding                   0x080022c8   Section        0  printf8.o(i._printf_post_padding)
    _printf_post_padding                     0x080022c9   Thumb Code    36  printf8.o(i._printf_post_padding)
    i._printf_pre_padding                    0x080022ec   Section        0  printf8.o(i._printf_pre_padding)
    _printf_pre_padding                      0x080022ed   Thumb Code    46  printf8.o(i._printf_pre_padding)
    i._sputc                                 0x0800231a   Section        0  printf8.o(i._sputc)
    _sputc                                   0x0800231b   Thumb Code    10  printf8.o(i._sputc)
    i.bch_decoder                            0x08002324   Section        0  bch.o(i.bch_decoder)
    i.bch_encode                             0x080023c0   Section        0  bch.o(i.bch_encode)
    i.bch_encoder                            0x08002414   Section        0  bch.o(i.bch_encoder)
    i.bch_repair                             0x080024a0   Section        0  bch.o(i.bch_repair)
    i.calculate_length                       0x080025da   Section        0  main.o(i.calculate_length)
    i.delay_ms                               0x080025ea   Section        0  systick.o(i.delay_ms)
    i.delay_nms                              0x08002624   Section        0  systick.o(i.delay_nms)
    i.delay_us                               0x08002670   Section        0  systick.o(i.delay_us)
    i.fputc                                  0x080026bc   Section        0  usart.o(i.fputc)
    i.main                                   0x080026e0   Section        0  main.o(i.main)
    i.string_compare                         0x08002750   Section        0  usart.o(i.string_compare)
    .constdata                               0x0800277e   Section     1520  oled.o(.constdata)
    .data                                    0x20000000   Section       20  main.o(.data)
    .data                                    0x20000014   Section       16  stm32f4xx_rcc.o(.data)
    APBAHBPrescTable                         0x20000014   Data          16  stm32f4xx_rcc.o(.data)
    .data                                    0x20000024   Section        4  systick.o(.data)
    fac_us                                   0x20000024   Data           1  systick.o(.data)
    fac_ms                                   0x20000026   Data           2  systick.o(.data)
    .data                                    0x20000028   Section        4  stdout.o(.data)
    .bss                                     0x2000002c   Section      256  main.o(.bss)
    STACK                                    0x20000130   Section     1024  startup_stm32f40_41xxx.o(STACK)

    Global Symbols

    Symbol Name                              Value     Ov Type        Size  Object(Section)

    BuildAttributes$$THM_ISAv4$E$P$D$K$B$S$7EM$VFPi3$EXTD16$VFPS$VFMA$PE$A:L22UL41UL21$X:L11$S22US41US21$IEEE1$IW$USESV6$~STKCKD$USESV7$~SHL$OSPACE$ROPI$EBA8$MICROLIB$REQ8$PRES8$EABIv2 0x00000000   Number         0  anon$$obj.o ABSOLUTE
    __ARM_use_no_argv                        0x00000000   Number         0  main.o ABSOLUTE
    _printf_a                                0x00000000   Number         0  stubs.o ABSOLUTE
    _printf_c                                0x00000000   Number         0  stubs.o ABSOLUTE
    _printf_charcount                        0x00000000   Number         0  stubs.o ABSOLUTE
    _printf_d                                0x00000000   Number         0  stubs.o ABSOLUTE
    _printf_e                                0x00000000   Number         0  stubs.o ABSOLUTE
    _printf_f                                0x00000000   Number         0  stubs.o ABSOLUTE
    _printf_flags                            0x00000000   Number         0  stubs.o ABSOLUTE
    _printf_fp_dec                           0x00000000   Number         0  stubs.o ABSOLUTE
    _printf_fp_hex                           0x00000000   Number         0  stubs.o ABSOLUTE
    _printf_g                                0x00000000   Number         0  stubs.o ABSOLUTE
    _printf_i                                0x00000000   Number         0  stubs.o ABSOLUTE
    _printf_int_dec                          0x00000000   Number         0  stubs.o ABSOLUTE
    _printf_l                                0x00000000   Number         0  stubs.o ABSOLUTE
    _printf_lc                               0x00000000   Number         0  stubs.o ABSOLUTE
    _printf_ll                               0x00000000   Number         0  stubs.o ABSOLUTE
    _printf_lld                              0x00000000   Number         0  stubs.o ABSOLUTE
    _printf_lli                              0x00000000   Number         0  stubs.o ABSOLUTE
    _printf_llo                              0x00000000   Number         0  stubs.o ABSOLUTE
    _printf_llu                              0x00000000   Number         0  stubs.o ABSOLUTE
    _printf_llx                              0x00000000   Number         0  stubs.o ABSOLUTE
    _printf_longlong_dec                     0x00000000   Number         0  stubs.o ABSOLUTE
    _printf_longlong_hex                     0x00000000   Number         0  stubs.o ABSOLUTE
    _printf_longlong_oct                     0x00000000   Number         0  stubs.o ABSOLUTE
    _printf_ls                               0x00000000   Number         0  stubs.o ABSOLUTE
    _printf_mbtowc                           0x00000000   Number         0  stubs.o ABSOLUTE
    _printf_n                                0x00000000   Number         0  stubs.o ABSOLUTE
    _printf_o                                0x00000000   Number         0  stubs.o ABSOLUTE
    _printf_p                                0x00000000   Number         0  stubs.o ABSOLUTE
    _printf_percent                          0x00000000   Number         0  stubs.o ABSOLUTE
    _printf_pre_padding                      0x00000000   Number         0  stubs.o ABSOLUTE
    _printf_return_value                     0x00000000   Number         0  stubs.o ABSOLUTE
    _printf_s                                0x00000000   Number         0  stubs.o ABSOLUTE
    _printf_sizespec                         0x00000000   Number         0  stubs.o ABSOLUTE
    _printf_str                              0x00000000   Number         0  stubs.o ABSOLUTE
    _printf_truncate_signed                  0x00000000   Number         0  stubs.o ABSOLUTE
    _printf_truncate_unsigned                0x00000000   Number         0  stubs.o ABSOLUTE
    _printf_u                                0x00000000   Number         0  stubs.o ABSOLUTE
    _printf_wc                               0x00000000   Number         0  stubs.o ABSOLUTE
    _printf_wctomb                           0x00000000   Number         0  stubs.o ABSOLUTE
    _printf_widthprec                        0x00000000   Number         0  stubs.o ABSOLUTE
    _printf_x                                0x00000000   Number         0  stubs.o ABSOLUTE
    __cpp_initialize__aeabi_                  - Undefined Weak Reference
    __cxa_finalize                            - Undefined Weak Reference
    __decompress                              - Undefined Weak Reference
    _clock_init                               - Undefined Weak Reference
    _microlib_exit                            - Undefined Weak Reference
    __Vectors_Size                           0x00000188   Number         0  startup_stm32f40_41xxx.o ABSOLUTE
    __Vectors                                0x08000000   Data           4  startup_stm32f40_41xxx.o(RESET)
    __Vectors_End                            0x08000188   Data           0  startup_stm32f40_41xxx.o(RESET)
    __main                                   0x08000189   Thumb Code     0  entry.o(.ARM.Collect$$$$00000000)
    _main_stk                                0x08000189   Thumb Code     0  entry2.o(.ARM.Collect$$$$00000001)
    _main_scatterload                        0x0800018d   Thumb Code     0  entry5.o(.ARM.Collect$$$$00000004)
    __main_after_scatterload                 0x08000191   Thumb Code     0  entry5.o(.ARM.Collect$$$$00000004)
    _main_clock                              0x08000191   Thumb Code     0  entry7b.o(.ARM.Collect$$$$00000008)
    _main_cpp_init                           0x08000191   Thumb Code     0  entry8b.o(.ARM.Collect$$$$0000000A)
    _main_init                               0x08000191   Thumb Code     0  entry9a.o(.ARM.Collect$$$$0000000B)
    __rt_final_cpp                           0x08000199   Thumb Code     0  entry10a.o(.ARM.Collect$$$$0000000D)
    __rt_final_exit                          0x08000199   Thumb Code     0  entry11a.o(.ARM.Collect$$$$0000000F)
    Reset_Handler                            0x0800019d   Thumb Code     8  startup_stm32f40_41xxx.o(.text)
    ADC_IRQHandler                           0x080001b7   Thumb Code     0  startup_stm32f40_41xxx.o(.text)
    CAN1_RX0_IRQHandler                      0x080001b7   Thumb Code     0  startup_stm32f40_41xxx.o(.text)
    CAN1_RX1_IRQHandler                      0x080001b7   Thumb Code     0  startup_stm32f40_41xxx.o(.text)
    CAN1_SCE_IRQHandler                      0x080001b7   Thumb Code     0  startup_stm32f40_41xxx.o(.text)
    CAN1_TX_IRQHandler                       0x080001b7   Thumb Code     0  startup_stm32f40_41xxx.o(.text)
    CAN2_RX0_IRQHandler                      0x080001b7   Thumb Code     0  startup_stm32f40_41xxx.o(.text)
    CAN2_RX1_IRQHandler                      0x080001b7   Thumb Code     0  startup_stm32f40_41xxx.o(.text)
    CAN2_SCE_IRQHandler                      0x080001b7   Thumb Code     0  startup_stm32f40_41xxx.o(.text)
    CAN2_TX_IRQHandler                       0x080001b7   Thumb Code     0  startup_stm32f40_41xxx.o(.text)
    CRYP_IRQHandler                          0x080001b7   Thumb Code     0  startup_stm32f40_41xxx.o(.text)
    DCMI_IRQHandler                          0x080001b7   Thumb Code     0  startup_stm32f40_41xxx.o(.text)
    DMA1_Stream0_IRQHandler                  0x080001b7   Thumb Code     0  startup_stm32f40_41xxx.o(.text)
    DMA1_Stream1_IRQHandler                  0x080001b7   Thumb Code     0  startup_stm32f40_41xxx.o(.text)
    DMA1_Stream2_IRQHandler                  0x080001b7   Thumb Code     0  startup_stm32f40_41xxx.o(.text)
    DMA1_Stream3_IRQHandler                  0x080001b7   Thumb Code     0  startup_stm32f40_41xxx.o(.text)
    DMA1_Stream4_IRQHandler                  0x080001b7   Thumb Code     0  startup_stm32f40_41xxx.o(.text)
    DMA1_Stream5_IRQHandler                  0x080001b7   Thumb Code     0  startup_stm32f40_41xxx.o(.text)
    DMA1_Stream6_IRQHandler                  0x080001b7   Thumb Code     0  startup_stm32f40_41xxx.o(.text)
    DMA1_Stream7_IRQHandler                  0x080001b7   Thumb Code     0  startup_stm32f40_41xxx.o(.text)
    DMA2_Stream0_IRQHandler                  0x080001b7   Thumb Code     0  startup_stm32f40_41xxx.o(.text)
    DMA2_Stream1_IRQHandler                  0x080001b7   Thumb Code     0  startup_stm32f40_41xxx.o(.text)
    DMA2_Stream2_IRQHandler                  0x080001b7   Thumb Code     0  startup_stm32f40_41xxx.o(.text)
    DMA2_Stream3_IRQHandler                  0x080001b7   Thumb Code     0  startup_stm32f40_41xxx.o(.text)
    DMA2_Stream4_IRQHandler                  0x080001b7   Thumb Code     0  startup_stm32f40_41xxx.o(.text)
    DMA2_Stream5_IRQHandler                  0x080001b7   Thumb Code     0  startup_stm32f40_41xxx.o(.text)
    DMA2_Stream6_IRQHandler                  0x080001b7   Thumb Code     0  startup_stm32f40_41xxx.o(.text)
    DMA2_Stream7_IRQHandler                  0x080001b7   Thumb Code     0  startup_stm32f40_41xxx.o(.text)
    ETH_IRQHandler                           0x080001b7   Thumb Code     0  startup_stm32f40_41xxx.o(.text)
    ETH_WKUP_IRQHandler                      0x080001b7   Thumb Code     0  startup_stm32f40_41xxx.o(.text)
    EXTI15_10_IRQHandler                     0x080001b7   Thumb Code     0  startup_stm32f40_41xxx.o(.text)
    EXTI1_IRQHandler                         0x080001b7   Thumb Code     0  startup_stm32f40_41xxx.o(.text)
    EXTI2_IRQHandler                         0x080001b7   Thumb Code     0  startup_stm32f40_41xxx.o(.text)
    EXTI4_IRQHandler                         0x080001b7   Thumb Code     0  startup_stm32f40_41xxx.o(.text)
    EXTI9_5_IRQHandler                       0x080001b7   Thumb Code     0  startup_stm32f40_41xxx.o(.text)
    FLASH_IRQHandler                         0x080001b7   Thumb Code     0  startup_stm32f40_41xxx.o(.text)
    FPU_IRQHandler                           0x080001b7   Thumb Code     0  startup_stm32f40_41xxx.o(.text)
    FSMC_IRQHandler                          0x080001b7   Thumb Code     0  startup_stm32f40_41xxx.o(.text)
    HASH_RNG_IRQHandler                      0x080001b7   Thumb Code     0  startup_stm32f40_41xxx.o(.text)
    I2C1_ER_IRQHandler                       0x080001b7   Thumb Code     0  startup_stm32f40_41xxx.o(.text)
    I2C1_EV_IRQHandler                       0x080001b7   Thumb Code     0  startup_stm32f40_41xxx.o(.text)
    I2C2_ER_IRQHandler                       0x080001b7   Thumb Code     0  startup_stm32f40_41xxx.o(.text)
    I2C2_EV_IRQHandler                       0x080001b7   Thumb Code     0  startup_stm32f40_41xxx.o(.text)
    I2C3_ER_IRQHandler                       0x080001b7   Thumb Code     0  startup_stm32f40_41xxx.o(.text)
    I2C3_EV_IRQHandler                       0x080001b7   Thumb Code     0  startup_stm32f40_41xxx.o(.text)
    OTG_FS_IRQHandler                        0x080001b7   Thumb Code     0  startup_stm32f40_41xxx.o(.text)
    OTG_FS_WKUP_IRQHandler                   0x080001b7   Thumb Code     0  startup_stm32f40_41xxx.o(.text)
    OTG_HS_EP1_IN_IRQHandler                 0x080001b7   Thumb Code     0  startup_stm32f40_41xxx.o(.text)
    OTG_HS_EP1_OUT_IRQHandler                0x080001b7   Thumb Code     0  startup_stm32f40_41xxx.o(.text)
    OTG_HS_IRQHandler                        0x080001b7   Thumb Code     0  startup_stm32f40_41xxx.o(.text)
    OTG_HS_WKUP_IRQHandler                   0x080001b7   Thumb Code     0  startup_stm32f40_41xxx.o(.text)
    PVD_IRQHandler                           0x080001b7   Thumb Code     0  startup_stm32f40_41xxx.o(.text)
    RCC_IRQHandler                           0x080001b7   Thumb Code     0  startup_stm32f40_41xxx.o(.text)
    RTC_Alarm_IRQHandler                     0x080001b7   Thumb Code     0  startup_stm32f40_41xxx.o(.text)
    RTC_WKUP_IRQHandler                      0x080001b7   Thumb Code     0  startup_stm32f40_41xxx.o(.text)
    SDIO_IRQHandler                          0x080001b7   Thumb Code     0  startup_stm32f40_41xxx.o(.text)
    SPI1_IRQHandler                          0x080001b7   Thumb Code     0  startup_stm32f40_41xxx.o(.text)
    SPI2_IRQHandler                          0x080001b7   Thumb Code     0  startup_stm32f40_41xxx.o(.text)
    SPI3_IRQHandler                          0x080001b7   Thumb Code     0  startup_stm32f40_41xxx.o(.text)
    TAMP_STAMP_IRQHandler                    0x080001b7   Thumb Code     0  startup_stm32f40_41xxx.o(.text)
    TIM1_BRK_TIM9_IRQHandler                 0x080001b7   Thumb Code     0  startup_stm32f40_41xxx.o(.text)
    TIM1_CC_IRQHandler                       0x080001b7   Thumb Code     0  startup_stm32f40_41xxx.o(.text)
    TIM1_TRG_COM_TIM11_IRQHandler            0x080001b7   Thumb Code     0  startup_stm32f40_41xxx.o(.text)
    TIM1_UP_TIM10_IRQHandler                 0x080001b7   Thumb Code     0  startup_stm32f40_41xxx.o(.text)
    TIM2_IRQHandler                          0x080001b7   Thumb Code     0  startup_stm32f40_41xxx.o(.text)
    TIM3_IRQHandler                          0x080001b7   Thumb Code     0  startup_stm32f40_41xxx.o(.text)
    TIM4_IRQHandler                          0x080001b7   Thumb Code     0  startup_stm32f40_41xxx.o(.text)
    TIM5_IRQHandler                          0x080001b7   Thumb Code     0  startup_stm32f40_41xxx.o(.text)
    TIM6_DAC_IRQHandler                      0x080001b7   Thumb Code     0  startup_stm32f40_41xxx.o(.text)
    TIM7_IRQHandler                          0x080001b7   Thumb Code     0  startup_stm32f40_41xxx.o(.text)
    TIM8_BRK_TIM12_IRQHandler                0x080001b7   Thumb Code     0  startup_stm32f40_41xxx.o(.text)
    TIM8_CC_IRQHandler                       0x080001b7   Thumb Code     0  startup_stm32f40_41xxx.o(.text)
    TIM8_TRG_COM_TIM14_IRQHandler            0x080001b7   Thumb Code     0  startup_stm32f40_41xxx.o(.text)
    TIM8_UP_TIM13_IRQHandler                 0x080001b7   Thumb Code     0  startup_stm32f40_41xxx.o(.text)
    UART4_IRQHandler                         0x080001b7   Thumb Code     0  startup_stm32f40_41xxx.o(.text)
    UART5_IRQHandler                         0x080001b7   Thumb Code     0  startup_stm32f40_41xxx.o(.text)
    USART2_IRQHandler                        0x080001b7   Thumb Code     0  startup_stm32f40_41xxx.o(.text)
    USART3_IRQHandler                        0x080001b7   Thumb Code     0  startup_stm32f40_41xxx.o(.text)
    USART6_IRQHandler                        0x080001b7   Thumb Code     0  startup_stm32f40_41xxx.o(.text)
    WWDG_IRQHandler                          0x080001b7   Thumb Code     0  startup_stm32f40_41xxx.o(.text)
    __aeabi_uldivmod                         0x080001c1   Thumb Code    98  uldiv.o(.text)
    __scatterload                            0x08000225   Thumb Code    28  init.o(.text)
    __scatterload_rt2                        0x08000225   Thumb Code     0  init.o(.text)
    __aeabi_llsl                             0x08000249   Thumb Code    30  llshl.o(.text)
    _ll_shift_l                              0x08000249   Thumb Code     0  llshl.o(.text)
    __aeabi_llsr                             0x08000267   Thumb Code    32  llushr.o(.text)
    _ll_ushift_r                             0x08000267   Thumb Code     0  llushr.o(.text)
    BusFault_Handler                         0x08000287   Thumb Code     4  stm32f4xx_it.o(i.BusFault_Handler)
    DebugMon_Handler                         0x0800028b   Thumb Code     2  stm32f4xx_it.o(i.DebugMon_Handler)
    EXTI0_IRQHandler                         0x0800028d   Thumb Code    92  exti.o(i.EXTI0_IRQHandler)
    EXTI3_IRQHandler                         0x080002fd   Thumb Code    90  exti.o(i.EXTI3_IRQHandler)
    EXTI_ClearITPendingBit                   0x0800036d   Thumb Code     6  stm32f4xx_exti.o(i.EXTI_ClearITPendingBit)
    EXTI_GetITStatus                         0x08000379   Thumb Code    20  stm32f4xx_exti.o(i.EXTI_GetITStatus)
    EXTI_Init                                0x08000391   Thumb Code   142  stm32f4xx_exti.o(i.EXTI_Init)
    ExSRAM_Cap_Test                          0x08000425   Thumb Code   122  main.o(i.ExSRAM_Cap_Test)
    FLASH_DataCacheCmd                       0x080004c5   Thumb Code    30  stm32f4xx_flash.o(i.FLASH_DataCacheCmd)
    FLASH_EraseSector                        0x080004e9   Thumb Code   130  stm32f4xx_flash.o(i.FLASH_EraseSector)
    FLASH_GetStatus                          0x08000571   Thumb Code    80  stm32f4xx_flash.o(i.FLASH_GetStatus)
    FLASH_Lock                               0x080005c5   Thumb Code    14  stm32f4xx_flash.o(i.FLASH_Lock)
    FLASH_ProgramWord                        0x080005d9   Thumb Code    74  stm32f4xx_flash.o(i.FLASH_ProgramWord)
    FLASH_Unlock                             0x08000629   Thumb Code    24  stm32f4xx_flash.o(i.FLASH_Unlock)
    FLASH_WaitForLastOperation               0x0800064d   Thumb Code    34  stm32f4xx_flash.o(i.FLASH_WaitForLastOperation)
    FSMC_NORSRAMCmd                          0x08000671   Thumb Code    46  stm32f4xx_fsmc.o(i.FSMC_NORSRAMCmd)
    FSMC_NORSRAMInit                         0x080006a5   Thumb Code   290  stm32f4xx_fsmc.o(i.FSMC_NORSRAMInit)
    FSMC_SRAM_Init                           0x080007cd   Thumb Code   694  sram.o(i.FSMC_SRAM_Init)
    FSMC_SRAM_PUF_Init                       0x08000a99   Thumb Code   134  sram.o(i.FSMC_SRAM_PUF_Init)
    FSMC_SRAM_PUF_Output                     0x08000b95   Thumb Code   126  sram.o(i.FSMC_SRAM_PUF_Output)
    FSMC_SRAM_PUF_Read_With_Size             0x08000c19   Thumb Code    78  sram.o(i.FSMC_SRAM_PUF_Read_With_Size)
    FSMC_SRAM_ReadBuffer                     0x08000c67   Thumb Code    22  sram.o(i.FSMC_SRAM_ReadBuffer)
    GPIO_Init                                0x08000c7d   Thumb Code   144  stm32f4xx_gpio.o(i.GPIO_Init)
    GPIO_PinAFConfig                         0x08000d0d   Thumb Code    70  stm32f4xx_gpio.o(i.GPIO_PinAFConfig)
    GPIO_SetBits                             0x08000d53   Thumb Code     4  stm32f4xx_gpio.o(i.GPIO_SetBits)
    GPIO_WriteBit                            0x08000d57   Thumb Code    10  stm32f4xx_gpio.o(i.GPIO_WriteBit)
    HASH_Config                              0x08000d61   Thumb Code    16  hash.o(i.HASH_Config)
    HASH_DataIn                              0x08000d71   Thumb Code     6  stm32f4xx_hash.o(i.HASH_DataIn)
    HASH_DeInit                              0x08000d7d   Thumb Code    20  stm32f4xx_hash.o(i.HASH_DeInit)
    HASH_GetDigest                           0x08000d91   Thumb Code    62  stm32f4xx_hash.o(i.HASH_GetDigest)
    HASH_GetFlagStatus                       0x08000dd9   Thumb Code    38  stm32f4xx_hash.o(i.HASH_GetFlagStatus)
    HASH_Init                                0x08000e05   Thumb Code    74  stm32f4xx_hash.o(i.HASH_Init)
    HASH_Reset                               0x08000e59   Thumb Code    14  stm32f4xx_hash.o(i.HASH_Reset)
    HASH_SHA256                              0x08000e6d   Thumb Code   100  hash.o(i.HASH_SHA256)
    HASH_StartDigest                         0x08000ed5   Thumb Code    14  stm32f4xx_hash.o(i.HASH_StartDigest)
    HardFault_Handler                        0x08000ee9   Thumb Code     4  stm32f4xx_it.o(i.HardFault_Handler)
    KEY_Init                                 0x08000eed   Thumb Code    60  key.o(i.KEY_Init)
    LED_Init                                 0x08000f31   Thumb Code    60  led.o(i.LED_Init)
    MemManage_Handler                        0x08000f71   Thumb Code     4  stm32f4xx_it.o(i.MemManage_Handler)
    My_EXTI_Init                             0x08000f75   Thumb Code   216  exti.o(i.My_EXTI_Init)
    NMI_Handler                              0x0800104d   Thumb Code     2  stm32f4xx_it.o(i.NMI_Handler)
    NVIC_Init                                0x08001051   Thumb Code   106  misc.o(i.NVIC_Init)
    NVIC_PriorityGroupConfig                 0x080010c9   Thumb Code    10  misc.o(i.NVIC_PriorityGroupConfig)
    OLED_Clear                               0x080010dd   Thumb Code    42  oled.o(i.OLED_Clear)
    OLED_GPIO_Init                           0x08001109   Thumb Code   100  oled.o(i.OLED_GPIO_Init)
    OLED_I2C_SendByte                        0x08001171   Thumb Code   110  oled.o(i.OLED_I2C_SendByte)
    OLED_I2C_Start                           0x080011e5   Thumb Code    72  oled.o(i.OLED_I2C_Start)
    OLED_I2C_Stop                            0x08001231   Thumb Code    54  oled.o(i.OLED_I2C_Stop)
    OLED_Init                                0x0800126d   Thumb Code   174  oled.o(i.OLED_Init)
    OLED_SetCursor                           0x0800131b   Thumb Code    34  oled.o(i.OLED_SetCursor)
    OLED_ShowChar                            0x0800133d   Thumb Code   110  oled.o(i.OLED_ShowChar)
    OLED_ShowString                          0x080013b1   Thumb Code    40  oled.o(i.OLED_ShowString)
    OLED_ShowText                            0x080013d9   Thumb Code    64  oled.o(i.OLED_ShowText)
    OLED_WriteCommand                        0x08001419   Thumb Code    32  oled.o(i.OLED_WriteCommand)
    OLED_WriteData                           0x08001439   Thumb Code    32  oled.o(i.OLED_WriteData)
    PendSV_Handler                           0x08001459   Thumb Code     2  stm32f4xx_it.o(i.PendSV_Handler)
    RCC_AHB1PeriphClockCmd                   0x0800145d   Thumb Code    26  stm32f4xx_rcc.o(i.RCC_AHB1PeriphClockCmd)
    RCC_AHB2PeriphClockCmd                   0x0800147d   Thumb Code    26  stm32f4xx_rcc.o(i.RCC_AHB2PeriphClockCmd)
    RCC_AHB2PeriphResetCmd                   0x0800149d   Thumb Code    26  stm32f4xx_rcc.o(i.RCC_AHB2PeriphResetCmd)
    RCC_AHB3PeriphClockCmd                   0x080014bd   Thumb Code    26  stm32f4xx_rcc.o(i.RCC_AHB3PeriphClockCmd)
    RCC_APB2PeriphClockCmd                   0x080014dd   Thumb Code    26  stm32f4xx_rcc.o(i.RCC_APB2PeriphClockCmd)
    RCC_GetClocksFreq                        0x080014fd   Thumb Code   214  stm32f4xx_rcc.o(i.RCC_GetClocksFreq)
    RNG_Cmd                                  0x080015e5   Thumb Code    30  stm32f4xx_rng.o(i.RNG_Cmd)
    RNG_GetFlagStatus                        0x08001609   Thumb Code    20  stm32f4xx_rng.o(i.RNG_GetFlagStatus)
    RNG_GetRandomNumber                      0x08001621   Thumb Code     6  stm32f4xx_rng.o(i.RNG_GetRandomNumber)
    RNG_Get_RandomNum                        0x0800162d   Thumb Code    20  rng.o(i.RNG_Get_RandomNum)
    RNG_Init                                 0x08001641   Thumb Code    54  rng.o(i.RNG_Init)
    STMFLASH_GetFlashSector                  0x08001679   Thumb Code   116  stmflash.o(i.STMFLASH_GetFlashSector)
    STMFLASH_Read                            0x08001719   Thumb Code    32  stmflash.o(i.STMFLASH_Read)
    STMFLASH_ReadWord                        0x08001739   Thumb Code     6  stmflash.o(i.STMFLASH_ReadWord)
    STMFLASH_Write                           0x08001741   Thumb Code   146  stmflash.o(i.STMFLASH_Write)
    SVC_Handler                              0x080017d9   Thumb Code     2  stm32f4xx_it.o(i.SVC_Handler)
    SYSCFG_EXTILineConfig                    0x080017dd   Thumb Code    60  stm32f4xx_syscfg.o(i.SYSCFG_EXTILineConfig)
    SysTick_CLKSourceConfig                  0x08001909   Thumb Code    40  misc.o(i.SysTick_CLKSourceConfig)
    SysTick_Handler                          0x08001931   Thumb Code     2  stm32f4xx_it.o(i.SysTick_Handler)
    SysTick_Init                             0x08001935   Thumb Code    52  systick.o(i.SysTick_Init)
    SystemInit                               0x08001971   Thumb Code    88  system_stm32f4xx.o(i.SystemInit)
    System_Init                              0x080019d9   Thumb Code    64  main.o(i.System_Init)
    USART1_IRQHandler                        0x08001a25   Thumb Code   318  usart.o(i.USART1_IRQHandler)
    USART1_Init                              0x08001bcd   Thumb Code   172  usart.o(i.USART1_Init)
    USART_ClearFlag                          0x08001c81   Thumb Code    18  stm32f4xx_usart.o(i.USART_ClearFlag)
    USART_Cmd                                0x08001c93   Thumb Code    24  stm32f4xx_usart.o(i.USART_Cmd)
    USART_GetFlagStatus                      0x08001cab   Thumb Code    26  stm32f4xx_usart.o(i.USART_GetFlagStatus)
    USART_GetITStatus                        0x08001cc5   Thumb Code    84  stm32f4xx_usart.o(i.USART_GetITStatus)
    USART_ITConfig                           0x08001d19   Thumb Code    74  stm32f4xx_usart.o(i.USART_ITConfig)
    USART_Init                               0x08001d65   Thumb Code   204  stm32f4xx_usart.o(i.USART_Init)
    USART_ReceiveData                        0x08001e39   Thumb Code    10  stm32f4xx_usart.o(i.USART_ReceiveData)
    USART_SendData                           0x08001e43   Thumb Code     8  stm32f4xx_usart.o(i.USART_SendData)
    UsageFault_Handler                       0x08001e4b   Thumb Code     4  stm32f4xx_it.o(i.UsageFault_Handler)
    __0printf$8                              0x08001e51   Thumb Code    22  printf8.o(i.__0printf$8)
    __1printf$8                              0x08001e51   Thumb Code     0  printf8.o(i.__0printf$8)
    __2printf                                0x08001e51   Thumb Code     0  printf8.o(i.__0printf$8)
    __0sprintf$8                             0x08001e71   Thumb Code    34  printf8.o(i.__0sprintf$8)
    __1sprintf$8                             0x08001e71   Thumb Code     0  printf8.o(i.__0sprintf$8)
    __2sprintf                               0x08001e71   Thumb Code     0  printf8.o(i.__0sprintf$8)
    __scatterload_copy                       0x08001e99   Thumb Code    14  handlers.o(i.__scatterload_copy)
    __scatterload_null                       0x08001ea7   Thumb Code     2  handlers.o(i.__scatterload_null)
    __scatterload_zeroinit                   0x08001ea9   Thumb Code    14  handlers.o(i.__scatterload_zeroinit)
    bch_decoder                              0x08002325   Thumb Code   156  bch.o(i.bch_decoder)
    bch_encode                               0x080023c1   Thumb Code    80  bch.o(i.bch_encode)
    bch_encoder                              0x08002415   Thumb Code   140  bch.o(i.bch_encoder)
    bch_repair                               0x080024a1   Thumb Code   314  bch.o(i.bch_repair)
    calculate_length                         0x080025db   Thumb Code    16  main.o(i.calculate_length)
    delay_ms                                 0x080025eb   Thumb Code    56  systick.o(i.delay_ms)
    delay_nms                                0x08002625   Thumb Code    72  systick.o(i.delay_nms)
    delay_us                                 0x08002671   Thumb Code    72  systick.o(i.delay_us)
    fputc                                    0x080026bd   Thumb Code    32  usart.o(i.fputc)
    main                                     0x080026e1   Thumb Code    82  main.o(i.main)
    string_compare                           0x08002751   Thumb Code    46  usart.o(i.string_compare)
    OLED_F8x16                               0x0800277e   Data        1520  oled.o(.constdata)
    Region$$Table$$Base                      0x08002d70   Number         0  anon$$obj.o(Region$$Table)
    Region$$Table$$Limit                     0x08002d90   Number         0  anon$$obj.o(Region$$Table)
    OLED_output_start                        0x20000000   Data           4  main.o(.data)
    OLED_output_mid                          0x20000004   Data           4  main.o(.data)
    OLED_output_end                          0x20000008   Data           4  main.o(.data)
    status                                   0x2000000c   Data           4  main.o(.data)
    inputFlag                                0x20000010   Data           1  main.o(.data)
    bufferIndex                              0x20000012   Data           2  main.o(.data)
    __stdout                                 0x20000028   Data           4  stdout.o(.data)
    buffer                                   0x2000002c   Data         256  main.o(.bss)
    __initial_sp                             0x20000530   Data           0  startup_stm32f40_41xxx.o(STACK)



==============================================================================

Memory Map of the image

  Image Entry point : 0x08000189

  Load Region LR_IROM1 (Base: 0x08000000, Size: 0x00002dbc, Max: 0x00100000, ABSOLUTE)

    Execution Region ER_IROM1 (Exec base: 0x08000000, Load base: 0x08000000, Size: 0x00002d90, Max: 0x00100000, ABSOLUTE)

    Exec Addr    Load Addr    Size         Type   Attr      Idx    E Section Name        Object

    0x08000000   0x08000000   0x00000188   Data   RO          309    RESET               startup_stm32f40_41xxx.o
    0x08000188   0x08000188   0x00000000   Code   RO         4878  * .ARM.Collect$$$$00000000  mc_w.l(entry.o)
    0x08000188   0x08000188   0x00000004   Code   RO         5142    .ARM.Collect$$$$00000001  mc_w.l(entry2.o)
    0x0800018c   0x0800018c   0x00000004   Code   RO         5145    .ARM.Collect$$$$00000004  mc_w.l(entry5.o)
    0x08000190   0x08000190   0x00000000   Code   RO         5147    .ARM.Collect$$$$00000008  mc_w.l(entry7b.o)
    0x08000190   0x08000190   0x00000000   Code   RO         5149    .ARM.Collect$$$$0000000A  mc_w.l(entry8b.o)
    0x08000190   0x08000190   0x00000008   Code   RO         5150    .ARM.Collect$$$$0000000B  mc_w.l(entry9a.o)
    0x08000198   0x08000198   0x00000000   Code   RO         5152    .ARM.Collect$$$$0000000D  mc_w.l(entry10a.o)
    0x08000198   0x08000198   0x00000000   Code   RO         5154    .ARM.Collect$$$$0000000F  mc_w.l(entry11a.o)
    0x08000198   0x08000198   0x00000004   Code   RO         5143    .ARM.Collect$$$$00002712  mc_w.l(entry2.o)
    0x0800019c   0x0800019c   0x00000024   Code   RO          310    .text               startup_stm32f40_41xxx.o
    0x080001c0   0x080001c0   0x00000062   Code   RO         5159    .text               mc_w.l(uldiv.o)
    0x08000222   0x08000222   0x00000002   PAD
    0x08000224   0x08000224   0x00000024   Code   RO         5172    .text               mc_w.l(init.o)
    0x08000248   0x08000248   0x0000001e   Code   RO         5174    .text               mc_w.l(llshl.o)
    0x08000266   0x08000266   0x00000020   Code   RO         5176    .text               mc_w.l(llushr.o)
    0x08000286   0x08000286   0x00000004   Code   RO          213    i.BusFault_Handler  stm32f4xx_it.o
    0x0800028a   0x0800028a   0x00000002   Code   RO          214    i.DebugMon_Handler  stm32f4xx_it.o
    0x0800028c   0x0800028c   0x00000070   Code   RO         4361    i.EXTI0_IRQHandler  exti.o
    0x080002fc   0x080002fc   0x00000070   Code   RO         4362    i.EXTI3_IRQHandler  exti.o
    0x0800036c   0x0800036c   0x0000000c   Code   RO          866    i.EXTI_ClearITPendingBit  stm32f4xx_exti.o
    0x08000378   0x08000378   0x00000018   Code   RO          870    i.EXTI_GetITStatus  stm32f4xx_exti.o
    0x08000390   0x08000390   0x00000094   Code   RO          871    i.EXTI_Init         stm32f4xx_exti.o
    0x08000424   0x08000424   0x000000a0   Code   RO            4    i.ExSRAM_Cap_Test   main.o
    0x080004c4   0x080004c4   0x00000024   Code   RO         3316    i.FLASH_DataCacheCmd  stm32f4xx_flash.o
    0x080004e8   0x080004e8   0x00000088   Code   RO         3321    i.FLASH_EraseSector  stm32f4xx_flash.o
    0x08000570   0x08000570   0x00000054   Code   RO         3323    i.FLASH_GetStatus   stm32f4xx_flash.o
    0x080005c4   0x080005c4   0x00000014   Code   RO         3327    i.FLASH_Lock        stm32f4xx_flash.o
    0x080005d8   0x080005d8   0x00000050   Code   RO         3351    i.FLASH_ProgramWord  stm32f4xx_flash.o
    0x08000628   0x08000628   0x00000024   Code   RO         3353    i.FLASH_Unlock      stm32f4xx_flash.o
    0x0800064c   0x0800064c   0x00000022   Code   RO         3354    i.FLASH_WaitForLastOperation  stm32f4xx_flash.o
    0x0800066e   0x0800066e   0x00000002   PAD
    0x08000670   0x08000670   0x00000034   Code   RO         3023    i.FSMC_NORSRAMCmd   stm32f4xx_fsmc.o
    0x080006a4   0x080006a4   0x00000128   Code   RO         3025    i.FSMC_NORSRAMInit  stm32f4xx_fsmc.o
    0x080007cc   0x080007cc   0x000002cc   Code   RO         4165    i.FSMC_SRAM_Init    sram.o
    0x08000a98   0x08000a98   0x000000fc   Code   RO         4166    i.FSMC_SRAM_PUF_Init  sram.o
    0x08000b94   0x08000b94   0x00000084   Code   RO         4167    i.FSMC_SRAM_PUF_Output  sram.o
    0x08000c18   0x08000c18   0x0000004e   Code   RO         4168    i.FSMC_SRAM_PUF_Read_With_Size  sram.o
    0x08000c66   0x08000c66   0x00000016   Code   RO         4169    i.FSMC_SRAM_ReadBuffer  sram.o
    0x08000c7c   0x08000c7c   0x00000090   Code   RO          318    i.GPIO_Init         stm32f4xx_gpio.o
    0x08000d0c   0x08000d0c   0x00000046   Code   RO          319    i.GPIO_PinAFConfig  stm32f4xx_gpio.o
    0x08000d52   0x08000d52   0x00000004   Code   RO          326    i.GPIO_SetBits      stm32f4xx_gpio.o
    0x08000d56   0x08000d56   0x0000000a   Code   RO          330    i.GPIO_WriteBit     stm32f4xx_gpio.o
    0x08000d60   0x08000d60   0x00000010   Code   RO         4485    i.HASH_Config       hash.o
    0x08000d70   0x08000d70   0x0000000c   Code   RO         3577    i.HASH_DataIn       stm32f4xx_hash.o
    0x08000d7c   0x08000d7c   0x00000014   Code   RO         3578    i.HASH_DeInit       stm32f4xx_hash.o
    0x08000d90   0x08000d90   0x00000048   Code   RO         3579    i.HASH_GetDigest    stm32f4xx_hash.o
    0x08000dd8   0x08000dd8   0x0000002c   Code   RO         3580    i.HASH_GetFlagStatus  stm32f4xx_hash.o
    0x08000e04   0x08000e04   0x00000054   Code   RO         3584    i.HASH_Init         stm32f4xx_hash.o
    0x08000e58   0x08000e58   0x00000014   Code   RO         3585    i.HASH_Reset        stm32f4xx_hash.o
    0x08000e6c   0x08000e6c   0x00000068   Code   RO         4486    i.HASH_SHA256       hash.o
    0x08000ed4   0x08000ed4   0x00000014   Code   RO         3589    i.HASH_StartDigest  stm32f4xx_hash.o
    0x08000ee8   0x08000ee8   0x00000004   Code   RO          215    i.HardFault_Handler  stm32f4xx_it.o
    0x08000eec   0x08000eec   0x00000044   Code   RO         4131    i.KEY_Init          key.o
    0x08000f30   0x08000f30   0x00000040   Code   RO         3914    i.LED_Init          led.o
    0x08000f70   0x08000f70   0x00000004   Code   RO          216    i.MemManage_Handler  stm32f4xx_it.o
    0x08000f74   0x08000f74   0x000000d8   Code   RO         4363    i.My_EXTI_Init      exti.o
    0x0800104c   0x0800104c   0x00000002   Code   RO          217    i.NMI_Handler       stm32f4xx_it.o
    0x0800104e   0x0800104e   0x00000002   PAD
    0x08001050   0x08001050   0x00000078   Code   RO          817    i.NVIC_Init         misc.o
    0x080010c8   0x080010c8   0x00000014   Code   RO          818    i.NVIC_PriorityGroupConfig  misc.o
    0x080010dc   0x080010dc   0x0000002a   Code   RO         4228    i.OLED_Clear        oled.o
    0x08001106   0x08001106   0x00000002   PAD
    0x08001108   0x08001108   0x00000068   Code   RO         4229    i.OLED_GPIO_Init    oled.o
    0x08001170   0x08001170   0x00000074   Code   RO         4230    i.OLED_I2C_SendByte  oled.o
    0x080011e4   0x080011e4   0x0000004c   Code   RO         4231    i.OLED_I2C_Start    oled.o
    0x08001230   0x08001230   0x0000003c   Code   RO         4232    i.OLED_I2C_Stop     oled.o
    0x0800126c   0x0800126c   0x000000ae   Code   RO         4233    i.OLED_Init         oled.o
    0x0800131a   0x0800131a   0x00000022   Code   RO         4235    i.OLED_SetCursor    oled.o
    0x0800133c   0x0800133c   0x00000074   Code   RO         4237    i.OLED_ShowChar     oled.o
    0x080013b0   0x080013b0   0x00000028   Code   RO         4241    i.OLED_ShowString   oled.o
    0x080013d8   0x080013d8   0x00000040   Code   RO         4242    i.OLED_ShowText     oled.o
    0x08001418   0x08001418   0x00000020   Code   RO         4243    i.OLED_WriteCommand  oled.o
    0x08001438   0x08001438   0x00000020   Code   RO         4244    i.OLED_WriteData    oled.o
    0x08001458   0x08001458   0x00000002   Code   RO          218    i.PendSV_Handler    stm32f4xx_it.o
    0x0800145a   0x0800145a   0x00000002   PAD
    0x0800145c   0x0800145c   0x00000020   Code   RO          419    i.RCC_AHB1PeriphClockCmd  stm32f4xx_rcc.o
    0x0800147c   0x0800147c   0x00000020   Code   RO          422    i.RCC_AHB2PeriphClockCmd  stm32f4xx_rcc.o
    0x0800149c   0x0800149c   0x00000020   Code   RO          424    i.RCC_AHB2PeriphResetCmd  stm32f4xx_rcc.o
    0x080014bc   0x080014bc   0x00000020   Code   RO          425    i.RCC_AHB3PeriphClockCmd  stm32f4xx_rcc.o
    0x080014dc   0x080014dc   0x00000020   Code   RO          431    i.RCC_APB2PeriphClockCmd  stm32f4xx_rcc.o
    0x080014fc   0x080014fc   0x000000e8   Code   RO          440    i.RCC_GetClocksFreq  stm32f4xx_rcc.o
    0x080015e4   0x080015e4   0x00000024   Code   RO         1811    i.RNG_Cmd           stm32f4xx_rng.o
    0x08001608   0x08001608   0x00000018   Code   RO         1813    i.RNG_GetFlagStatus  stm32f4xx_rng.o
    0x08001620   0x08001620   0x0000000c   Code   RO         1815    i.RNG_GetRandomNumber  stm32f4xx_rng.o
    0x0800162c   0x0800162c   0x00000014   Code   RO         4401    i.RNG_Get_RandomNum  rng.o
    0x08001640   0x08001640   0x00000036   Code   RO         4403    i.RNG_Init          rng.o
    0x08001676   0x08001676   0x00000002   PAD
    0x08001678   0x08001678   0x000000a0   Code   RO         4440    i.STMFLASH_GetFlashSector  stmflash.o
    0x08001718   0x08001718   0x00000020   Code   RO         4441    i.STMFLASH_Read     stmflash.o
    0x08001738   0x08001738   0x00000006   Code   RO         4442    i.STMFLASH_ReadWord  stmflash.o
    0x0800173e   0x0800173e   0x00000002   PAD
    0x08001740   0x08001740   0x00000098   Code   RO         4443    i.STMFLASH_Write    stmflash.o
    0x080017d8   0x080017d8   0x00000002   Code   RO          219    i.SVC_Handler       stm32f4xx_it.o
    0x080017da   0x080017da   0x00000002   PAD
    0x080017dc   0x080017dc   0x00000040   Code   RO          760    i.SYSCFG_EXTILineConfig  stm32f4xx_syscfg.o
    0x0800181c   0x0800181c   0x000000ec   Code   RO         3759    i.SetSysClock       system_stm32f4xx.o
    0x08001908   0x08001908   0x00000028   Code   RO          821    i.SysTick_CLKSourceConfig  misc.o
    0x08001930   0x08001930   0x00000002   Code   RO          220    i.SysTick_Handler   stm32f4xx_it.o
    0x08001932   0x08001932   0x00000002   PAD
    0x08001934   0x08001934   0x0000003c   Code   RO         3821    i.SysTick_Init      systick.o
    0x08001970   0x08001970   0x00000068   Code   RO         3761    i.SystemInit        system_stm32f4xx.o
    0x080019d8   0x080019d8   0x0000004c   Code   RO            5    i.System_Init       main.o
    0x08001a24   0x08001a24   0x000001a8   Code   RO         3868    i.USART1_IRQHandler  usart.o
    0x08001bcc   0x08001bcc   0x000000b4   Code   RO         3869    i.USART1_Init       usart.o
    0x08001c80   0x08001c80   0x00000012   Code   RO         1497    i.USART_ClearFlag   stm32f4xx_usart.o
    0x08001c92   0x08001c92   0x00000018   Code   RO         1501    i.USART_Cmd         stm32f4xx_usart.o
    0x08001caa   0x08001caa   0x0000001a   Code   RO         1504    i.USART_GetFlagStatus  stm32f4xx_usart.o
    0x08001cc4   0x08001cc4   0x00000054   Code   RO         1505    i.USART_GetITStatus  stm32f4xx_usart.o
    0x08001d18   0x08001d18   0x0000004a   Code   RO         1507    i.USART_ITConfig    stm32f4xx_usart.o
    0x08001d62   0x08001d62   0x00000002   PAD
    0x08001d64   0x08001d64   0x000000d4   Code   RO         1508    i.USART_Init        stm32f4xx_usart.o
    0x08001e38   0x08001e38   0x0000000a   Code   RO         1515    i.USART_ReceiveData  stm32f4xx_usart.o
    0x08001e42   0x08001e42   0x00000008   Code   RO         1518    i.USART_SendData    stm32f4xx_usart.o
    0x08001e4a   0x08001e4a   0x00000004   Code   RO          221    i.UsageFault_Handler  stm32f4xx_it.o
    0x08001e4e   0x08001e4e   0x00000002   PAD
    0x08001e50   0x08001e50   0x00000020   Code   RO         5088    i.__0printf$8       mc_w.l(printf8.o)
    0x08001e70   0x08001e70   0x00000028   Code   RO         5090    i.__0sprintf$8      mc_w.l(printf8.o)
    0x08001e98   0x08001e98   0x0000000e   Code   RO         5184    i.__scatterload_copy  mc_w.l(handlers.o)
    0x08001ea6   0x08001ea6   0x00000002   Code   RO         5185    i.__scatterload_null  mc_w.l(handlers.o)
    0x08001ea8   0x08001ea8   0x0000000e   Code   RO         5186    i.__scatterload_zeroinit  mc_w.l(handlers.o)
    0x08001eb6   0x08001eb6   0x00000002   PAD
    0x08001eb8   0x08001eb8   0x00000410   Code   RO         5095    i._printf_core      mc_w.l(printf8.o)
    0x080022c8   0x080022c8   0x00000024   Code   RO         5096    i._printf_post_padding  mc_w.l(printf8.o)
    0x080022ec   0x080022ec   0x0000002e   Code   RO         5097    i._printf_pre_padding  mc_w.l(printf8.o)
    0x0800231a   0x0800231a   0x0000000a   Code   RO         5099    i._sputc            mc_w.l(printf8.o)
    0x08002324   0x08002324   0x0000009c   Code   RO         4836    i.bch_decoder       bch.o
    0x080023c0   0x080023c0   0x00000054   Code   RO         4837    i.bch_encode        bch.o
    0x08002414   0x08002414   0x0000008c   Code   RO         4838    i.bch_encoder       bch.o
    0x080024a0   0x080024a0   0x0000013a   Code   RO         4839    i.bch_repair        bch.o
    0x080025da   0x080025da   0x00000010   Code   RO            6    i.calculate_length  main.o
    0x080025ea   0x080025ea   0x00000038   Code   RO         3822    i.delay_ms          systick.o
    0x08002622   0x08002622   0x00000002   PAD
    0x08002624   0x08002624   0x0000004c   Code   RO         3823    i.delay_nms         systick.o
    0x08002670   0x08002670   0x0000004c   Code   RO         3824    i.delay_us          systick.o
    0x080026bc   0x080026bc   0x00000024   Code   RO         3870    i.fputc             usart.o
    0x080026e0   0x080026e0   0x00000070   Code   RO            7    i.main              main.o
    0x08002750   0x08002750   0x0000002e   Code   RO         3871    i.string_compare    usart.o
    0x0800277e   0x0800277e   0x000005f0   Data   RO         4246    .constdata          oled.o
    0x08002d6e   0x08002d6e   0x00000002   PAD
    0x08002d70   0x08002d70   0x00000020   Data   RO         5182    Region$$Table       anon$$obj.o


    Execution Region RW_IRAM1 (Exec base: 0x20000000, Load base: 0x08002d90, Size: 0x00000530, Max: 0x00020000, ABSOLUTE)

    Exec Addr    Load Addr    Size         Type   Attr      Idx    E Section Name        Object

    0x20000000   0x08002d90   0x00000014   Data   RW            9    .data               main.o
    0x20000014   0x08002da4   0x00000010   Data   RW          472    .data               stm32f4xx_rcc.o
    0x20000024   0x08002db4   0x00000004   Data   RW         3825    .data               systick.o
    0x20000028   0x08002db8   0x00000004   Data   RW         5156    .data               mc_w.l(stdout.o)
    0x2000002c        -       0x00000100   Zero   RW            8    .bss                main.o
    0x2000012c   0x08002dbc   0x00000004   PAD
    0x20000130        -       0x00000400   Zero   RW          307    STACK               startup_stm32f40_41xxx.o


==============================================================================

Image component sizes


      Code (inc. data)   RO Data    RW Data    ZI Data      Debug   Object Name

       694          4          0          0          0       4298   bch.o
       440         42          0          0          0       1665   exti.o
       120          4          0          0          0       1556   hash.o
        68          8          0          0          0        503   key.o
        64          4          0          0          0        495   led.o
       364         80          0         20        256     294782   main.o
       180         24          0          0          0       2249   misc.o
       890         26       1520          0          0       7416   oled.o
        74          0          0          0          0       1047   rng.o
      1200        146          0          0          0       4227   sram.o
        36          8        392          0       1024        832   startup_stm32f40_41xxx.o
       184         16          0          0          0       2264   stm32f4xx_exti.o
       426         40          0          0          0       4812   stm32f4xx_flash.o
       348         12          0          0          0       2141   stm32f4xx_fsmc.o
       228          0          0          0          0       3118   stm32f4xx_gpio.o
       272         44          0          0          0       4382   stm32f4xx_hash.o
        26          0          0          0          0       3962   stm32f4xx_it.o
       392         48          0         16          0       6081   stm32f4xx_rcc.o
        72         16          0          0          0       1736   stm32f4xx_rng.o
        64          4          0          0          0        688   stm32f4xx_syscfg.o
       456          8          0          0          0       6399   stm32f4xx_usart.o
       350         50          0          0          0       3051   stmflash.o
       340         32          0          0          0       1521   system_stm32f4xx.o
       268         16          0          4          0       2361   systick.o
       686        118          0          0          0       2903   usart.o

    ----------------------------------------------------------------------
      8264        750       1946         40       1284     364489   Object Totals
         0          0         32          0          0          0   (incl. Generated)
        22          0          2          0          4          0   (incl. Padding)

    ----------------------------------------------------------------------

      Code (inc. data)   RO Data    RW Data    ZI Data      Debug   Library Member Name

         0          0          0          0          0          0   entry.o
         0          0          0          0          0          0   entry10a.o
         0          0          0          0          0          0   entry11a.o
         8          4          0          0          0          0   entry2.o
         4          0          0          0          0          0   entry5.o
         0          0          0          0          0          0   entry7b.o
         0          0          0          0          0          0   entry8b.o
         8          4          0          0          0          0   entry9a.o
        30          0          0          0          0          0   handlers.o
        36          8          0          0          0         68   init.o
        30          0          0          0          0         68   llshl.o
        32          0          0          0          0         68   llushr.o
      1204         60          0          0          0        504   printf8.o
         0          0          0          4          0          0   stdout.o
        98          0          0          0          0         92   uldiv.o

    ----------------------------------------------------------------------
      1454         76          0          4          0        800   Library Totals
         4          0          0          0          0          0   (incl. Padding)

    ----------------------------------------------------------------------

      Code (inc. data)   RO Data    RW Data    ZI Data      Debug   Library Name

      1450         76          0          4          0        800   mc_w.l

    ----------------------------------------------------------------------
      1454         76          0          4          0        800   Library Totals

    ----------------------------------------------------------------------

==============================================================================


      Code (inc. data)   RO Data    RW Data    ZI Data      Debug   

      9718        826       1946         44       1284     355729   Grand Totals
      9718        826       1946         44       1284     355729   ELF Image Totals
      9718        826       1946         44          0          0   ROM Totals

==============================================================================

    Total RO  Size (Code + RO Data)                11664 (  11.39kB)
    Total RW  Size (RW Data + ZI Data)              1328 (   1.30kB)
    Total ROM Size (Code + RO Data + RW Data)      11708 (  11.43kB)

==============================================================================

