Component: ARM Compiler 5.06 update 6 (build 750) Tool: armlink [4d35ed]

==============================================================================

Section Cross References

    startup_stm32f412rx.o(RESET) refers to startup_stm32f412rx.o(STACK) for __initial_sp
    startup_stm32f412rx.o(RESET) refers to startup_stm32f412rx.o(.text) for Reset_Handler
    startup_stm32f412rx.o(RESET) refers to stm32f4xx_it.o(i.NMI_Handler) for NMI_Handler
    startup_stm32f412rx.o(RESET) refers to stm32f4xx_it.o(i.HardFault_Handler) for HardFault_Handler
    startup_stm32f412rx.o(RESET) refers to stm32f4xx_it.o(i.MemManage_Handler) for MemManage_Handler
    startup_stm32f412rx.o(RESET) refers to stm32f4xx_it.o(i.BusFault_Handler) for BusFault_Handler
    startup_stm32f412rx.o(RESET) refers to stm32f4xx_it.o(i.UsageFault_Handler) for UsageFault_Handler
    startup_stm32f412rx.o(RESET) refers to port.o(.emb_text) for SVC_Handler
    startup_stm32f412rx.o(RESET) refers to stm32f4xx_it.o(i.DebugMon_Handler) for DebugMon_Handler
    startup_stm32f412rx.o(RESET) refers to port.o(i.SysTick_Handler) for SysTick_Handler
    startup_stm32f412rx.o(RESET) refers to stm32f4xx_it.o(i.TIM1_UP_TIM10_IRQHandler) for TIM1_UP_TIM10_IRQHandler
    startup_stm32f412rx.o(RESET) refers to stm32f4xx_it.o(i.SPI1_IRQHandler) for SPI1_IRQHandler
    startup_stm32f412rx.o(RESET) refers to stm32f4xx_it.o(i.SPI2_IRQHandler) for SPI2_IRQHandler
    startup_stm32f412rx.o(RESET) refers to stm32f4xx_it.o(i.USART1_IRQHandler) for USART1_IRQHandler
    startup_stm32f412rx.o(RESET) refers to stm32f4xx_it.o(i.DMA2_Stream0_IRQHandler) for DMA2_Stream0_IRQHandler
    startup_stm32f412rx.o(RESET) refers to stm32f4xx_it.o(i.DMA2_Stream2_IRQHandler) for DMA2_Stream2_IRQHandler
    startup_stm32f412rx.o(RESET) refers to stm32f4xx_it.o(i.DMA2_Stream3_IRQHandler) for DMA2_Stream3_IRQHandler
    startup_stm32f412rx.o(RESET) refers to stm32f4xx_it.o(i.OTG_FS_IRQHandler) for OTG_FS_IRQHandler
    startup_stm32f412rx.o(RESET) refers to stm32f4xx_it.o(i.DMA2_Stream7_IRQHandler) for DMA2_Stream7_IRQHandler
    startup_stm32f412rx.o(.text) refers to system_stm32f4xx.o(i.SystemInit) for SystemInit
    startup_stm32f412rx.o(.text) refers to entry.o(.ARM.Collect$$$$00000000) for __main
    main.o(i.HAL_TIM_PeriodElapsedCallback) refers to stm32f4xx_hal.o(i.HAL_IncTick) for HAL_IncTick
    main.o(i.SystemClock_Config) refers to memseta.o(.text) for __aeabi_memclr4
    main.o(i.SystemClock_Config) refers to stm32f4xx_hal_rcc_ex.o(i.HAL_RCC_OscConfig) for HAL_RCC_OscConfig
    main.o(i.SystemClock_Config) refers to stm32f4xx_hal_rcc.o(i.HAL_RCC_ClockConfig) for HAL_RCC_ClockConfig
    main.o(i.main) refers to stm32f4xx_hal.o(i.HAL_Init) for HAL_Init
    main.o(i.main) refers to main.o(i.SystemClock_Config) for SystemClock_Config
    main.o(i.main) refers to gpio.o(i.MX_GPIO_Init) for MX_GPIO_Init
    main.o(i.main) refers to dma.o(i.MX_DMA_Init) for MX_DMA_Init
    main.o(i.main) refers to usart.o(i.MX_USART1_UART_Init) for MX_USART1_UART_Init
    main.o(i.main) refers to spi.o(i.MX_SPI1_Init) for MX_SPI1_Init
    main.o(i.main) refers to spi.o(i.MX_SPI2_Init) for MX_SPI2_Init
    main.o(i.main) refers to stm32f4xx_hal_gpio.o(i.HAL_GPIO_WritePin) for HAL_GPIO_WritePin
    main.o(i.main) refers to queue.o(i.xQueueGenericCreate) for xQueueGenericCreate
    main.o(i.main) refers to freertos.o(i.MX_FREERTOS_Init) for MX_FREERTOS_Init
    main.o(i.main) refers to cmsis_os.o(i.osKernelStart) for osKernelStart
    main.o(i.main) refers to main.o(.data) for .data
    gpio.o(i.MX_GPIO_Init) refers to memseta.o(.text) for __aeabi_memclr4
    gpio.o(i.MX_GPIO_Init) refers to stm32f4xx_hal_gpio.o(i.HAL_GPIO_WritePin) for HAL_GPIO_WritePin
    gpio.o(i.MX_GPIO_Init) refers to stm32f4xx_hal_gpio.o(i.HAL_GPIO_Init) for HAL_GPIO_Init
    freertos.o(i.MX_FREERTOS_Init) refers to memcpya.o(.text) for __aeabi_memcpy4
    freertos.o(i.MX_FREERTOS_Init) refers to cmsis_os.o(i.osThreadCreate) for osThreadCreate
    freertos.o(i.MX_FREERTOS_Init) refers to freertos.o(.constdata) for .constdata
    freertos.o(i.MX_FREERTOS_Init) refers to freertos.o(.data) for .data
    freertos.o(i.StartDefaultTask) refers to usb_device.o(i.MX_USB_DEVICE_Init) for MX_USB_DEVICE_Init
    freertos.o(i.StartDefaultTask) refers to cmsis_os.o(i.osDelay) for osDelay
    freertos.o(i.vApplicationGetIdleTaskMemory) refers to freertos.o(.bss) for .bss
    freertos.o(.constdata) refers to freertos.o(.conststring) for .conststring
    freertos.o(.constdata) refers to freertos.o(i.StartDefaultTask) for StartDefaultTask
    freertos.o(.constdata) refers to task_uart1_recv.o(i.task_uart1_rx) for task_uart1_rx
    freertos.o(.constdata) refers to task_usb_recv.o(i.task_usb_rx) for task_usb_rx
    dma.o(i.MX_DMA_Init) refers to stm32f4xx_hal_cortex.o(i.HAL_NVIC_SetPriority) for HAL_NVIC_SetPriority
    dma.o(i.MX_DMA_Init) refers to stm32f4xx_hal_cortex.o(i.HAL_NVIC_EnableIRQ) for HAL_NVIC_EnableIRQ
[...]
    SPI4_IRQHandler                          0x080202b3   Thumb Code     0  startup_stm32f412rx.o(.text)
    SPI5_IRQHandler                          0x080202b3   Thumb Code     0  startup_stm32f412rx.o(.text)
    TAMP_STAMP_IRQHandler                    0x080202b3   Thumb Code     0  startup_stm32f412rx.o(.text)
    TIM1_BRK_TIM9_IRQHandler                 0x080202b3   Thumb Code     0  startup_stm32f412rx.o(.text)
    TIM1_CC_IRQHandler                       0x080202b3   Thumb Code     0  startup_stm32f412rx.o(.text)
    TIM1_TRG_COM_TIM11_IRQHandler            0x080202b3   Thumb Code     0  startup_stm32f412rx.o(.text)
    TIM2_IRQHandler                          0x080202b3   Thumb Code     0  startup_stm32f412rx.o(.text)
    TIM3_IRQHandler                          0x080202b3   Thumb Code     0  startup_stm32f412rx.o(.text)
    TIM4_IRQHandler                          0x080202b3   Thumb Code     0  startup_stm32f412rx.o(.text)
    TIM5_IRQHandler                          0x080202b3   Thumb Code     0  startup_stm32f412rx.o(.text)
    TIM6_IRQHandler                          0x080202b3   Thumb Code     0  startup_stm32f412rx.o(.text)
    TIM7_IRQHandler                          0x080202b3   Thumb Code     0  startup_stm32f412rx.o(.text)
    TIM8_BRK_TIM12_IRQHandler                0x080202b3   Thumb Code     0  startup_stm32f412rx.o(.text)
    TIM8_CC_IRQHandler                       0x080202b3   Thumb Code     0  startup_stm32f412rx.o(.text)
    TIM8_TRG_COM_TIM14_IRQHandler            0x080202b3   Thumb Code     0  startup_stm32f412rx.o(.text)
    TIM8_UP_TIM13_IRQHandler                 0x080202b3   Thumb Code     0  startup_stm32f412rx.o(.text)
    USART2_IRQHandler                        0x080202b3   Thumb Code     0  startup_stm32f412rx.o(.text)
    USART3_IRQHandler                        0x080202b3   Thumb Code     0  startup_stm32f412rx.o(.text)
    USART6_IRQHandler                        0x080202b3   Thumb Code     0  startup_stm32f412rx.o(.text)
    WWDG_IRQHandler                          0x080202b3   Thumb Code     0  startup_stm32f412rx.o(.text)
    __aeabi_uldivmod                         0x080202bd   Thumb Code    98  uldiv.o(.text)
    __rt_ctype_table                         0x08020321   Thumb Code     4  ctype_o.o(.text)
    __aeabi_memcpy                           0x08020329   Thumb Code    36  memcpya.o(.text)
    __aeabi_memcpy4                          0x08020329   Thumb Code     0  memcpya.o(.text)
    __aeabi_memcpy8                          0x08020329   Thumb Code     0  memcpya.o(.text)
    __aeabi_memset                           0x0802034d   Thumb Code    14  memseta.o(.text)
    __aeabi_memset4                          0x0802034d   Thumb Code     0  memseta.o(.text)
    __aeabi_memset8                          0x0802034d   Thumb Code     0  memseta.o(.text)
    __aeabi_memclr                           0x0802035b   Thumb Code     4  memseta.o(.text)
    __aeabi_memclr4                          0x0802035b   Thumb Code     0  memseta.o(.text)
    __aeabi_memclr8                          0x0802035b   Thumb Code     0  memseta.o(.text)
    memset                                   0x0802035f   Thumb Code    18  memseta.o(.text)
    strlen                                   0x08020371   Thumb Code    14  strlen.o(.text)
    strncmp                                  0x0802037f   Thumb Code    30  strncmp.o(.text)
    __aeabi_dadd                             0x0802039d   Thumb Code   322  dadd.o(.text)
    __aeabi_dsub                             0x080204df   Thumb Code     6  dadd.o(.text)
    __aeabi_drsub                            0x080204e5   Thumb Code     6  dadd.o(.text)
    __aeabi_dmul                             0x080204eb   Thumb Code   228  dmul.o(.text)
    __aeabi_ddiv                             0x080205cf   Thumb Code   222  ddiv.o(.text)
    __aeabi_i2d                              0x080206ad   Thumb Code    34  dflti.o(.text)
    __aeabi_ui2d                             0x080206cf   Thumb Code    26  dfltui.o(.text)
    __aeabi_llsl                             0x080206e9   Thumb Code    30  llshl.o(.text)
    _ll_shift_l                              0x080206e9   Thumb Code     0  llshl.o(.text)
    __aeabi_llsr                             0x08020707   Thumb Code    32  llushr.o(.text)
    _ll_ushift_r                             0x08020707   Thumb Code     0  llushr.o(.text)
    __aeabi_lasr                             0x08020727   Thumb Code    36  llsshr.o(.text)
    _ll_sshift_r                             0x08020727   Thumb Code     0  llsshr.o(.text)
    __I$use$fp                               0x0802074b   Thumb Code     0  iusefp.o(.text)
    _double_round                            0x0802074b   Thumb Code    30  depilogue.o(.text)
    _double_epilogue                         0x08020769   Thumb Code   156  depilogue.o(.text)
    __scatterload                            0x08020805   Thumb Code    28  init.o(.text)
    __scatterload_rt2                        0x08020805   Thumb Code     0  init.o(.text)
    __decompress                             0x08020829   Thumb Code     0  __dczerorl2.o(.text)
    __decompress1                            0x08020829   Thumb Code    86  __dczerorl2.o(.text)
    BusFault_Handler                         0x0802087f   Thumb Code     2  stm32f4xx_it.o(i.BusFault_Handler)
    CDC_Transmit_FS                          0x080208e5   Thumb Code    38  usbd_cdc_if.o(i.CDC_Transmit_FS)
    DMA2_Stream0_IRQHandler                  0x08020911   Thumb Code     6  stm32f4xx_it.o(i.DMA2_Stream0_IRQHandler)
    DMA2_Stream2_IRQHandler                  0x0802091d   Thumb Code     6  stm32f4xx_it.o(i.DMA2_Stream2_IRQHandler)
    DMA2_Stream3_IRQHandler                  0x08020929   Thumb Code     6  stm32f4xx_it.o(i.DMA2_Stream3_IRQHandler)
    DMA2_Stream7_IRQHandler                  0x08020935   Thumb Code     6  stm32f4xx_it.o(i.DMA2_Stream7_IRQHandler)
    DebugMon_Handler                         0x080209e5   Thumb Code     2  stm32f4xx_it.o(i.DebugMon_Handler)
    Error_Handler                            0x080209e7   Thumb Code     4  main.o(i.Error_Handler)
    HAL_DMA_Abort                            0x080209eb   Thumb Code   146  stm32f4xx_hal_dma.o(i.HAL_DMA_Abort)
    HAL_DMA_Abort_IT                         0x08020a7d   Thumb Code    36  stm32f4xx_hal_dma.o(i.HAL_DMA_Abort_IT)
    HAL_DMA_DeInit                           0x08020aa1   Thumb Code    98  stm32f4xx_hal_dma.o(i.HAL_DMA_DeInit)
    HAL_DMA_IRQHandler                       0x08020b05   Thumb Code   412  stm32f4xx_hal_dma.o(i.HAL_DMA_IRQHandler)
    HAL_DMA_Init                             0x08020ca5   Thumb Code   206  stm32f4xx_hal_dma.o(i.HAL_DMA_Init)
    HAL_DMA_Start_IT                         0x08020d79   Thumb Code   110  stm32f4xx_hal_dma.o(i.HAL_DMA_Start_IT)
    HAL_Delay                                0x08020de9   Thumb Code    32  stm32f4xx_hal.o(i.HAL_Delay)
    HAL_GPIO_DeInit                          0x08020e0d   Thumb Code   258  stm32f4xx_hal_gpio.o(i.HAL_GPIO_DeInit)
    HAL_GPIO_Init                            0x08020f29   Thumb Code   406  stm32f4xx_hal_gpio.o(i.HAL_GPIO_Init)
    HAL_GPIO_WritePin                        0x080210dd   Thumb Code    10  stm32f4xx_hal_gpio.o(i.HAL_GPIO_WritePin)
    HAL_GetTick                              0x080210e9   Thumb Code     6  stm32f4xx_hal.o(i.HAL_GetTick)
    HAL_IncTick                              0x080210f5   Thumb Code    12  stm32f4xx_hal.o(i.HAL_IncTick)
    HAL_Init                                 0x08021105   Thumb Code    48  stm32f4xx_hal.o(i.HAL_Init)
    HAL_InitTick                             0x08021139   Thumb Code   118  stm32f4xx_hal_timebase_tim.o(i.HAL_InitTick)
    HAL_MspInit                              0x080211c5   Thumb Code    52  stm32f4xx_hal_msp.o(i.HAL_MspInit)
    HAL_NVIC_DisableIRQ                      0x080211fd   Thumb Code    34  stm32f4xx_hal_cortex.o(i.HAL_NVIC_DisableIRQ)
    HAL_NVIC_EnableIRQ                       0x0802121f   Thumb Code    26  stm32f4xx_hal_cortex.o(i.HAL_NVIC_EnableIRQ)
    HAL_NVIC_SetPriority                     0x08021239   Thumb Code    60  stm32f4xx_hal_cortex.o(i.HAL_NVIC_SetPriority)
    HAL_NVIC_SetPriorityGrouping             0x08021279   Thumb Code    26  stm32f4xx_hal_cortex.o(i.HAL_NVIC_SetPriorityGrouping)
    HAL_PCDEx_ActivateLPM                    0x0802129d   Thumb Code    34  stm32f4xx_hal_pcd_ex.o(i.HAL_PCDEx_ActivateLPM)
    HAL_PCDEx_LPM_Callback                   0x080212c5   Thumb Code    92  usbd_conf.o(i.HAL_PCDEx_LPM_Callback)
    HAL_PCDEx_SetRxFiFo                      0x08021325   Thumb Code     8  stm32f4xx_hal_pcd_ex.o(i.HAL_PCDEx_SetRxFiFo)
    HAL_PCDEx_SetTxFiFo                      0x0802132d   Thumb Code    68  stm32f4xx_hal_pcd_ex.o(i.HAL_PCDEx_SetTxFiFo)
    HAL_PCD_ConnectCallback                  0x08021371   Thumb Code     8  usbd_conf.o(i.HAL_PCD_ConnectCallback)
    HAL_PCD_DataInStageCallback              0x08021379   Thumb Code    18  usbd_conf.o(i.HAL_PCD_DataInStageCallback)
    HAL_PCD_DataOutStageCallback             0x0802138b   Thumb Code    20  usbd_conf.o(i.HAL_PCD_DataOutStageCallback)
    HAL_PCD_DisconnectCallback               0x0802139f   Thumb Code     8  usbd_conf.o(i.HAL_PCD_DisconnectCallback)
    HAL_PCD_EP_Abort                         0x080213a7   Thumb Code    30  stm32f4xx_hal_pcd.o(i.HAL_PCD_EP_Abort)
    HAL_PCD_EP_Close                         0x080213c5   Thumb Code    74  stm32f4xx_hal_pcd.o(i.HAL_PCD_EP_Close)
    HAL_PCD_EP_ClrStall                      0x0802140f   Thumb Code    90  stm32f4xx_hal_pcd.o(i.HAL_PCD_EP_ClrStall)
    HAL_PCD_EP_GetRxCount                    0x08021469   Thumb Code    18  stm32f4xx_hal_pcd.o(i.HAL_PCD_EP_GetRxCount)
    HAL_PCD_EP_Open                          0x0802147b   Thumb Code    94  stm32f4xx_hal_pcd.o(i.HAL_PCD_EP_Open)
    HAL_PCD_EP_Receive                       0x080214d9   Thumb Code    56  stm32f4xx_hal_pcd.o(i.HAL_PCD_EP_Receive)
    HAL_PCD_EP_SetStall                      0x08021511   Thumb Code   114  stm32f4xx_hal_pcd.o(i.HAL_PCD_EP_SetStall)
    HAL_PCD_EP_Transmit                      0x08021583   Thumb Code    50  stm32f4xx_hal_pcd.o(i.HAL_PCD_EP_Transmit)
    HAL_PCD_IRQHandler                       0x080215b5   Thumb Code  1432  stm32f4xx_hal_pcd.o(i.HAL_PCD_IRQHandler)
    HAL_PCD_ISOINIncompleteCallback          0x08021b4d   Thumb Code     8  usbd_conf.o(i.HAL_PCD_ISOINIncompleteCallback)
    HAL_PCD_ISOOUTIncompleteCallback         0x08021b55   Thumb Code     8  usbd_conf.o(i.HAL_PCD_ISOOUTIncompleteCallback)
    HAL_PCD_Init                             0x08021b5d   Thumb Code   216  stm32f4xx_hal_pcd.o(i.HAL_PCD_Init)
    HAL_PCD_MspInit                          0x08021c35   Thumb Code   148  usbd_conf.o(i.HAL_PCD_MspInit)
    HAL_PCD_ResetCallback                    0x08021cd1   Thumb Code    38  usbd_conf.o(i.HAL_PCD_ResetCallback)
    HAL_PCD_ResumeCallback                   0x08021cf7   Thumb Code     8  usbd_conf.o(i.HAL_PCD_ResumeCallback)
    HAL_PCD_SOFCallback                      0x08021cff   Thumb Code     8  usbd_conf.o(i.HAL_PCD_SOFCallback)
    HAL_PCD_SetAddress                       0x08021d07   Thumb Code    38  stm32f4xx_hal_pcd.o(i.HAL_PCD_SetAddress)
    HAL_PCD_SetupStageCallback               0x08021d2d   Thumb Code    14  usbd_conf.o(i.HAL_PCD_SetupStageCallback)
    HAL_PCD_Start                            0x08021d3b   Thumb Code    66  stm32f4xx_hal_pcd.o(i.HAL_PCD_Start)
    HAL_PCD_SuspendCallback                  0x08021d7d   Thumb Code    44  usbd_conf.o(i.HAL_PCD_SuspendCallback)
    HAL_RCCEx_PeriphCLKConfig                0x08021dad   Thumb Code   574  stm32f4xx_hal_rcc_ex.o(i.HAL_RCCEx_PeriphCLKConfig)
    HAL_RCC_ClockConfig                      0x0802200d   Thumb Code   288  stm32f4xx_hal_rcc.o(i.HAL_RCC_ClockConfig)
    HAL_RCC_GetClockConfig                   0x08022141   Thumb Code    54  stm32f4xx_hal_rcc.o(i.HAL_RCC_GetClockConfig)
    HAL_RCC_GetHCLKFreq                      0x08022181   Thumb Code     6  stm32f4xx_hal_rcc.o(i.HAL_RCC_GetHCLKFreq)
    HAL_RCC_GetPCLK1Freq                     0x0802218d   Thumb Code    20  stm32f4xx_hal_rcc.o(i.HAL_RCC_GetPCLK1Freq)
    HAL_RCC_GetPCLK2Freq                     0x080221ad   Thumb Code    20  stm32f4xx_hal_rcc.o(i.HAL_RCC_GetPCLK2Freq)
    HAL_RCC_GetSysClockFreq                  0x080221cd   Thumb Code    88  stm32f4xx_hal_rcc.o(i.HAL_RCC_GetSysClockFreq)
    HAL_RCC_OscConfig                        0x0802222d   Thumb Code   874  stm32f4xx_hal_rcc_ex.o(i.HAL_RCC_OscConfig)
    HAL_SPI_ErrorCallback                    0x080225ad   Thumb Code     2  stm32f4xx_hal_spi.o(i.HAL_SPI_ErrorCallback)
    HAL_SPI_IRQHandler                       0x080225b1   Thumb Code   246  stm32f4xx_hal_spi.o(i.HAL_SPI_IRQHandler)
    HAL_SPI_Init                             0x080226ad   Thumb Code   188  stm32f4xx_hal_spi.o(i.HAL_SPI_Init)
    HAL_SPI_MspDeInit                        0x08022769   Thumb Code    94  spi.o(i.HAL_SPI_MspDeInit)
    HAL_SPI_MspInit                          0x080227e1   Thumb Code   320  spi.o(i.HAL_SPI_MspInit)
    HAL_SPI_Receive                          0x08022941   Thumb Code   342  stm32f4xx_hal_spi.o(i.HAL_SPI_Receive)
    HAL_SPI_Transmit                         0x08022a97   Thumb Code   366  stm32f4xx_hal_spi.o(i.HAL_SPI_Transmit)
    HAL_SPI_TransmitReceive                  0x08022c05   Thumb Code   494  stm32f4xx_hal_spi.o(i.HAL_SPI_TransmitReceive)
    HAL_TIMEx_BreakCallback                  0x08022df3   Thumb Code     2  stm32f4xx_hal_tim_ex.o(i.HAL_TIMEx_BreakCallback)
    HAL_TIMEx_CommutCallback                 0x08022df5   Thumb Code     2  stm32f4xx_hal_tim_ex.o(i.HAL_TIMEx_CommutCallback)
    HAL_TIM_Base_Init                        0x08022df7   Thumb Code    90  stm32f4xx_hal_tim.o(i.HAL_TIM_Base_Init)
    HAL_TIM_Base_MspInit                     0x08022e51   Thumb Code     2  stm32f4xx_hal_tim.o(i.HAL_TIM_Base_MspInit)
    HAL_TIM_Base_Start_IT                    0x08022e55   Thumb Code   100  stm32f4xx_hal_tim.o(i.HAL_TIM_Base_Start_IT)
    HAL_TIM_IC_CaptureCallback               0x08022ed5   Thumb Code     2  stm32f4xx_hal_tim.o(i.HAL_TIM_IC_CaptureCallback)
    HAL_TIM_IRQHandler                       0x08022ed7   Thumb Code   304  stm32f4xx_hal_tim.o(i.HAL_TIM_IRQHandler)
    HAL_TIM_OC_DelayElapsedCallback          0x08023007   Thumb Code     2  stm32f4xx_hal_tim.o(i.HAL_TIM_OC_DelayElapsedCallback)
    HAL_TIM_PWM_PulseFinishedCallback        0x08023009   Thumb Code     2  stm32f4xx_hal_tim.o(i.HAL_TIM_PWM_PulseFinishedCallback)
    HAL_TIM_PeriodElapsedCallback            0x0802300d   Thumb Code    14  main.o(i.HAL_TIM_PeriodElapsedCallback)
    HAL_TIM_TriggerCallback                  0x08023021   Thumb Code     2  stm32f4xx_hal_tim.o(i.HAL_TIM_TriggerCallback)
    HAL_UART_Init                            0x08023023   Thumb Code   100  stm32f4xx_hal_uart.o(i.HAL_UART_Init)
    HAL_UART_MspInit                         0x08023089   Thumb Code   210  usart.o(i.HAL_UART_MspInit)
    HardFault_Handler                        0x08023171   Thumb Code     2  stm32f4xx_it.o(i.HardFault_Handler)
    MX_DMA_Init                              0x080231ad   Thumb Code    88  dma.o(i.MX_DMA_Init)
    MX_FREERTOS_Init                         0x08023209   Thumb Code    74  freertos.o(i.MX_FREERTOS_Init)
    MX_GPIO_Init                             0x0802325d   Thumb Code   116  gpio.o(i.MX_GPIO_Init)
    MX_SPI1_Init                             0x080232d9   Thumb Code    66  spi.o(i.MX_SPI1_Init)
    MX_SPI2_Init                             0x08023325   Thumb Code    66  spi.o(i.MX_SPI2_Init)
    MX_USART1_UART_Init                      0x08023371   Thumb Code    78  usart.o(i.MX_USART1_UART_Init)
    MX_USB_DEVICE_Init                       0x080233cd   Thumb Code    66  usb_device.o(i.MX_USB_DEVICE_Init)
    MemManage_Handler                        0x08023421   Thumb Code     2  stm32f4xx_it.o(i.MemManage_Handler)
    NMI_Handler                              0x08023423   Thumb Code     2  stm32f4xx_it.o(i.NMI_Handler)
    OTG_FS_IRQHandler                        0x08023425   Thumb Code     6  stm32f4xx_it.o(i.OTG_FS_IRQHandler)
    SPI1_IRQHandler                          0x080235a1   Thumb Code     6  stm32f4xx_it.o(i.SPI1_IRQHandler)
    SPI2_IRQHandler                          0x080235ad   Thumb Code     6  stm32f4xx_it.o(i.SPI2_IRQHandler)
    SPI_ReadWriteByte                        0x08023691   Thumb Code    28  spi.o(i.SPI_ReadWriteByte)
    SPI_SRAM_PUF_FILE                        0x080236ad   Thumb Code  1142  sram_func.o(i.SPI_SRAM_PUF_FILE)
    SPI_SRAM_PUF_FILE_LABEL                  0x08023b29   Thumb Code   100  sram_func.o(i.SPI_SRAM_PUF_FILE_LABEL)
    SPI_SRAM_PUF_Init                        0x08023b8d   Thumb Code   314  sram_func.o(i.SPI_SRAM_PUF_Init)
    SPI_SRAM_PUF_STRONG                      0x08023d81   Thumb Code   122  sram_func.o(i.SPI_SRAM_PUF_STRONG)
    SPI_SRAM_PUF_Stable_Output               0x08023e11   Thumb Code   146  sram_func.o(i.SPI_SRAM_PUF_Stable_Output)
    StartDefaultTask                         0x08023f7b   Thumb Code    12  freertos.o(i.StartDefaultTask)
    SysTick_Handler                          0x08023f89   Thumb Code    38  port.o(i.SysTick_Handler)
    SystemClock_Config                       0x08023fb5   Thumb Code   138  main.o(i.SystemClock_Config)
    SystemInit                               0x08024049   Thumb Code    20  system_stm32f4xx.o(i.SystemInit)
    TIM1_UP_TIM10_IRQHandler                 0x08024065   Thumb Code     6  stm32f4xx_it.o(i.TIM1_UP_TIM10_IRQHandler)
    TIM_Base_SetConfig                       0x08024071   Thumb Code   170  stm32f4xx_hal_tim.o(i.TIM_Base_SetConfig)
    USART1_IRQHandler                        0x08024255   Thumb Code     4  stm32f4xx_it.o(i.USART1_IRQHandler)
    USART1_IRQHandler_user                   0x08024259   Thumb Code   126  usart.o(i.USART1_IRQHandler_user)
    USBD_CDC_GetDeviceQualifierDescriptor    0x08024465   Thumb Code     8  usbd_cdc.o(i.USBD_CDC_GetDeviceQualifierDescriptor)
    USBD_CDC_ReceivePacket                   0x08024641   Thumb Code    50  usbd_cdc.o(i.USBD_CDC_ReceivePacket)
    USBD_CDC_RegisterInterface               0x08024679   Thumb Code    22  usbd_cdc.o(i.USBD_CDC_RegisterInterface)
    USBD_CDC_SetRxBuffer                     0x0802468f   Thumb Code    26  usbd_cdc.o(i.USBD_CDC_SetRxBuffer)
    USBD_CDC_SetTxBuffer                     0x080246a9   Thumb Code    30  usbd_cdc.o(i.USBD_CDC_SetTxBuffer)
    USBD_CDC_TransmitPacket                  0x0802479d   Thumb Code    76  usbd_cdc.o(i.USBD_CDC_TransmitPacket)
    USBD_ClrClassConfig                      0x080247ed   Thumb Code    20  usbd_core.o(i.USBD_ClrClassConfig)
    USBD_CoreFindEP                          0x08024801   Thumb Code     4  usbd_core.o(i.USBD_CoreFindEP)
    USBD_CoreFindIF                          0x08024805   Thumb Code     4  usbd_core.o(i.USBD_CoreFindIF)
    USBD_CtlContinueRx                       0x08024809   Thumb Code    16  usbd_ioreq.o(i.USBD_CtlContinueRx)
    USBD_CtlContinueSendData                 0x08024819   Thumb Code    16  usbd_ioreq.o(i.USBD_CtlContinueSendData)
    USBD_CtlError                            0x08024829   Thumb Code    22  usbd_ctlreq.o(i.USBD_CtlError)
    USBD_CtlPrepareRx                        0x0802483f   Thumb Code    30  usbd_ioreq.o(i.USBD_CtlPrepareRx)
    USBD_CtlReceiveStatus                    0x0802485d   Thumb Code    22  usbd_ioreq.o(i.USBD_CtlReceiveStatus)
    USBD_CtlSendData                         0x08024873   Thumb Code    26  usbd_ioreq.o(i.USBD_CtlSendData)
    USBD_CtlSendStatus                       0x0802488d   Thumb Code    22  usbd_ioreq.o(i.USBD_CtlSendStatus)
    USBD_FS_ConfigStrDescriptor              0x080248a5   Thumb Code    16  usbd_desc.o(i.USBD_FS_ConfigStrDescriptor)
    USBD_FS_DeviceDescriptor                 0x080248c5   Thumb Code     8  usbd_desc.o(i.USBD_FS_DeviceDescriptor)
    USBD_FS_InterfaceStrDescriptor           0x080248d1   Thumb Code    16  usbd_desc.o(i.USBD_FS_InterfaceStrDescriptor)
    USBD_FS_LangIDStrDescriptor              0x080248f5   Thumb Code     8  usbd_desc.o(i.USBD_FS_LangIDStrDescriptor)
    USBD_FS_ManufacturerStrDescriptor        0x08024901   Thumb Code    16  usbd_desc.o(i.USBD_FS_ManufacturerStrDescriptor)
    USBD_FS_ProductStrDescriptor             0x08024929   Thumb Code    16  usbd_desc.o(i.USBD_FS_ProductStrDescriptor)
    USBD_FS_SerialStrDescriptor              0x08024955   Thumb Code    48  usbd_desc.o(i.USBD_FS_SerialStrDescriptor)
    USBD_FS_USR_BOSDescriptor                0x0802498d   Thumb Code     8  usbd_desc.o(i.USBD_FS_USR_BOSDescriptor)
    USBD_GetEpDesc                           0x08024a93   Thumb Code    58  usbd_core.o(i.USBD_GetEpDesc)
    USBD_GetNextDesc                         0x08024acd   Thumb Code    14  usbd_core.o(i.USBD_GetNextDesc)
    USBD_GetString                           0x08024adb   Thumb Code    72  usbd_ctlreq.o(i.USBD_GetString)
    USBD_Get_USB_Status                      0x08024b23   Thumb Code    24  usbd_conf.o(i.USBD_Get_USB_Status)
    USBD_Init                                0x08024b3b   Thumb Code    38  usbd_core.o(i.USBD_Init)
    USBD_LL_ClearStallEP                     0x08024b61   Thumb Code    18  usbd_conf.o(i.USBD_LL_ClearStallEP)
    USBD_LL_CloseEP                          0x08024b73   Thumb Code    18  usbd_conf.o(i.USBD_LL_CloseEP)
    USBD_LL_DataInStage                      0x08024b85   Thumb Code   182  usbd_core.o(i.USBD_LL_DataInStage)
    USBD_LL_DataOutStage                     0x08024c3b   Thumb Code   142  usbd_core.o(i.USBD_LL_DataOutStage)
    USBD_LL_DevConnected                     0x08024cc9   Thumb Code     4  usbd_core.o(i.USBD_LL_DevConnected)
    USBD_LL_DevDisconnected                  0x08024ccd   Thumb Code    30  usbd_core.o(i.USBD_LL_DevDisconnected)
    USBD_LL_GetRxDataSize                    0x08024ceb   Thumb Code     8  usbd_conf.o(i.USBD_LL_GetRxDataSize)
    USBD_LL_Init                             0x08024cf5   Thumb Code    92  usbd_conf.o(i.USBD_LL_Init)
    USBD_LL_IsStallEP                        0x08024d55   Thumb Code    30  usbd_conf.o(i.USBD_LL_IsStallEP)
    USBD_LL_IsoINIncomplete                  0x08024d73   Thumb Code    40  usbd_core.o(i.USBD_LL_IsoINIncomplete)
    USBD_LL_IsoOUTIncomplete                 0x08024d9b   Thumb Code    40  usbd_core.o(i.USBD_LL_IsoOUTIncomplete)
    USBD_LL_OpenEP                           0x08024dc3   Thumb Code    24  usbd_conf.o(i.USBD_LL_OpenEP)
    USBD_LL_PrepareReceive                   0x08024ddb   Thumb Code    18  usbd_conf.o(i.USBD_LL_PrepareReceive)
    USBD_LL_Reset                            0x08024ded   Thumb Code    92  usbd_core.o(i.USBD_LL_Reset)
    USBD_LL_Resume                           0x08024e49   Thumb Code    20  usbd_core.o(i.USBD_LL_Resume)
    USBD_LL_SOF                              0x08024e5d   Thumb Code    26  usbd_core.o(i.USBD_LL_SOF)
    USBD_LL_SetSpeed                         0x08024e77   Thumb Code     6  usbd_core.o(i.USBD_LL_SetSpeed)
    USBD_LL_SetUSBAddress                    0x08024e7d   Thumb Code    18  usbd_conf.o(i.USBD_LL_SetUSBAddress)
    USBD_LL_SetupStage                       0x08024e8f   Thumb Code    96  usbd_core.o(i.USBD_LL_SetupStage)
    USBD_LL_StallEP                          0x08024eef   Thumb Code    18  usbd_conf.o(i.USBD_LL_StallEP)
    USBD_LL_Start                            0x08024f01   Thumb Code    18  usbd_conf.o(i.USBD_LL_Start)
    USBD_LL_Suspend                          0x08024f13   Thumb Code    26  usbd_core.o(i.USBD_LL_Suspend)
    USBD_LL_Transmit                         0x08024f2d   Thumb Code    18  usbd_conf.o(i.USBD_LL_Transmit)
    USBD_ParseSetupRequest                   0x08024f3f   Thumb Code    44  usbd_ctlreq.o(i.USBD_ParseSetupRequest)
    USBD_RegisterClass                       0x08024f6b   Thumb Code    58  usbd_core.o(i.USBD_RegisterClass)
    USBD_SetClassConfig                      0x08024fa5   Thumb Code    20  usbd_core.o(i.USBD_SetClassConfig)
    USBD_Start                               0x08025071   Thumb Code     4  usbd_core.o(i.USBD_Start)
    USBD_StdDevReq                           0x08025075   Thumb Code   300  usbd_ctlreq.o(i.USBD_StdDevReq)
    USBD_StdEPReq                            0x080251a1   Thumb Code   352  usbd_ctlreq.o(i.USBD_StdEPReq)
    USBD_StdItfReq                           0x08025301   Thumb Code   114  usbd_ctlreq.o(i.USBD_StdItfReq)
    USBD_static_free                         0x08025373   Thumb Code     2  usbd_conf.o(i.USBD_static_free)
    USBD_static_malloc                       0x08025375   Thumb Code     4  usbd_conf.o(i.USBD_static_malloc)
    USB_ActivateEndpoint                     0x0802537d   Thumb Code   122  stm32f4xx_ll_usb.o(i.USB_ActivateEndpoint)
    USB_ActivateSetup                        0x080253fd   Thumb Code    28  stm32f4xx_ll_usb.o(i.USB_ActivateSetup)
    USB_CoreInit                             0x08025419   Thumb Code   126  stm32f4xx_ll_usb.o(i.USB_CoreInit)
    USB_DeactivateEndpoint                   0x080254d9   Thumb Code   194  stm32f4xx_ll_usb.o(i.USB_DeactivateEndpoint)
    USB_DevConnect                           0x080255a5   Thumb Code    28  stm32f4xx_ll_usb.o(i.USB_DevConnect)
    USB_DevDisconnect                        0x080255c1   Thumb Code    28  stm32f4xx_ll_usb.o(i.USB_DevDisconnect)
    USB_DevInit                              0x080255dd   Thumb Code   362  stm32f4xx_ll_usb.o(i.USB_DevInit)
    USB_DisableGlobalInt                     0x08025751   Thumb Code    12  stm32f4xx_ll_usb.o(i.USB_DisableGlobalInt)
    USB_EP0_OutStart                         0x0802575d   Thumb Code    84  stm32f4xx_ll_usb.o(i.USB_EP0_OutStart)
    USB_EPClearStall                         0x080257b5   Thumb Code    88  stm32f4xx_ll_usb.o(i.USB_EPClearStall)
    USB_EPSetStall                           0x0802580d   Thumb Code    88  stm32f4xx_ll_usb.o(i.USB_EPSetStall)
    USB_EPStartXfer                          0x08025865   Thumb Code   554  stm32f4xx_ll_usb.o(i.USB_EPStartXfer)
    USB_EPStopXfer                           0x08025a95   Thumb Code   158  stm32f4xx_ll_usb.o(i.USB_EPStopXfer)
    USB_EnableGlobalInt                      0x08025b33   Thumb Code    12  stm32f4xx_ll_usb.o(i.USB_EnableGlobalInt)
    USB_FlushRxFifo                          0x08025b3f   Thumb Code    56  stm32f4xx_ll_usb.o(i.USB_FlushRxFifo)
    USB_FlushTxFifo                          0x08025b77   Thumb Code    60  stm32f4xx_ll_usb.o(i.USB_FlushTxFifo)
    USB_GetDevSpeed                          0x08025bb3   Thumb Code    26  stm32f4xx_ll_usb.o(i.USB_GetDevSpeed)
    USB_GetMode                              0x08025bcd   Thumb Code     8  stm32f4xx_ll_usb.o(i.USB_GetMode)
    USB_ReadDevAllInEpInterrupt              0x08025bd5   Thumb Code    14  stm32f4xx_ll_usb.o(i.USB_ReadDevAllInEpInterrupt)
    USB_ReadDevAllOutEpInterrupt             0x08025be3   Thumb Code    14  stm32f4xx_ll_usb.o(i.USB_ReadDevAllOutEpInterrupt)
    USB_ReadDevInEPInterrupt                 0x08025bf1   Thumb Code    36  stm32f4xx_ll_usb.o(i.USB_ReadDevInEPInterrupt)
    USB_ReadDevOutEPInterrupt                0x08025c15   Thumb Code    16  stm32f4xx_ll_usb.o(i.USB_ReadDevOutEPInterrupt)
    USB_ReadInterrupts                       0x08025c25   Thumb Code     8  stm32f4xx_ll_usb.o(i.USB_ReadInterrupts)
    USB_ReadPacket                           0x08025c2d   Thumb Code    62  stm32f4xx_ll_usb.o(i.USB_ReadPacket)
    USB_SetCurrentMode                       0x08025c6b   Thumb Code    92  stm32f4xx_ll_usb.o(i.USB_SetCurrentMode)
    USB_SetDevAddress                        0x08025cc7   Thumb Code    34  stm32f4xx_ll_usb.o(i.USB_SetDevAddress)
    USB_SetTurnaroundTime                    0x08025ce9   Thumb Code   158  stm32f4xx_ll_usb.o(i.USB_SetTurnaroundTime)
    USB_WritePacket                          0x08025dd1   Thumb Code    40  stm32f4xx_ll_usb.o(i.USB_WritePacket)
    UsageFault_Handler                       0x08025df9   Thumb Code     2  stm32f4xx_it.o(i.UsageFault_Handler)
    W25X_Flash_PageProgram                   0x08025dfd   Thumb Code    92  w25xx_spi.o(i.W25X_Flash_PageProgram)
    W25_FLASH_Erase                          0x08025e5d   Thumb Code   186  w25xx_spi.o(i.W25_FLASH_Erase)
    W25_FLASH_Write_Enable                   0x08025f41   Thumb Code    34  w25xx_spi.o(i.W25_FLASH_Write_Enable)
    W25_Flash_FastRead                       0x08025f69   Thumb Code   100  w25xx_spi.o(i.W25_Flash_FastRead)
    W25_Flash_Read                           0x08025fd1   Thumb Code    92  w25xx_spi.o(i.W25_Flash_Read)
    W25_Flash_ReadSR                         0x08026031   Thumb Code    42  w25xx_spi.o(i.W25_Flash_ReadSR)
    W25_Flash_ReadWriteByte                  0x08026061   Thumb Code     8  w25xx_spi.o(i.W25_Flash_ReadWriteByte)
    W25_Flash_Write                          0x0802606d   Thumb Code   156  w25xx_spi.o(i.W25_Flash_Write)
    W25_Flash_Write_NoCheck                  0x0802610d   Thumb Code    62  w25xx_spi.o(i.W25_Flash_Write_NoCheck)
    __0printf$8                              0x0802614d   Thumb Code    22  printf8.o(i.__0printf$8)
    __1printf$8                              0x0802614d   Thumb Code     0  printf8.o(i.__0printf$8)
    __2printf                                0x0802614d   Thumb Code     0  printf8.o(i.__0printf$8)
    __0sprintf$8                             0x0802616d   Thumb Code    34  printf8.o(i.__0sprintf$8)
    __1sprintf$8                             0x0802616d   Thumb Code     0  printf8.o(i.__0sprintf$8)
    __2sprintf                               0x0802616d   Thumb Code     0  printf8.o(i.__0sprintf$8)
    __scatterload_copy                       0x080261b5   Thumb Code    14  handlers.o(i.__scatterload_copy)
    __scatterload_null                       0x080261c3   Thumb Code     2  handlers.o(i.__scatterload_null)
    __scatterload_zeroinit                   0x080261c5   Thumb Code    14  handlers.o(i.__scatterload_zeroinit)
    bch_decoder                              0x08026641   Thumb Code   150  bch.o(i.bch_decoder)
    bch_encode                               0x080266d9   Thumb Code    64  bch.o(i.bch_encode)
    bch_encoder                              0x0802671d   Thumb Code   100  bch.o(i.bch_encoder)
    bch_repair                               0x08026781   Thumb Code   348  bch.o(i.bch_repair)
    check_command                            0x080268dd   Thumb Code    98  command_handler.o(i.check_command)
    check_goto_iap                           0x08026949   Thumb Code    54  task_uart1_recv.o(i.check_goto_iap)
    convert_usb_data_to_int                  0x0802698d   Thumb Code   136  state_handler.o(i.convert_usb_data_to_int)
    dma_usart1_receive                       0x08026a15   Thumb Code    30  usart.o(i.dma_usart1_receive)
    execute_state_action                     0x08026a35   Thumb Code   194  state_handler.o(i.execute_state_action)
    fputc                                    0x08026b01   Thumb Code    32  usart.o(i.fputc)
    handleDBInitMode                         0x08026b25   Thumb Code     6  command_handler.o(i.handleDBInitMode)
    handleDefaultMode                        0x08026b3d   Thumb Code     6  command_handler.o(i.handleDefaultMode)
    handleDelayMode                          0x08026b55   Thumb Code     6  command_handler.o(i.handleDelayMode)
    handleFileMode                           0x08026b6d   Thumb Code     6  command_handler.o(i.handleFileMode)
    handleInitMode                           0x08026b79   Thumb Code    16  command_handler.o(i.handleInitMode)
    handleSourceMode                         0x08026b9d   Thumb Code    76  command_handler.o(i.handleSourceMode)
    handleSourceSramMode                     0x08026c05   Thumb Code    44  command_handler.o(i.handleSourceSramMode)
    handleStatuMode                          0x08026c51   Thumb Code    28  command_handler.o(i.handleStatuMode)
    handleStrongSramMode                     0x08026c7d   Thumb Code     6  command_handler.o(i.handleStrongSramMode)
    main                                     0x08026ca1   Thumb Code   120  main.o(i.main)
    osDelay                                  0x08026d2d   Thumb Code    14  cmsis_os.o(i.osDelay)
    osKernelStart                            0x08026d3b   Thumb Code    10  cmsis_os.o(i.osKernelStart)
    osThreadCreate                           0x08026d45   Thumb Code    84  cmsis_os.o(i.osThreadCreate)
    pvPortMalloc                             0x08027219   Thumb Code   216  heap_4.o(i.pvPortMalloc)
    pxPortInitialiseStack                    0x080272f5   Thumb Code    40  port.o(i.pxPortInitialiseStack)
    sha512_final                             0x08027321   Thumb Code   334  sha512.o(i.sha512_final)
    sha512_init                              0x08027471   Thumb Code    80  sha512.o(i.sha512_init)
    sha512_transform                         0x08027501   Thumb Code   910  sha512.o(i.sha512_transform)
    sha512_update                            0x08027895   Thumb Code   106  sha512.o(i.sha512_update)
    sram_read                                0x08027901   Thumb Code    96  sram_spi.o(i.sram_read)
    sram_read_random                         0x0802796d   Thumb Code   120  sram_spi.o(i.sram_read_random)
    task_uart1_rx                            0x080279ed   Thumb Code    54  task_uart1_recv.o(i.task_uart1_rx)
    task_usb_rx                              0x08027a35   Thumb Code    54  task_usb_recv.o(i.task_usb_rx)
    usb_send                                 0x08027a75   Thumb Code    28  command_handler.o(i.usb_send)
    uxListRemove                             0x08027a91   Thumb Code    38  list.o(i.uxListRemove)
    vApplicationGetIdleTaskMemory            0x08027ab9   Thumb Code    16  freertos.o(i.vApplicationGetIdleTaskMemory)
    vListInitialise                          0x08027acd   Thumb Code    22  list.o(i.vListInitialise)
    vListInitialiseItem                      0x08027ae3   Thumb Code     6  list.o(i.vListInitialiseItem)
    vListInsert                              0x08027ae9   Thumb Code    48  list.o(i.vListInsert)
    vListInsertEnd                           0x08027b19   Thumb Code    24  list.o(i.vListInsertEnd)
    vPortEnterCritical                       0x08027b31   Thumb Code    54  port.o(i.vPortEnterCritical)
    vPortExitCritical                        0x08027b71   Thumb Code    34  port.o(i.vPortExitCritical)
    vPortFree                                0x08027b99   Thumb Code    94  heap_4.o(i.vPortFree)
    vPortSetupTimerInterrupt                 0x08027bfd   Thumb Code    32  port.o(i.vPortSetupTimerInterrupt)
    vPortValidateInterruptPriority           0x08027c21   Thumb Code    74  port.o(i.vPortValidateInterruptPriority)
    vTaskDelay                               0x08027c75   Thumb Code    66  tasks.o(i.vTaskDelay)
    vTaskInternalSetTimeOutState             0x08027cc1   Thumb Code    12  tasks.o(i.vTaskInternalSetTimeOutState)
    vTaskMissedYield                         0x08027cd1   Thumb Code     8  tasks.o(i.vTaskMissedYield)
    vTaskPlaceOnEventList                    0x08027cdd   Thumb Code    44  tasks.o(i.vTaskPlaceOnEventList)
    vTaskStartScheduler                      0x08027d0d   Thumb Code    90  tasks.o(i.vTaskStartScheduler)
    vTaskSuspendAll                          0x08027d79   Thumb Code    10  tasks.o(i.vTaskSuspendAll)
    vTaskSwitchContext                       0x08027d89   Thumb Code    82  tasks.o(i.vTaskSwitchContext)
    xPortStartScheduler                      0x08027de5   Thumb Code   222  port.o(i.xPortStartScheduler)
    xQueueGenericCreate                      0x08027ed9   Thumb Code    66  queue.o(i.xQueueGenericCreate)
    xQueueGenericReset                       0x08027f1d   Thumb Code   132  queue.o(i.xQueueGenericReset)
    xQueueGenericSendFromISR                 0x08027fa5   Thumb Code   190  queue.o(i.xQueueGenericSendFromISR)
    xQueueReceive                            0x08028065   Thumb Code   308  queue.o(i.xQueueReceive)
    xTaskCheckForTimeOut                     0x0802819d   Thumb Code   112  tasks.o(i.xTaskCheckForTimeOut)
    xTaskCreate                              0x08028211   Thumb Code    90  tasks.o(i.xTaskCreate)
    xTaskCreateStatic                        0x0802826b   Thumb Code    86  tasks.o(i.xTaskCreateStatic)
    xTaskGetSchedulerState                   0x080282c1   Thumb Code    22  tasks.o(i.xTaskGetSchedulerState)
    xTaskIncrementTick                       0x080282dd   Thumb Code   194  tasks.o(i.xTaskIncrementTick)
    xTaskPriorityDisinherit                  0x080283a9   Thumb Code   144  tasks.o(i.xTaskPriorityDisinherit)
    xTaskRemoveFromEventList                 0x08028441   Thumb Code   108  tasks.o(i.xTaskRemoveFromEventList)
    xTaskResumeAll                           0x080284b5   Thumb Code   182  tasks.o(i.xTaskResumeAll)
    AHBPrescTable                            0x080285d4   Data          16  system_stm32f4xx.o(.constdata)
    APBPrescTable                            0x080285e4   Data           8  system_stm32f4xx.o(.constdata)
    __ctype_table                            0x08028878   Data         129  ctype_o.o(.constdata)
    Region$$Table$$Base                      0x080289ec   Number         0  anon$$obj.o(Region$$Table)
    Region$$Table$$Limit                     0x08028a0c   Number         0  anon$$obj.o(Region$$Table)
    usart1Msg                                0x20000000   Data           4  main.o(.data)
    usbMsg                                   0x20000004   Data           4  main.o(.data)
    defaultTaskHandle                        0x20000008   Data           4  freertos.o(.data)
    Rx_cnt                                   0x20000014   Data           4  usart.o(.data)
    bufused1                                 0x20000018   Data           4  usart.o(.data)
    uwTickFreq                               0x2000001c   Data           1  stm32f4xx_hal.o(.data)
    uwTickPrio                               0x20000020   Data           4  stm32f4xx_hal.o(.data)
    uwTick                                   0x20000024   Data           4  stm32f4xx_hal.o(.data)
    SystemCoreClock                          0x20000028   Data           4  system_stm32f4xx.o(.data)
    pxCurrentTCB                             0x2000002c   Data           4  tasks.o(.data)
    FS_Desc                                  0x20000094   Data          32  usbd_desc.o(.data)
    USBD_LangIDDesc                          0x200000b4   Data           4  usbd_desc.o(.data)
    USBD_FS_DeviceDesc                       0x200000b8   Data          18  usbd_desc.o(.data)
    USBD_FS_BOSDesc                          0x200000cc   Data          12  usbd_desc.o(.data)
    USBD_StringSerial                        0x200000d8   Data          26  usbd_desc.o(.data)
    USBD_Interface_fops_FS                   0x200000f4   Data          20  usbd_cdc_if.o(.data)
    USBD_CDC                                 0x20000164   Data          56  usbd_cdc.o(.data)
    flag1                                    0x200001a0   Data           4  command_handler.o(.data)
    commandHandlers                          0x200001a4   Data         108  command_handler.o(.data)
    __stdout                                 0x20000210   Data           4  stdout.o(.data)
    hspi1                                    0x20000468   Data          88  spi.o(.bss)
    hspi2                                    0x200004c0   Data          88  spi.o(.bss)
    hdma_spi1_rx                             0x20000518   Data          96  spi.o(.bss)
    hdma_spi1_tx                             0x20000578   Data          96  spi.o(.bss)
    urt1_aRxBuffer                           0x200005d8   Data        1032  usart.o(.bss)
    huart1                                   0x200009e0   Data          72  usart.o(.bss)
    hdma_usart1_rx                           0x20000a28   Data          96  usart.o(.bss)
    hdma_usart1_tx                           0x20000a88   Data          96  usart.o(.bss)
    htim1                                    0x20000ae8   Data          72  stm32f4xx_hal_timebase_tim.o(.bss)
    hUsbDeviceFS                             0x2000fc20   Data         732  usb_device.o(.bss)
    USBD_StrDesc                             0x2000fefc   Data         512  usbd_desc.o(.bss)
    UserRxBufferFS_usr                       0x200100fc   Data        2052  usbd_cdc_if.o(.bss)
    hpcd_USB_OTG_FS                          0x20010b20   Data        1252  usbd_conf.o(.bss)
    W25SPI_FLASH_BUFFER                      0x20011004   Data        4096  w25xx_spi.o(.bss)
    uart1_data                               0x20012004   Data         516  task_uart1_recv.o(.bss)
    buf_random                               0x20012208   Data        1024  task_uart1_recv.o(.bss)
    usb_data                                 0x20012608   Data        2052  task_usb_recv.o(.bss)
    statuMessage                             0x20012e10   Data         184  command_handler.o(.bss)
    __initial_sp                             0x200132c8   Data           0  startup_stm32f412rx.o(STACK)



==============================================================================

Memory Map of the image

  Image Entry point : 0x080201c5

  Load Region LR_IROM1 (Base: 0x08020000, Size: 0x00008c20, Max: 0x00080000, ABSOLUTE, COMPRESSED[0x00008b24])

    Execution Region ER_IROM1 (Exec base: 0x08020000, Load base: 0x08020000, Size: 0x00008a0c, Max: 0x00080000, ABSOLUTE)

    Exec Addr    Load Addr    Size         Type   Attr      Idx    E Section Name        Object

    0x08020000   0x08020000   0x000001c4   Data   RO            3    RESET               startup_stm32f412rx.o
    0x080201c4   0x080201c4   0x00000000   Code   RO         7650  * .ARM.Collect$$$$00000000  mc_w.l(entry.o)
    0x080201c4   0x080201c4   0x00000004   Code   RO         7970    .ARM.Collect$$$$00000001  mc_w.l(entry2.o)
    0x080201c8   0x080201c8   0x00000004   Code   RO         7973    .ARM.Collect$$$$00000004  mc_w.l(entry5.o)
    0x080201cc   0x080201cc   0x00000000   Code   RO         7975    .ARM.Collect$$$$00000008  mc_w.l(entry7b.o)
    0x080201cc   0x080201cc   0x00000000   Code   RO         7977    .ARM.Collect$$$$0000000A  mc_w.l(entry8b.o)
    0x080201cc   0x080201cc   0x00000008   Code   RO         7978    .ARM.Collect$$$$0000000B  mc_w.l(entry9a.o)
    0x080201d4   0x080201d4   0x00000000   Code   RO         7980    .ARM.Collect$$$$0000000D  mc_w.l(entry10a.o)
    0x080201d4   0x080201d4   0x00000000   Code   RO         7982    .ARM.Collect$$$$0000000F  mc_w.l(entry11a.o)
    0x080201d4   0x080201d4   0x00000004   Code   RO         7971    .ARM.Collect$$$$00002712  mc_w.l(entry2.o)
    0x080201d8   0x080201d8   0x000000be   Code   RO         5474    .emb_text           port.o
    0x08020296   0x08020296   0x00000002   PAD
    0x08020298   0x08020298   0x00000024   Code   RO            4    .text               startup_stm32f412rx.o
    0x080202bc   0x080202bc   0x00000062   Code   RO         7653    .text               mc_w.l(uldiv.o)
    0x0802031e   0x0802031e   0x00000002   PAD
    0x08020320   0x08020320   0x00000008   Code   RO         7655    .text               mc_w.l(ctype_o.o)
    0x08020328   0x08020328   0x00000024   Code   RO         7683    .text               mc_w.l(memcpya.o)
    0x0802034c   0x0802034c   0x00000024   Code   RO         7687    .text               mc_w.l(memseta.o)
    0x08020370   0x08020370   0x0000000e   Code   RO         7691    .text               mc_w.l(strlen.o)
    0x0802037e   0x0802037e   0x0000001e   Code   RO         7695    .text               mc_w.l(strncmp.o)
    0x0802039c   0x0802039c   0x0000014e   Code   RO         7960    .text               mf_w.l(dadd.o)
    0x080204ea   0x080204ea   0x000000e4   Code   RO         7962    .text               mf_w.l(dmul.o)
    0x080205ce   0x080205ce   0x000000de   Code   RO         7964    .text               mf_w.l(ddiv.o)
    0x080206ac   0x080206ac   0x00000022   Code   RO         7966    .text               mf_w.l(dflti.o)
    0x080206ce   0x080206ce   0x0000001a   Code   RO         7968    .text               mf_w.l(dfltui.o)
    0x080206e8   0x080206e8   0x0000001e   Code   RO         7987    .text               mc_w.l(llshl.o)
    0x08020706   0x08020706   0x00000020   Code   RO         7989    .text               mc_w.l(llushr.o)
    0x08020726   0x08020726   0x00000024   Code   RO         7991    .text               mc_w.l(llsshr.o)
    0x0802074a   0x0802074a   0x00000000   Code   RO         7993    .text               mc_w.l(iusefp.o)
    0x0802074a   0x0802074a   0x000000ba   Code   RO         7994    .text               mf_w.l(depilogue.o)
    0x08020804   0x08020804   0x00000024   Code   RO         8000    .text               mc_w.l(init.o)
    0x08020828   0x08020828   0x00000056   Code   RO         8010    .text               mc_w.l(__dczerorl2.o)
    0x0802087e   0x0802087e   0x00000002   Code   RO          542    i.BusFault_Handler  stm32f4xx_it.o
    0x08020880   0x08020880   0x00000004   Code   RO         5683    i.CDC_Control_FS    usbd_cdc_if.o
    0x08020884   0x08020884   0x00000004   Code   RO         5684    i.CDC_DeInit_FS     usbd_cdc_if.o
    0x08020888   0x08020888   0x00000020   Code   RO         5685    i.CDC_Init_FS       usbd_cdc_if.o
    0x080208a8   0x080208a8   0x00000038   Code   RO         5686    i.CDC_Receive_FS    usbd_cdc_if.o
    0x080208e0   0x080208e0   0x00000004   Code   RO         5687    i.CDC_TransmitCplt_FS  usbd_cdc_if.o
    0x080208e4   0x080208e4   0x0000002c   Code   RO         5688    i.CDC_Transmit_FS   usbd_cdc_if.o
    0x08020910   0x08020910   0x0000000c   Code   RO          543    i.DMA2_Stream0_IRQHandler  stm32f4xx_it.o
    0x0802091c   0x0802091c   0x0000000c   Code   RO          544    i.DMA2_Stream2_IRQHandler  stm32f4xx_it.o
    0x08020928   0x08020928   0x0000000c   Code   RO          545    i.DMA2_Stream3_IRQHandler  stm32f4xx_it.o
    0x08020934   0x08020934   0x0000000c   Code   RO          546    i.DMA2_Stream7_IRQHandler  stm32f4xx_it.o
    0x08020940   0x08020940   0x00000028   Code   RO         1858    i.DMA_CalcBaseAndBitshift  stm32f4xx_hal_dma.o
    0x08020968   0x08020968   0x00000054   Code   RO         1859    i.DMA_CheckFifoParam  stm32f4xx_hal_dma.o
    0x080209bc   0x080209bc   0x00000028   Code   RO         1860    i.DMA_SetConfig     stm32f4xx_hal_dma.o
    0x080209e4   0x080209e4   0x00000002   Code   RO          547    i.DebugMon_Handler  stm32f4xx_it.o
    0x080209e6   0x080209e6   0x00000004   Code   RO           13    i.Error_Handler     main.o
    0x080209ea   0x080209ea   0x00000092   Code   RO         1861    i.HAL_DMA_Abort     stm32f4xx_hal_dma.o
    0x08020a7c   0x08020a7c   0x00000024   Code   RO         1862    i.HAL_DMA_Abort_IT  stm32f4xx_hal_dma.o
    0x08020aa0   0x08020aa0   0x00000062   Code   RO         1863    i.HAL_DMA_DeInit    stm32f4xx_hal_dma.o
    0x08020b02   0x08020b02   0x00000002   PAD
    0x08020b04   0x08020b04   0x000001a0   Code   RO         1866    i.HAL_DMA_IRQHandler  stm32f4xx_hal_dma.o
    0x08020ca4   0x08020ca4   0x000000d4   Code   RO         1867    i.HAL_DMA_Init      stm32f4xx_hal_dma.o
    0x08020d78   0x08020d78   0x0000006e   Code   RO         1871    i.HAL_DMA_Start_IT  stm32f4xx_hal_dma.o
    0x08020de6   0x08020de6   0x00000002   PAD
    0x08020de8   0x08020de8   0x00000024   Code   RO         2310    i.HAL_Delay         stm32f4xx_hal.o
    0x08020e0c   0x08020e0c   0x0000011c   Code   RO         1751    i.HAL_GPIO_DeInit   stm32f4xx_hal_gpio.o
    0x08020f28   0x08020f28   0x000001b4   Code   RO         1754    i.HAL_GPIO_Init     stm32f4xx_hal_gpio.o
    0x080210dc   0x080210dc   0x0000000a   Code   RO         1758    i.HAL_GPIO_WritePin  stm32f4xx_hal_gpio.o
    0x080210e6   0x080210e6   0x00000002   PAD
    0x080210e8   0x080210e8   0x0000000c   Code   RO         2316    i.HAL_GetTick       stm32f4xx_hal.o
    0x080210f4   0x080210f4   0x00000010   Code   RO         2322    i.HAL_IncTick       stm32f4xx_hal.o
    0x08021104   0x08021104   0x00000034   Code   RO         2323    i.HAL_Init          stm32f4xx_hal.o
    0x08021138   0x08021138   0x0000008c   Code   RO          678    i.HAL_InitTick      stm32f4xx_hal_timebase_tim.o
    0x080211c4   0x080211c4   0x00000038   Code   RO          654    i.HAL_MspInit       stm32f4xx_hal_msp.o
    0x080211fc   0x080211fc   0x00000022   Code   RO         2167    i.HAL_NVIC_DisableIRQ  stm32f4xx_hal_cortex.o
    0x0802121e   0x0802121e   0x0000001a   Code   RO         2168    i.HAL_NVIC_EnableIRQ  stm32f4xx_hal_cortex.o
    0x08021238   0x08021238   0x00000040   Code   RO         2174    i.HAL_NVIC_SetPriority  stm32f4xx_hal_cortex.o
    0x08021278   0x08021278   0x00000024   Code   RO         2175    i.HAL_NVIC_SetPriorityGrouping  stm32f4xx_hal_cortex.o
    0x0802129c   0x0802129c   0x00000028   Code   RO          956    i.HAL_PCDEx_ActivateLPM  stm32f4xx_hal_pcd_ex.o
    0x080212c4   0x080212c4   0x00000060   Code   RO         5741    i.HAL_PCDEx_LPM_Callback  usbd_conf.o
    0x08021324   0x08021324   0x00000008   Code   RO          962    i.HAL_PCDEx_SetRxFiFo  stm32f4xx_hal_pcd_ex.o
    0x0802132c   0x0802132c   0x00000044   Code   RO          963    i.HAL_PCDEx_SetTxFiFo  stm32f4xx_hal_pcd_ex.o
    0x08021370   0x08021370   0x00000008   Code   RO         5742    i.HAL_PCD_ConnectCallback  usbd_conf.o
    0x08021378   0x08021378   0x00000012   Code   RO         5743    i.HAL_PCD_DataInStageCallback  usbd_conf.o
    0x0802138a   0x0802138a   0x00000014   Code   RO         5744    i.HAL_PCD_DataOutStageCallback  usbd_conf.o
    0x0802139e   0x0802139e   0x00000008   Code   RO         5745    i.HAL_PCD_DisconnectCallback  usbd_conf.o
    0x080213a6   0x080213a6   0x0000001e   Code   RO          726    i.HAL_PCD_EP_Abort  stm32f4xx_hal_pcd.o
    0x080213c4   0x080213c4   0x0000004a   Code   RO          727    i.HAL_PCD_EP_Close  stm32f4xx_hal_pcd.o
    0x0802140e   0x0802140e   0x0000005a   Code   RO          728    i.HAL_PCD_EP_ClrStall  stm32f4xx_hal_pcd.o
    0x08021468   0x08021468   0x00000012   Code   RO          730    i.HAL_PCD_EP_GetRxCount  stm32f4xx_hal_pcd.o
    0x0802147a   0x0802147a   0x0000005e   Code   RO          731    i.HAL_PCD_EP_Open   stm32f4xx_hal_pcd.o
    0x080214d8   0x080214d8   0x00000038   Code   RO          732    i.HAL_PCD_EP_Receive  stm32f4xx_hal_pcd.o
    0x08021510   0x08021510   0x00000072   Code   RO          733    i.HAL_PCD_EP_SetStall  stm32f4xx_hal_pcd.o
    0x08021582   0x08021582   0x00000032   Code   RO          734    i.HAL_PCD_EP_Transmit  stm32f4xx_hal_pcd.o
    0x080215b4   0x080215b4   0x00000598   Code   RO          736    i.HAL_PCD_IRQHandler  stm32f4xx_hal_pcd.o
    0x08021b4c   0x08021b4c   0x00000008   Code   RO         5746    i.HAL_PCD_ISOINIncompleteCallback  usbd_conf.o
    0x08021b54   0x08021b54   0x00000008   Code   RO         5747    i.HAL_PCD_ISOOUTIncompleteCallback  usbd_conf.o
    0x08021b5c   0x08021b5c   0x000000d8   Code   RO          739    i.HAL_PCD_Init      stm32f4xx_hal_pcd.o
    0x08021c34   0x08021c34   0x0000009c   Code   RO         5749    i.HAL_PCD_MspInit   usbd_conf.o
    0x08021cd0   0x08021cd0   0x00000026   Code   RO         5750    i.HAL_PCD_ResetCallback  usbd_conf.o
    0x08021cf6   0x08021cf6   0x00000008   Code   RO         5751    i.HAL_PCD_ResumeCallback  usbd_conf.o
    0x08021cfe   0x08021cfe   0x00000008   Code   RO         5752    i.HAL_PCD_SOFCallback  usbd_conf.o
    0x08021d06   0x08021d06   0x00000026   Code   RO          745    i.HAL_PCD_SetAddress  stm32f4xx_hal_pcd.o
    0x08021d2c   0x08021d2c   0x0000000e   Code   RO         5753    i.HAL_PCD_SetupStageCallback  usbd_conf.o
    0x08021d3a   0x08021d3a   0x00000042   Code   RO          748    i.HAL_PCD_Start     stm32f4xx_hal_pcd.o
    0x08021d7c   0x08021d7c   0x00000030   Code   RO         5754    i.HAL_PCD_SuspendCallback  usbd_conf.o
    0x08021dac   0x08021dac   0x00000260   Code   RO         1439    i.HAL_RCCEx_PeriphCLKConfig  stm32f4xx_hal_rcc_ex.o
    0x0802200c   0x0802200c   0x00000134   Code   RO         1334    i.HAL_RCC_ClockConfig  stm32f4xx_hal_rcc.o
    0x08022140   0x08022140   0x00000040   Code   RO         1338    i.HAL_RCC_GetClockConfig  stm32f4xx_hal_rcc.o
    0x08022180   0x08022180   0x0000000c   Code   RO         1339    i.HAL_RCC_GetHCLKFreq  stm32f4xx_hal_rcc.o
    0x0802218c   0x0802218c   0x00000020   Code   RO         1341    i.HAL_RCC_GetPCLK1Freq  stm32f4xx_hal_rcc.o
    0x080221ac   0x080221ac   0x00000020   Code   RO         1342    i.HAL_RCC_GetPCLK2Freq  stm32f4xx_hal_rcc.o
    0x080221cc   0x080221cc   0x00000060   Code   RO         1343    i.HAL_RCC_GetSysClockFreq  stm32f4xx_hal_rcc.o
    0x0802222c   0x0802222c   0x00000380   Code   RO         1443    i.HAL_RCC_OscConfig  stm32f4xx_hal_rcc_ex.o
    0x080225ac   0x080225ac   0x00000002   Code   RO         2568    i.HAL_SPI_ErrorCallback  stm32f4xx_hal_spi.o
    0x080225ae   0x080225ae   0x00000002   PAD
    0x080225b0   0x080225b0   0x000000fc   Code   RO         2571    i.HAL_SPI_IRQHandler  stm32f4xx_hal_spi.o
    0x080226ac   0x080226ac   0x000000bc   Code   RO         2572    i.HAL_SPI_Init      stm32f4xx_hal_spi.o
    0x08022768   0x08022768   0x00000078   Code   RO          407    i.HAL_SPI_MspDeInit  spi.o
    0x080227e0   0x080227e0   0x00000160   Code   RO          408    i.HAL_SPI_MspInit   spi.o
    0x08022940   0x08022940   0x00000156   Code   RO         2575    i.HAL_SPI_Receive   stm32f4xx_hal_spi.o
    0x08022a96   0x08022a96   0x0000016e   Code   RO         2580    i.HAL_SPI_Transmit  stm32f4xx_hal_spi.o
    0x08022c04   0x08022c04   0x000001ee   Code   RO         2581    i.HAL_SPI_TransmitReceive  stm32f4xx_hal_spi.o
    0x08022df2   0x08022df2   0x00000002   Code   RO         3589    i.HAL_TIMEx_BreakCallback  stm32f4xx_hal_tim_ex.o
    0x08022df4   0x08022df4   0x00000002   Code   RO         3590    i.HAL_TIMEx_CommutCallback  stm32f4xx_hal_tim_ex.o
    0x08022df6   0x08022df6   0x0000005a   Code   RO         2885    i.HAL_TIM_Base_Init  stm32f4xx_hal_tim.o
    0x08022e50   0x08022e50   0x00000002   Code   RO         2887    i.HAL_TIM_Base_MspInit  stm32f4xx_hal_tim.o
    0x08022e52   0x08022e52   0x00000002   PAD
    0x08022e54   0x08022e54   0x00000080   Code   RO         2890    i.HAL_TIM_Base_Start_IT  stm32f4xx_hal_tim.o
    0x08022ed4   0x08022ed4   0x00000002   Code   RO         2919    i.HAL_TIM_IC_CaptureCallback  stm32f4xx_hal_tim.o
    0x08022ed6   0x08022ed6   0x00000130   Code   RO         2933    i.HAL_TIM_IRQHandler  stm32f4xx_hal_tim.o
    0x08023006   0x08023006   0x00000002   Code   RO         2936    i.HAL_TIM_OC_DelayElapsedCallback  stm32f4xx_hal_tim.o
    0x08023008   0x08023008   0x00000002   Code   RO         2963    i.HAL_TIM_PWM_PulseFinishedCallback  stm32f4xx_hal_tim.o
    0x0802300a   0x0802300a   0x00000002   PAD
    0x0802300c   0x0802300c   0x00000014   Code   RO           14    i.HAL_TIM_PeriodElapsedCallback  main.o
    0x08023020   0x08023020   0x00000002   Code   RO         2976    i.HAL_TIM_TriggerCallback  stm32f4xx_hal_tim.o
    0x08023022   0x08023022   0x00000064   Code   RO         3886    i.HAL_UART_Init     stm32f4xx_hal_uart.o
    0x08023086   0x08023086   0x00000002   PAD
    0x08023088   0x08023088   0x000000e8   Code   RO          462    i.HAL_UART_MspInit  usart.o
    0x08023170   0x08023170   0x00000002   Code   RO          548    i.HardFault_Handler  stm32f4xx_it.o
    0x08023172   0x08023172   0x00000002   PAD
    0x08023174   0x08023174   0x00000038   Code   RO         5585    i.IntToUnicode      usbd_desc.o
    0x080231ac   0x080231ac   0x0000005c   Code   RO          383    i.MX_DMA_Init       dma.o
    0x08023208   0x08023208   0x00000054   Code   RO          326    i.MX_FREERTOS_Init  freertos.o
    0x0802325c   0x0802325c   0x0000007c   Code   RO          298    i.MX_GPIO_Init      gpio.o
    0x080232d8   0x080232d8   0x0000004c   Code   RO          409    i.MX_SPI1_Init      spi.o
    0x08023324   0x08023324   0x0000004c   Code   RO          410    i.MX_SPI2_Init      spi.o
    0x08023370   0x08023370   0x0000005c   Code   RO          463    i.MX_USART1_UART_Init  usart.o
    0x080233cc   0x080233cc   0x00000054   Code   RO         5554    i.MX_USB_DEVICE_Init  usb_device.o
    0x08023420   0x08023420   0x00000002   Code   RO          549    i.MemManage_Handler  stm32f4xx_it.o
    0x08023422   0x08023422   0x00000002   Code   RO          550    i.NMI_Handler       stm32f4xx_it.o
    0x08023424   0x08023424   0x0000000c   Code   RO          551    i.OTG_FS_IRQHandler  stm32f4xx_it.o
    0x08023430   0x08023430   0x000000cc   Code   RO          752    i.PCD_EP_OutXfrComplete_int  stm32f4xx_hal_pcd.o
    0x080234fc   0x080234fc   0x000000a2   Code   RO          753    i.PCD_WriteEmptyTxFifo  stm32f4xx_hal_pcd.o
    0x0802359e   0x0802359e   0x00000002   PAD
    0x080235a0   0x080235a0   0x0000000c   Code   RO          552    i.SPI1_IRQHandler   stm32f4xx_it.o
    0x080235ac   0x080235ac   0x0000000c   Code   RO          553    i.SPI2_IRQHandler   stm32f4xx_it.o
    0x080235b8   0x080235b8   0x00000010   Code   RO         2599    i.SPI_DMAAbortOnError  stm32f4xx_hal_spi.o
    0x080235c8   0x080235c8   0x0000005c   Code   RO         2609    i.SPI_EndRxTransaction  stm32f4xx_hal_spi.o
    0x08023624   0x08023624   0x0000006c   Code   RO         2610    i.SPI_EndRxTxTransaction  stm32f4xx_hal_spi.o
    0x08023690   0x08023690   0x0000001c   Code   RO          411    i.SPI_ReadWriteByte  spi.o
    0x080236ac   0x080236ac   0x0000047c   Code   RO         7557    i.SPI_SRAM_PUF_FILE  sram_func.o
    0x08023b28   0x08023b28   0x00000064   Code   RO         7558    i.SPI_SRAM_PUF_FILE_LABEL  sram_func.o
    0x08023b8c   0x08023b8c   0x000001f4   Code   RO         7559    i.SPI_SRAM_PUF_Init  sram_func.o
    0x08023d80   0x08023d80   0x00000090   Code   RO         7560    i.SPI_SRAM_PUF_STRONG  sram_func.o
    0x08023e10   0x08023e10   0x000000a8   Code   RO         7561    i.SPI_SRAM_PUF_Stable_Output  sram_func.o
    0x08023eb8   0x08023eb8   0x000000b8   Code   RO         2615    i.SPI_WaitFlagStateUntilTimeout  stm32f4xx_hal_spi.o
    0x08023f70   0x08023f70   0x0000000a   Code   RO         6113    i.SWAPBYTE          usbd_ctlreq.o
    0x08023f7a   0x08023f7a   0x0000000c   Code   RO          327    i.StartDefaultTask  freertos.o
    0x08023f86   0x08023f86   0x00000002   PAD
    0x08023f88   0x08023f88   0x0000002c   Code   RO         5475    i.SysTick_Handler   port.o
    0x08023fb4   0x08023fb4   0x00000094   Code   RO           15    i.SystemClock_Config  main.o
    0x08024048   0x08024048   0x0000001c   Code   RO         4220    i.SystemInit        system_stm32f4xx.o
    0x08024064   0x08024064   0x0000000c   Code   RO          554    i.TIM1_UP_TIM10_IRQHandler  stm32f4xx_it.o
    0x08024070   0x08024070   0x000000d8   Code   RO         2978    i.TIM_Base_SetConfig  stm32f4xx_hal_tim.o
    0x08024148   0x08024148   0x0000010c   Code   RO         3912    i.UART_SetConfig    stm32f4xx_hal_uart.o
    0x08024254   0x08024254   0x00000004   Code   RO          555    i.USART1_IRQHandler  stm32f4xx_it.o
    0x08024258   0x08024258   0x00000090   Code   RO          464    i.USART1_IRQHandler_user  usart.o
    0x080242e8   0x080242e8   0x00000076   Code   RO         6246    i.USBD_CDC_DataIn   usbd_cdc.o
    0x0802435e   0x0802435e   0x0000003c   Code   RO         6247    i.USBD_CDC_DataOut  usbd_cdc.o
    0x0802439a   0x0802439a   0x00000002   PAD
    0x0802439c   0x0802439c   0x00000090   Code   RO         6248    i.USBD_CDC_DeInit   usbd_cdc.o
    0x0802442c   0x0802442c   0x00000036   Code   RO         6249    i.USBD_CDC_EP0_RxReady  usbd_cdc.o
    0x08024462   0x08024462   0x00000002   PAD
    0x08024464   0x08024464   0x0000000c   Code   RO         6250    i.USBD_CDC_GetDeviceQualifierDescriptor  usbd_cdc.o
    0x08024470   0x08024470   0x0000003c   Code   RO         6251    i.USBD_CDC_GetFSCfgDesc  usbd_cdc.o
    0x080244ac   0x080244ac   0x00000040   Code   RO         6252    i.USBD_CDC_GetHSCfgDesc  usbd_cdc.o
    0x080244ec   0x080244ec   0x0000003c   Code   RO         6253    i.USBD_CDC_GetOtherSpeedCfgDesc  usbd_cdc.o
    0x08024528   0x08024528   0x00000118   Code   RO         6254    i.USBD_CDC_Init     usbd_cdc.o
    0x08024640   0x08024640   0x00000038   Code   RO         6255    i.USBD_CDC_ReceivePacket  usbd_cdc.o
    0x08024678   0x08024678   0x00000016   Code   RO         6256    i.USBD_CDC_RegisterInterface  usbd_cdc.o
    0x0802468e   0x0802468e   0x0000001a   Code   RO         6257    i.USBD_CDC_SetRxBuffer  usbd_cdc.o
    0x080246a8   0x080246a8   0x0000001e   Code   RO         6258    i.USBD_CDC_SetTxBuffer  usbd_cdc.o
    0x080246c6   0x080246c6   0x000000d4   Code   RO         6259    i.USBD_CDC_Setup    usbd_cdc.o
    0x0802479a   0x0802479a   0x00000002   PAD
    0x0802479c   0x0802479c   0x00000050   Code   RO         6260    i.USBD_CDC_TransmitPacket  usbd_cdc.o
    0x080247ec   0x080247ec   0x00000014   Code   RO         5954    i.USBD_ClrClassConfig  usbd_core.o
    0x08024800   0x08024800   0x00000004   Code   RO         5955    i.USBD_CoreFindEP   usbd_core.o
    0x08024804   0x08024804   0x00000004   Code   RO         5956    i.USBD_CoreFindIF   usbd_core.o
    0x08024808   0x08024808   0x00000010   Code   RO         6186    i.USBD_CtlContinueRx  usbd_ioreq.o
    0x08024818   0x08024818   0x00000010   Code   RO         6187    i.USBD_CtlContinueSendData  usbd_ioreq.o
    0x08024828   0x08024828   0x00000016   Code   RO         6114    i.USBD_CtlError     usbd_ctlreq.o
    0x0802483e   0x0802483e   0x0000001e   Code   RO         6188    i.USBD_CtlPrepareRx  usbd_ioreq.o
    0x0802485c   0x0802485c   0x00000016   Code   RO         6189    i.USBD_CtlReceiveStatus  usbd_ioreq.o
    0x08024872   0x08024872   0x0000001a   Code   RO         6190    i.USBD_CtlSendData  usbd_ioreq.o
    0x0802488c   0x0802488c   0x00000016   Code   RO         6191    i.USBD_CtlSendStatus  usbd_ioreq.o
    0x080248a2   0x080248a2   0x00000002   PAD
    0x080248a4   0x080248a4   0x00000020   Code   RO         5586    i.USBD_FS_ConfigStrDescriptor  usbd_desc.o
    0x080248c4   0x080248c4   0x0000000c   Code   RO         5587    i.USBD_FS_DeviceDescriptor  usbd_desc.o
    0x080248d0   0x080248d0   0x00000024   Code   RO         5588    i.USBD_FS_InterfaceStrDescriptor  usbd_desc.o
    0x080248f4   0x080248f4   0x0000000c   Code   RO         5589    i.USBD_FS_LangIDStrDescriptor  usbd_desc.o
    0x08024900   0x08024900   0x00000028   Code   RO         5590    i.USBD_FS_ManufacturerStrDescriptor  usbd_desc.o
    0x08024928   0x08024928   0x0000002c   Code   RO         5591    i.USBD_FS_ProductStrDescriptor  usbd_desc.o
    0x08024954   0x08024954   0x00000038   Code   RO         5592    i.USBD_FS_SerialStrDescriptor  usbd_desc.o
    0x0802498c   0x0802498c   0x0000000c   Code   RO         5593    i.USBD_FS_USR_BOSDescriptor  usbd_desc.o
    0x08024998   0x08024998   0x000000fa   Code   RO         6115    i.USBD_GetDescriptor  usbd_ctlreq.o
    0x08024a92   0x08024a92   0x0000003a   Code   RO         5958    i.USBD_GetEpDesc    usbd_core.o
    0x08024acc   0x08024acc   0x0000000e   Code   RO         5959    i.USBD_GetNextDesc  usbd_core.o
    0x08024ada   0x08024ada   0x00000048   Code   RO         6116    i.USBD_GetString    usbd_ctlreq.o
    0x08024b22   0x08024b22   0x00000018   Code   RO         5755    i.USBD_Get_USB_Status  usbd_conf.o
    0x08024b3a   0x08024b3a   0x00000026   Code   RO         5960    i.USBD_Init         usbd_core.o
    0x08024b60   0x08024b60   0x00000012   Code   RO         5756    i.USBD_LL_ClearStallEP  usbd_conf.o
    0x08024b72   0x08024b72   0x00000012   Code   RO         5757    i.USBD_LL_CloseEP   usbd_conf.o
    0x08024b84   0x08024b84   0x000000b6   Code   RO         5961    i.USBD_LL_DataInStage  usbd_core.o
    0x08024c3a   0x08024c3a   0x0000008e   Code   RO         5962    i.USBD_LL_DataOutStage  usbd_core.o
    0x08024cc8   0x08024cc8   0x00000004   Code   RO         5963    i.USBD_LL_DevConnected  usbd_core.o
    0x08024ccc   0x08024ccc   0x0000001e   Code   RO         5964    i.USBD_LL_DevDisconnected  usbd_core.o
    0x08024cea   0x08024cea   0x00000008   Code   RO         5761    i.USBD_LL_GetRxDataSize  usbd_conf.o
    0x08024cf2   0x08024cf2   0x00000002   PAD
    0x08024cf4   0x08024cf4   0x00000060   Code   RO         5762    i.USBD_LL_Init      usbd_conf.o
    0x08024d54   0x08024d54   0x0000001e   Code   RO         5763    i.USBD_LL_IsStallEP  usbd_conf.o
    0x08024d72   0x08024d72   0x00000028   Code   RO         5965    i.USBD_LL_IsoINIncomplete  usbd_core.o
    0x08024d9a   0x08024d9a   0x00000028   Code   RO         5966    i.USBD_LL_IsoOUTIncomplete  usbd_core.o
    0x08024dc2   0x08024dc2   0x00000018   Code   RO         5764    i.USBD_LL_OpenEP    usbd_conf.o
    0x08024dda   0x08024dda   0x00000012   Code   RO         5765    i.USBD_LL_PrepareReceive  usbd_conf.o
    0x08024dec   0x08024dec   0x0000005c   Code   RO         5967    i.USBD_LL_Reset     usbd_core.o
    0x08024e48   0x08024e48   0x00000014   Code   RO         5968    i.USBD_LL_Resume    usbd_core.o
    0x08024e5c   0x08024e5c   0x0000001a   Code   RO         5969    i.USBD_LL_SOF       usbd_core.o
    0x08024e76   0x08024e76   0x00000006   Code   RO         5970    i.USBD_LL_SetSpeed  usbd_core.o
    0x08024e7c   0x08024e7c   0x00000012   Code   RO         5766    i.USBD_LL_SetUSBAddress  usbd_conf.o
    0x08024e8e   0x08024e8e   0x00000060   Code   RO         5971    i.USBD_LL_SetupStage  usbd_core.o
    0x08024eee   0x08024eee   0x00000012   Code   RO         5767    i.USBD_LL_StallEP   usbd_conf.o
    0x08024f00   0x08024f00   0x00000012   Code   RO         5768    i.USBD_LL_Start     usbd_conf.o
    0x08024f12   0x08024f12   0x0000001a   Code   RO         5972    i.USBD_LL_Suspend   usbd_core.o
    0x08024f2c   0x08024f2c   0x00000012   Code   RO         5770    i.USBD_LL_Transmit  usbd_conf.o
    0x08024f3e   0x08024f3e   0x0000002c   Code   RO         6117    i.USBD_ParseSetupRequest  usbd_ctlreq.o
    0x08024f6a   0x08024f6a   0x0000003a   Code   RO         5973    i.USBD_RegisterClass  usbd_core.o
    0x08024fa4   0x08024fa4   0x00000014   Code   RO         5975    i.USBD_SetClassConfig  usbd_core.o
    0x08024fb8   0x08024fb8   0x000000b8   Code   RO         6118    i.USBD_SetConfig    usbd_ctlreq.o
    0x08025070   0x08025070   0x00000004   Code   RO         5976    i.USBD_Start        usbd_core.o
    0x08025074   0x08025074   0x0000012c   Code   RO         6119    i.USBD_StdDevReq    usbd_ctlreq.o
    0x080251a0   0x080251a0   0x00000160   Code   RO         6120    i.USBD_StdEPReq     usbd_ctlreq.o
    0x08025300   0x08025300   0x00000072   Code   RO         6121    i.USBD_StdItfReq    usbd_ctlreq.o
    0x08025372   0x08025372   0x00000002   Code   RO         5771    i.USBD_static_free  usbd_conf.o
    0x08025374   0x08025374   0x00000008   Code   RO         5772    i.USBD_static_malloc  usbd_conf.o
    0x0802537c   0x0802537c   0x00000080   Code   RO         1028    i.USB_ActivateEndpoint  stm32f4xx_ll_usb.o
    0x080253fc   0x080253fc   0x0000001c   Code   RO         1030    i.USB_ActivateSetup  stm32f4xx_ll_usb.o
    0x08025418   0x08025418   0x00000084   Code   RO         1032    i.USB_CoreInit      stm32f4xx_ll_usb.o
    0x0802549c   0x0802549c   0x0000003c   Code   RO         1033    i.USB_CoreReset     stm32f4xx_ll_usb.o
    0x080254d8   0x080254d8   0x000000cc   Code   RO         1036    i.USB_DeactivateEndpoint  stm32f4xx_ll_usb.o
    0x080255a4   0x080255a4   0x0000001c   Code   RO         1037    i.USB_DevConnect    stm32f4xx_ll_usb.o
    0x080255c0   0x080255c0   0x0000001c   Code   RO         1038    i.USB_DevDisconnect  stm32f4xx_ll_usb.o
    0x080255dc   0x080255dc   0x00000174   Code   RO         1039    i.USB_DevInit       stm32f4xx_ll_usb.o
    0x08025750   0x08025750   0x0000000c   Code   RO         1040    i.USB_DisableGlobalInt  stm32f4xx_ll_usb.o
    0x0802575c   0x0802575c   0x00000058   Code   RO         1043    i.USB_EP0_OutStart  stm32f4xx_ll_usb.o
    0x080257b4   0x080257b4   0x00000058   Code   RO         1044    i.USB_EPClearStall  stm32f4xx_ll_usb.o
    0x0802580c   0x0802580c   0x00000058   Code   RO         1045    i.USB_EPSetStall    stm32f4xx_ll_usb.o
    0x08025864   0x08025864   0x00000230   Code   RO         1046    i.USB_EPStartXfer   stm32f4xx_ll_usb.o
    0x08025a94   0x08025a94   0x0000009e   Code   RO         1047    i.USB_EPStopXfer    stm32f4xx_ll_usb.o
    0x08025b32   0x08025b32   0x0000000c   Code   RO         1048    i.USB_EnableGlobalInt  stm32f4xx_ll_usb.o
    0x08025b3e   0x08025b3e   0x00000038   Code   RO         1049    i.USB_FlushRxFifo   stm32f4xx_ll_usb.o
    0x08025b76   0x08025b76   0x0000003c   Code   RO         1050    i.USB_FlushTxFifo   stm32f4xx_ll_usb.o
    0x08025bb2   0x08025bb2   0x0000001a   Code   RO         1052    i.USB_GetDevSpeed   stm32f4xx_ll_usb.o
    0x08025bcc   0x08025bcc   0x00000008   Code   RO         1054    i.USB_GetMode       stm32f4xx_ll_usb.o
    0x08025bd4   0x08025bd4   0x0000000e   Code   RO         1062    i.USB_ReadDevAllInEpInterrupt  stm32f4xx_ll_usb.o
    0x08025be2   0x08025be2   0x0000000e   Code   RO         1063    i.USB_ReadDevAllOutEpInterrupt  stm32f4xx_ll_usb.o
    0x08025bf0   0x08025bf0   0x00000024   Code   RO         1064    i.USB_ReadDevInEPInterrupt  stm32f4xx_ll_usb.o
    0x08025c14   0x08025c14   0x00000010   Code   RO         1065    i.USB_ReadDevOutEPInterrupt  stm32f4xx_ll_usb.o
    0x08025c24   0x08025c24   0x00000008   Code   RO         1066    i.USB_ReadInterrupts  stm32f4xx_ll_usb.o
    0x08025c2c   0x08025c2c   0x0000003e   Code   RO         1067    i.USB_ReadPacket    stm32f4xx_ll_usb.o
    0x08025c6a   0x08025c6a   0x0000005c   Code   RO         1069    i.USB_SetCurrentMode  stm32f4xx_ll_usb.o
    0x08025cc6   0x08025cc6   0x00000022   Code   RO         1070    i.USB_SetDevAddress  stm32f4xx_ll_usb.o
    0x08025ce8   0x08025ce8   0x000000e8   Code   RO         1072    i.USB_SetTurnaroundTime  stm32f4xx_ll_usb.o
    0x08025dd0   0x08025dd0   0x00000028   Code   RO         1075    i.USB_WritePacket   stm32f4xx_ll_usb.o
    0x08025df8   0x08025df8   0x00000002   Code   RO          556    i.UsageFault_Handler  stm32f4xx_it.o
    0x08025dfa   0x08025dfa   0x00000002   PAD
    0x08025dfc   0x08025dfc   0x00000060   Code   RO         6352    i.W25X_Flash_PageProgram  w25xx_spi.o
    0x08025e5c   0x08025e5c   0x000000e4   Code   RO         6353    i.W25_FLASH_Erase   w25xx_spi.o
    0x08025f40   0x08025f40   0x00000028   Code   RO         6355    i.W25_FLASH_Write_Enable  w25xx_spi.o
    0x08025f68   0x08025f68   0x00000068   Code   RO         6357    i.W25_Flash_FastRead  w25xx_spi.o
    0x08025fd0   0x08025fd0   0x00000060   Code   RO         6359    i.W25_Flash_Read    w25xx_spi.o
    0x08026030   0x08026030   0x00000030   Code   RO         6362    i.W25_Flash_ReadSR  w25xx_spi.o
    0x08026060   0x08026060   0x0000000c   Code   RO         6363    i.W25_Flash_ReadWriteByte  w25xx_spi.o
    0x0802606c   0x0802606c   0x000000a0   Code   RO         6364    i.W25_Flash_Write   w25xx_spi.o
    0x0802610c   0x0802610c   0x0000003e   Code   RO         6365    i.W25_Flash_Write_NoCheck  w25xx_spi.o
    0x0802614a   0x0802614a   0x00000002   PAD
    0x0802614c   0x0802614c   0x00000020   Code   RO         7906    i.__0printf$8       mc_w.l(printf8.o)
    0x0802616c   0x0802616c   0x00000028   Code   RO         7908    i.__0sprintf$8      mc_w.l(printf8.o)
    0x08026194   0x08026194   0x00000020   Code   RO         2181    i.__NVIC_SetPriority  stm32f4xx_hal_cortex.o
    0x080261b4   0x080261b4   0x0000000e   Code   RO         8004    i.__scatterload_copy  mc_w.l(handlers.o)
    0x080261c2   0x080261c2   0x00000002   Code   RO         8005    i.__scatterload_null  mc_w.l(handlers.o)
    0x080261c4   0x080261c4   0x0000000e   Code   RO         8006    i.__scatterload_zeroinit  mc_w.l(handlers.o)
    0x080261d2   0x080261d2   0x00000002   PAD
    0x080261d4   0x080261d4   0x00000410   Code   RO         7913    i._printf_core      mc_w.l(printf8.o)
    0x080265e4   0x080265e4   0x00000024   Code   RO         7914    i._printf_post_padding  mc_w.l(printf8.o)
    0x08026608   0x08026608   0x0000002e   Code   RO         7915    i._printf_pre_padding  mc_w.l(printf8.o)
    0x08026636   0x08026636   0x0000000a   Code   RO         7917    i._sputc            mc_w.l(printf8.o)
    0x08026640   0x08026640   0x00000096   Code   RO         7366    i.bch_decoder       bch.o
    0x080266d6   0x080266d6   0x00000002   PAD
    0x080266d8   0x080266d8   0x00000044   Code   RO         7367    i.bch_encode        bch.o
    0x0802671c   0x0802671c   0x00000064   Code   RO         7368    i.bch_encoder       bch.o
    0x08026780   0x08026780   0x0000015c   Code   RO         7369    i.bch_repair        bch.o
    0x080268dc   0x080268dc   0x0000006c   Code   RO         7411    i.check_command     command_handler.o
    0x08026948   0x08026948   0x00000044   Code   RO         6505    i.check_goto_iap    task_uart1_recv.o
    0x0802698c   0x0802698c   0x00000088   Code   RO         7609    i.convert_usb_data_to_int  state_handler.o
    0x08026a14   0x08026a14   0x0000001e   Code   RO          466    i.dma_usart1_receive  usart.o
    0x08026a32   0x08026a32   0x00000002   PAD
    0x08026a34   0x08026a34   0x000000cc   Code   RO         7610    i.execute_state_action  state_handler.o
    0x08026b00   0x08026b00   0x00000024   Code   RO          469    i.fputc             usart.o
    0x08026b24   0x08026b24   0x00000018   Code   RO         7412    i.handleDBInitMode  command_handler.o
    0x08026b3c   0x08026b3c   0x00000018   Code   RO         7413    i.handleDefaultMode  command_handler.o
    0x08026b54   0x08026b54   0x00000018   Code   RO         7414    i.handleDelayMode   command_handler.o
    0x08026b6c   0x08026b6c   0x0000000c   Code   RO         7415    i.handleFileMode    command_handler.o
    0x08026b78   0x08026b78   0x00000024   Code   RO         7416    i.handleInitMode    command_handler.o
    0x08026b9c   0x08026b9c   0x00000068   Code   RO         7417    i.handleSourceMode  command_handler.o
    0x08026c04   0x08026c04   0x0000004c   Code   RO         7418    i.handleSourceSramMode  command_handler.o
    0x08026c50   0x08026c50   0x0000002c   Code   RO         7419    i.handleStatuMode   command_handler.o
    0x08026c7c   0x08026c7c   0x00000024   Code   RO         7420    i.handleStrongSramMode  command_handler.o
    0x08026ca0   0x08026ca0   0x00000080   Code   RO           16    i.main              main.o
    0x08026d20   0x08026d20   0x0000000c   Code   RO         5040    i.makeFreeRtosPriority  cmsis_os.o
    0x08026d2c   0x08026d2c   0x0000000e   Code   RO         5042    i.osDelay           cmsis_os.o
    0x08026d3a   0x08026d3a   0x0000000a   Code   RO         5045    i.osKernelStart     cmsis_os.o
    0x08026d44   0x08026d44   0x00000054   Code   RO         5079    i.osThreadCreate    cmsis_os.o
    0x08026d98   0x08026d98   0x00000070   Code   RO         4722    i.prvAddCurrentTaskToDelayedList  tasks.o
    0x08026e08   0x08026e08   0x000000d0   Code   RO         4723    i.prvAddNewTaskToReadyList  tasks.o
    0x08026ed8   0x08026ed8   0x00000026   Code   RO         4398    i.prvCopyDataFromQueue  queue.o
    0x08026efe   0x08026efe   0x0000006c   Code   RO         4399    i.prvCopyDataToQueue  queue.o
    0x08026f6a   0x08026f6a   0x00000034   Code   RO         4724    i.prvDeleteTCB      tasks.o
    0x08026f9e   0x08026f9e   0x00000002   PAD
    0x08026fa0   0x08026fa0   0x0000004c   Code   RO         5407    i.prvHeapInit       heap_4.o
    0x08026fec   0x08026fec   0x00000060   Code   RO         4725    i.prvIdleTask       tasks.o
    0x0802704c   0x0802704c   0x00000016   Code   RO         4401    i.prvInitialiseNewQueue  queue.o
    0x08027062   0x08027062   0x00000098   Code   RO         4726    i.prvInitialiseNewTask  tasks.o
    0x080270fa   0x080270fa   0x00000002   PAD
    0x080270fc   0x080270fc   0x0000004c   Code   RO         5408    i.prvInsertBlockIntoFreeList  heap_4.o
    0x08027148   0x08027148   0x0000001c   Code   RO         4402    i.prvIsQueueEmpty   queue.o
    0x08027164   0x08027164   0x00000020   Code   RO         4727    i.prvResetNextTaskUnblockTime  tasks.o
    0x08027184   0x08027184   0x00000028   Code   RO         5476    i.prvTaskExitError  port.o
    0x080271ac   0x080271ac   0x0000006a   Code   RO         4403    i.prvUnlockQueue    queue.o
    0x08027216   0x08027216   0x00000002   PAD
    0x08027218   0x08027218   0x000000dc   Code   RO         5409    i.pvPortMalloc      heap_4.o
    0x080272f4   0x080272f4   0x0000002c   Code   RO         5477    i.pxPortInitialiseStack  port.o
    0x08027320   0x08027320   0x0000014e   Code   RO         7517    i.sha512_final      sha512.o
    0x0802746e   0x0802746e   0x00000002   PAD
    0x08027470   0x08027470   0x00000090   Code   RO         7518    i.sha512_init       sha512.o
    0x08027500   0x08027500   0x00000394   Code   RO         7519    i.sha512_transform  sha512.o
    0x08027894   0x08027894   0x0000006a   Code   RO         7520    i.sha512_update     sha512.o
    0x080278fe   0x080278fe   0x00000002   PAD
    0x08027900   0x08027900   0x0000006c   Code   RO         6459    i.sram_read         sram_spi.o
    0x0802796c   0x0802796c   0x00000080   Code   RO         6460    i.sram_read_random  sram_spi.o
    0x080279ec   0x080279ec   0x00000048   Code   RO         6506    i.task_uart1_rx     task_uart1_recv.o
    0x08027a34   0x08027a34   0x00000040   Code   RO         6575    i.task_usb_rx       task_usb_recv.o
    0x08027a74   0x08027a74   0x0000001c   Code   RO         7421    i.usb_send          command_handler.o
    0x08027a90   0x08027a90   0x00000026   Code   RO         4358    i.uxListRemove      list.o
    0x08027ab6   0x08027ab6   0x00000002   PAD
    0x08027ab8   0x08027ab8   0x00000014   Code   RO          328    i.vApplicationGetIdleTaskMemory  freertos.o
    0x08027acc   0x08027acc   0x00000016   Code   RO         4359    i.vListInitialise   list.o
    0x08027ae2   0x08027ae2   0x00000006   Code   RO         4360    i.vListInitialiseItem  list.o
    0x08027ae8   0x08027ae8   0x00000030   Code   RO         4361    i.vListInsert       list.o
    0x08027b18   0x08027b18   0x00000018   Code   RO         4362    i.vListInsertEnd    list.o
    0x08027b30   0x08027b30   0x00000040   Code   RO         5479    i.vPortEnterCritical  port.o
    0x08027b70   0x08027b70   0x00000028   Code   RO         5480    i.vPortExitCritical  port.o
    0x08027b98   0x08027b98   0x00000064   Code   RO         5410    i.vPortFree         heap_4.o
    0x08027bfc   0x08027bfc   0x00000024   Code   RO         5481    i.vPortSetupTimerInterrupt  port.o
    0x08027c20   0x08027c20   0x00000054   Code   RO         5482    i.vPortValidateInterruptPriority  port.o
    0x08027c74   0x08027c74   0x0000004c   Code   RO         4736    i.vTaskDelay        tasks.o
    0x08027cc0   0x08027cc0   0x00000010   Code   RO         4739    i.vTaskInternalSetTimeOutState  tasks.o
    0x08027cd0   0x08027cd0   0x0000000c   Code   RO         4740    i.vTaskMissedYield  tasks.o
    0x08027cdc   0x08027cdc   0x00000030   Code   RO         4742    i.vTaskPlaceOnEventList  tasks.o
    0x08027d0c   0x08027d0c   0x0000006c   Code   RO         4749    i.vTaskStartScheduler  tasks.o
    0x08027d78   0x08027d78   0x00000010   Code   RO         4751    i.vTaskSuspendAll   tasks.o
    0x08027d88   0x08027d88   0x0000005c   Code   RO         4752    i.vTaskSwitchContext  tasks.o
    0x08027de4   0x08027de4   0x000000f4   Code   RO         5483    i.xPortStartScheduler  port.o
    0x08027ed8   0x08027ed8   0x00000042   Code   RO         4412    i.xQueueGenericCreate  queue.o
    0x08027f1a   0x08027f1a   0x00000002   PAD
    0x08027f1c   0x08027f1c   0x00000088   Code   RO         4414    i.xQueueGenericReset  queue.o
    0x08027fa4   0x08027fa4   0x000000be   Code   RO         4416    i.xQueueGenericSendFromISR  queue.o
    0x08028062   0x08028062   0x00000002   PAD
    0x08028064   0x08028064   0x00000138   Code   RO         4422    i.xQueueReceive     queue.o
    0x0802819c   0x0802819c   0x00000074   Code   RO         4754    i.xTaskCheckForTimeOut  tasks.o
    0x08028210   0x08028210   0x0000005a   Code   RO         4755    i.xTaskCreate       tasks.o
    0x0802826a   0x0802826a   0x00000056   Code   RO         4756    i.xTaskCreateStatic  tasks.o
    0x080282c0   0x080282c0   0x0000001c   Code   RO         4760    i.xTaskGetSchedulerState  tasks.o
    0x080282dc   0x080282dc   0x000000cc   Code   RO         4763    i.xTaskIncrementTick  tasks.o
    0x080283a8   0x080283a8   0x00000098   Code   RO         4766    i.xTaskPriorityDisinherit  tasks.o
    0x08028440   0x08028440   0x00000074   Code   RO         4768    i.xTaskRemoveFromEventList  tasks.o
    0x080284b4   0x080284b4   0x000000c4   Code   RO         4769    i.xTaskResumeAll    tasks.o
    0x08028578   0x08028578   0x00000054   Data   RO          330    .constdata          freertos.o
    0x080285cc   0x080285cc   0x00000008   Data   RO         1873    .constdata          stm32f4xx_hal_dma.o
    0x080285d4   0x080285d4   0x00000010   Data   RO         4221    .constdata          system_stm32f4xx.o
    0x080285e4   0x080285e4   0x00000008   Data   RO         4222    .constdata          system_stm32f4xx.o
    0x080285ec   0x080285ec   0x00000007   Data   RO         6463    .constdata          sram_spi.o
    0x080285f3   0x080285f3   0x00000005   PAD
    0x080285f8   0x080285f8   0x00000280   Data   RO         7521    .constdata          sha512.o
    0x08028878   0x08028878   0x00000081   Data   RO         7656    .constdata          mc_w.l(ctype_o.o)
    0x080288f9   0x080288f9   0x00000003   PAD
    0x080288fc   0x080288fc   0x00000004   Data   RO         7657    .constdata          mc_w.l(ctype_o.o)
    0x08028900   0x08028900   0x00000028   Data   RO          331    .conststring        freertos.o
    0x08028928   0x08028928   0x000000c2   Data   RO         7424    .conststring        command_handler.o
    0x080289ea   0x080289ea   0x00000002   PAD
    0x080289ec   0x080289ec   0x00000020   Data   RO         8002    Region$$Table       anon$$obj.o


    Execution Region RW_IRAM1 (Exec base: 0x20000000, Load base: 0x08028a0c, Size: 0x000132c8, Max: 0x00040000, ABSOLUTE, COMPRESSED[0x00000118])

    Exec Addr    Load Addr    Size         Type   Attr      Idx    E Section Name        Object

    0x20000000   COMPRESSED   0x00000008   Data   RW           17    .data               main.o
    0x20000008   COMPRESSED   0x00000004   Data   RW          332    .data               freertos.o
    0x2000000c   COMPRESSED   0x00000010   Data   RW          471    .data               usart.o
    0x2000001c   COMPRESSED   0x0000000c   Data   RW         2330    .data               stm32f4xx_hal.o
    0x20000028   COMPRESSED   0x00000004   Data   RW         4223    .data               system_stm32f4xx.o
    0x2000002c   COMPRESSED   0x0000003c   Data   RW         4772    .data               tasks.o
    0x20000068   COMPRESSED   0x00000020   Data   RW         5416    .data               heap_4.o
    0x20000088   COMPRESSED   0x0000000c   Data   RW         5484    .data               port.o
    0x20000094   COMPRESSED   0x00000020   Data   RW         5595    .data               usbd_desc.o
    0x200000b4   COMPRESSED   0x0000003e   Data   RW         5596    .data               usbd_desc.o
    0x200000f2   COMPRESSED   0x00000002   PAD
    0x200000f4   COMPRESSED   0x00000014   Data   RW         5690    .data               usbd_cdc_if.o
    0x20000108   COMPRESSED   0x00000004   Data   RW         5691    .data               usbd_cdc_if.o
    0x2000010c   COMPRESSED   0x00000001   Data   RW         6122    .data               usbd_ctlreq.o
    0x2000010d   COMPRESSED   0x00000003   PAD
    0x20000110   COMPRESSED   0x00000053   Data   RW         6261    .data               usbd_cdc.o
    0x20000163   COMPRESSED   0x00000001   PAD
    0x20000164   COMPRESSED   0x00000038   Data   RW         6262    .data               usbd_cdc.o
    0x2000019c   COMPRESSED   0x00000001   Data   RW         6508    .data               task_uart1_recv.o
    0x2000019d   COMPRESSED   0x00000003   PAD
    0x200001a0   COMPRESSED   0x00000070   Data   RW         7425    .data               command_handler.o
    0x20000210   COMPRESSED   0x00000004   Data   RW         7984    .data               mc_w.l(stdout.o)
    0x20000214        -       0x00000254   Zero   RW          329    .bss                freertos.o
    0x20000468        -       0x00000170   Zero   RW          412    .bss                spi.o
    0x200005d8        -       0x00000510   Zero   RW          470    .bss                usart.o
    0x20000ae8        -       0x00000048   Zero   RW          681    .bss                stm32f4xx_hal_timebase_tim.o
    0x20000b30        -       0x000000f0   Zero   RW         4771    .bss                tasks.o
    0x20000c20        -       0x0000f000   Zero   RW         5415    .bss                heap_4.o
    0x2000fc20        -       0x000002dc   Zero   RW         5555    .bss                usb_device.o
    0x2000fefc        -       0x00000200   Zero   RW         5594    .bss                usbd_desc.o
    0x200100fc        -       0x00000804   Zero   RW         5689    .bss                usbd_cdc_if.o
    0x20010900        -       0x00000704   Zero   RW         5773    .bss                usbd_conf.o
    0x20011004        -       0x00001000   Zero   RW         6366    .bss                w25xx_spi.o
    0x20012004        -       0x00000604   Zero   RW         6507    .bss                task_uart1_recv.o
    0x20012608        -       0x00000804   Zero   RW         6576    .bss                task_usb_recv.o
    0x20012e0c   COMPRESSED   0x00000004   PAD
    0x20012e10        -       0x000000b8   Zero   RW         7422    .bss                command_handler.o
    0x20012ec8        -       0x00000400   Zero   RW            1    STACK               startup_stm32f412rx.o


==============================================================================

Image component sizes


      Code (inc. data)   RO Data    RW Data    ZI Data      Debug   Object Name

       666          4          0          0          0       4630   bch.o
       120          0          0          0          0      23461   cmsis_os.o
       516        196        194        112        184       8946   command_handler.o
        92          4          0          0          0        838   dma.o
         0          0          0          0          0      20076   event_groups.o
       116         14        124          4        596       2866   freertos.o
       124          8          0          0          0        987   gpio.o
       472         24          0         32      61440       7547   heap_4.o
       138          0          0          0          0       3654   list.o
       300         24          0          8          0     711084   main.o
       786         82          0         12          0      12069   port.o
      1006          8          0          0          0      13842   queue.o
      1500         70        640          0          0       4196   sha512.o
       652         78          0          0        368       3976   spi.o
      2060        296          0          0          0       6933   sram_func.o
       236         20          7          0          0       2107   sram_spi.o
        36          8        452          0       1024        852   startup_stm32f412rx.o
       340         18          0          0          0       2933   state_handler.o
       116         18          0         12          0       8710   stm32f4xx_hal.o
       192         14          0          0          0      33836   stm32f4xx_hal_cortex.o
      1182         16          8          0          0       8271   stm32f4xx_hal_dma.o
       730         56          0          0          0       3150   stm32f4xx_hal_gpio.o
        56          4          0          0          0        906   stm32f4xx_hal_msp.o
      2644         14          0          0          0      13904   stm32f4xx_hal_pcd.o
       116          6          0          0          0       2666   stm32f4xx_hal_pcd_ex.o
       544         68          0          0          0       4965   stm32f4xx_hal_rcc.o
      1504         56          0          0          0       3352   stm32f4xx_hal_rcc_ex.o
      2044         20          0          0          0      10999   stm32f4xx_hal_spi.o
       748         74          0          0          0       7700   stm32f4xx_hal_tim.o
         4          0          0          0          0       1689   stm32f4xx_hal_tim_ex.o
       140         22          0          0         72       1479   stm32f4xx_hal_timebase_tim.o
       368         10          0          0          0       2100   stm32f4xx_hal_uart.o
       112         48          0          0          0       7328   stm32f4xx_it.o
      2684        116          0          0          0      23665   stm32f4xx_ll_usb.o
         0          0          0          0          0        392   stream_buffer.o
        28          8         24          4          0       1279   system_stm32f4xx.o
       140         32          0          1       1540      32467   task_uart1_recv.o
        64         10          0          0       2052        805   task_usb_recv.o
      2008        150          0         60        240      25566   tasks.o
       534         58          0         16       1296       5527   usart.o
        84         18          0          0        732        848   usb_device.o
      1278         36          0        139          0      14749   usbd_cdc.o
       144         28          0         24       2052       4653   usbd_cdc_if.o
       756         24          0          0       1796      18069   usbd_conf.o
       924          0          0          0          0      15883   usbd_core.o
      1348         20          0          1          0      15140   usbd_ctlreq.o
       300        108          0         94        512       7025   usbd_desc.o
       132          0          0          0          0       4660   usbd_ioreq.o
       846         74          0          0       4096       7439   w25xx_spi.o

    ----------------------------------------------------------------------
     30986       1962       1488        528      78004    1120219   Object Totals
         0          0         32          0          0          0   (incl. Generated)
        56          0          7          9          4          0   (incl. Padding)

    ----------------------------------------------------------------------

      Code (inc. data)   RO Data    RW Data    ZI Data      Debug   Library Member Name

        86          0          0          0          0          0   __dczerorl2.o
         8          4        133          0          0         68   ctype_o.o
         0          0          0          0          0          0   entry.o
         0          0          0          0          0          0   entry10a.o
         0          0          0          0          0          0   entry11a.o
         8          4          0          0          0          0   entry2.o
         4          0          0          0          0          0   entry5.o
         0          0          0          0          0          0   entry7b.o
         0          0          0          0          0          0   entry8b.o
         8          4          0          0          0          0   entry9a.o
        30          0          0          0          0          0   handlers.o
        36          8          0          0          0         68   init.o
         0          0          0          0          0          0   iusefp.o
        30          0          0          0          0         68   llshl.o
        36          0          0          0          0         68   llsshr.o
        32          0          0          0          0         68   llushr.o
        36          0          0          0          0         68   memcpya.o
        36          0          0          0          0        108   memseta.o
      1204         60          0          0          0        504   printf8.o
         0          0          0          4          0          0   stdout.o
        14          0          0          0          0         68   strlen.o
        30          0          0          0          0         80   strncmp.o
        98          0          0          0          0         92   uldiv.o
       334          0          0          0          0        148   dadd.o
       222          0          0          0          0        100   ddiv.o
       186          0          0          0          0        176   depilogue.o
        34          0          0          0          0         76   dflti.o
        26          0          0          0          0         76   dfltui.o
       228          0          0          0          0         96   dmul.o

    ----------------------------------------------------------------------
      2730         80        136          4          0       1932   Library Totals
         4          0          3          0          0          0   (incl. Padding)

    ----------------------------------------------------------------------

      Code (inc. data)   RO Data    RW Data    ZI Data      Debug   Library Name

      1696         80        133          4          0       1260   mc_w.l
      1030          0          0          0          0        672   mf_w.l

    ----------------------------------------------------------------------
      2730         80        136          4          0       1932   Library Totals

    ----------------------------------------------------------------------

==============================================================================


      Code (inc. data)   RO Data    RW Data    ZI Data      Debug   

     33716       2042       1624        532      78004    1090099   Grand Totals
     33716       2042       1624        280      78004    1090099   ELF Image Totals (compressed)
     33716       2042       1624        280          0          0   ROM Totals

==============================================================================

    Total RO  Size (Code + RO Data)                35340 (  34.51kB)
    Total RW  Size (RW Data + ZI Data)             78536 (  76.70kB)
    Total ROM Size (Code + RO Data + RW Data)      35620 (  34.79kB)

==============================================================================

